[12:57:40.464 EBOX]
TS=1786880028.637
V_SENSE5=1.30615234375
V_SENSE9=0.07568359375
V_SENSE12=0.1318359375
ADC_V5=4.89410400390625
ADC_V9=9.027099609375
ADC_V12=11.77947998046875
ADC_V28=29.70977783203125
THERMAL_SENS_OUT_1=21
THERMAL_SENS_OUT_2=-50
THERMAL_SENS_OUT_3=23
THERMAL_SENS_OUT_4=24
THERMAL_SENS_OUT_5=25
THERMAL_SENS_OUT_6=-50
THERMAL_SENS_INT_1=25
THERMAL_SENS_INT_2=27
PG_5=0
PG_9=0
PG_12=0
FLT_P2=0
FLT_P3=0
HEAT_1_TEMP=21
HEAT_1_DUTY=0
HEAT_1_SP=-20.0
HEAT_2_TEMP=23
HEAT_2_DUTY=0
HEAT_2_SP=-20.0
HEAT_3_TEMP=24
HEAT_3_DUTY=0
HEAT_3_SP=-20.0
HEAT_4_TEMP=25
HEAT_4_DUTY=0
HEAT_4_SP=-20.0
MOTOR_ANGLE=0.0003779069767441861
MOTOR_ACCUM=0.0003779069767441861
MOTOR_ROT=0

[12:57:42.381 EBOX]
TS=1786880030.639
V_SENSE5=1.24267578125
V_SENSE9=0.0390625
V_SENSE12=0.107421875
ADC_V5=4.88525390625
ADC_V9=9.38995361328125
ADC_V12=11.575927734375
ADC_V28=30.02838134765625
THERMAL_SENS_OUT_1=26
THERMAL_SENS_OUT_2=-50
THERMAL_SENS_OUT_3=23
THERMAL_SENS_OUT_4=24
THERMAL_SENS_OUT_5=27
THERMAL_SENS_OUT_6=-50
THERMAL_SENS_INT_1=25
THERMAL_SENS_INT_2=26
PG_5=0
PG_9=0
PG_12=0
FLT_P2=0
FLT_P3=0
HEAT_1_TEMP=26
HEAT_1_DUTY=0
HEAT_1_SP=-20.0
HEAT_2_TEMP=23
HEAT_2_DUTY=0
HEAT_2_SP=-20.0
HEAT_3_TEMP=24
HEAT_3_DUTY=0
HEAT_3_SP=-20.0
HEAT_4_TEMP=27
HEAT_4_DUTY=0
HEAT_4_SP=-20.0
MOTOR_ANGLE=0.0003779069767441861
MOTOR_ACCUM=0.0003779069767441861
MOTOR_ROT=0

[12:57:44.440 EBOX]
TS=1786880032.643
V_SENSE5=1.279296875
V_SENSE9=0.048828125
V_SENSE12=0.18310546875
ADC_V5=4.991455078125
ADC_V9=9.21295166015625
ADC_V12=11.93878173828125
ADC_V28=31.2408447265625
THERMAL_SENS_OUT_1=22
THERMAL_SENS_OUT_2=-50
THERMAL_SENS_OUT_3=26
THERMAL_SENS_OUT_4=24
THERMAL_SENS_OUT_5=24
THERMAL_SENS_OUT_6=-50
THERMAL_SENS_INT_1=24
THERMAL_SENS_INT_2=25
PG_5=0
PG_9=0
PG_12=0
FLT_P2=0
FLT_P3=0
HEAT_1_TEMP=22
HEAT_1_DUTY=0
HEAT_1_SP=-20.0
HEAT_2_TEMP=26
HEAT_2_DUTY=0
HEAT_2_SP=-20.0
HEAT_3_TEMP=24
HEAT_3_DUTY=0
HEAT_3_SP=-20.0
HEAT_4_TEMP=24
HEAT_4_DUTY=0
HEAT_4_SP=-20.0
MOTOR_ANGLE=0.0003779069767441861
MOTOR_ACCUM=0.0003779069767441861
MOTOR_ROT=0

[12:57:45.663 CUBESAT]
TS=1786202517.137
PG_5=1
PG_9=0
PG_12=0
FLT_P2=0
FLT_P3=0
HEAT_1_TEMP=0.0
HEAT_1_DUTY=0
HEAT_1_SP=-20.0
ENC_RAW=10979
ENC_ANGLE=241.23779296875
ENC_ACCUM=-0.02197265625
AUTO_STOP=1
MOTOR_ANGLE=-0.0003779069767441861
MOTOR_ACCUM=-0.0003779069767441861
MOTOR_ROT=0

[12:57:46.461 EBOX]
TS=1786880034.642
V_SENSE5=1.220703125
V_SENSE9=0.0390625
V_SENSE12=0.11962890625
ADC_V5=4.85870361328125
ADC_V9=9.6466064453125
ADC_V12=11.859130859375
ADC_V28=31.2054443359375
THERMAL_SENS_OUT_1=22
THERMAL_SENS_OUT_2=-50
THERMAL_SENS_OUT_3=23
THERMAL_SENS_OUT_4=25
THERMAL_SENS_OUT_5=25
THERMAL_SENS_OUT_6=-50
THERMAL_SENS_INT_1=29
THERMAL_SENS_INT_2=25
PG_5=0
PG_9=0
PG_12=0
FLT_P2=0
FLT_P3=0
HEAT_1_TEMP=22
HEAT_1_DUTY=0
HEAT_1_SP=-20.0
HEAT_2_TEMP=23
HEAT_2_DUTY=0
HEAT_2_SP=-20.0
HEAT_3_TEMP=25
HEAT_3_DUTY=0
HEAT_3_SP=-20.0
HEAT_4_TEMP=25
HEAT_4_DUTY=0
HEAT_4_SP=-20.0
MOTOR_ANGLE=0.0003779069767441861
MOTOR_ACCUM=0.0003779069767441861
MOTOR_ROT=0

[12:57:47.599 CUBESAT]
TS=1786202519.139
PG_5=1
PG_9=0
PG_12=0
FLT_P2=0
FLT_P3=0
HEAT_1_TEMP=0.0
HEAT_1_DUTY=10
HEAT_1_SP=-20.0
ENC_RAW=10979
ENC_ANGLE=241.23779296875
ENC_ACCUM=-0.02197265625
AUTO_STOP=1
MOTOR_ANGLE=-0.0003779069767441861
MOTOR_ACCUM=-0.0003779069767441861
MOTOR_ROT=0

[12:57:48.482 EBOX]
TS=1786880036.650
V_SENSE5=1.14501953125
V_SENSE9=0.0390625
V_SENSE12=0.12451171875
ADC_V5=4.85870361328125
ADC_V9=9.67315673828125
ADC_V12=11.8768310546875
ADC_V28=31.93115234375
THERMAL_SENS_OUT_1=22
THERMAL_SENS_OUT_2=-50
THERMAL_SENS_OUT_3=25
THERMAL_SENS_OUT_4=27
THERMAL_SENS_OUT_5=25
THERMAL_SENS_OUT_6=-50
THERMAL_SENS_INT_1=28
THERMAL_SENS_INT_2=27
PG_5=0
PG_9=0
PG_12=0
FLT_P2=0
FLT_P3=0
HEAT_1_TEMP=22
HEAT_1_DUTY=0
HEAT_1_SP=-20.0
HEAT_2_TEMP=25
HEAT_2_DUTY=0
HEAT_2_SP=-20.0
HEAT_3_TEMP=27
HEAT_3_DUTY=0
HEAT_3_SP=-20.0
HEAT_4_TEMP=25
HEAT_4_DUTY=0
HEAT_4_SP=-20.0
MOTOR_ANGLE=0.0003779069767441861
MOTOR_ACCUM=0.0003779069767441861
MOTOR_ROT=0

[12:57:49.613 CUBESAT]
TS=1786202521.142
PG_5=1
PG_9=0
PG_12=0
FLT_P2=0
FLT_P3=0
HEAT_1_TEMP=0.0
HEAT_1_DUTY=0
HEAT_1_SP=-20.0
ENC_RAW=10979
ENC_ANGLE=241.23779296875
ENC_ACCUM=-0.02197265625
AUTO_STOP=1
MOTOR_ANGLE=-0.0003779069767441861
MOTOR_ACCUM=-0.0003779069767441861
MOTOR_ROT=0

[12:57:50.422 EBOX]
TS=1786880038.647
V_SENSE5=1.29638671875
V_SENSE9=0.0341796875
V_SENSE12=0.1123046875
ADC_V5=4.9029541015625
ADC_V9=9.239501953125
ADC_V12=11.5936279296875
ADC_V28=32.0904541015625
THERMAL_SENS_OUT_1=22
THERMAL_SENS_OUT_2=-50
THERMAL_SENS_OUT_3=24
THERMAL_SENS_OUT_4=27
THERMAL_SENS_OUT_5=24
THERMAL_SENS_OUT_6=-50
THERMAL_SENS_INT_1=25
THERMAL_SENS_INT_2=28
PG_5=0
PG_9=0
PG_12=0
FLT_P2=0
FLT_P3=0
HEAT_1_TEMP=22
HEAT_1_DUTY=0
HEAT_1_SP=-20.0
HEAT_2_TEMP=24
HEAT_2_DUTY=0
HEAT_2_SP=-20.0
HEAT_3_TEMP=27
HEAT_3_DUTY=0
HEAT_3_SP=-20.0
HEAT_4_TEMP=24
HEAT_4_DUTY=0
HEAT_4_SP=-20.0
MOTOR_ANGLE=0.0003779069767441861
MOTOR_ACCUM=0.0003779069767441861
MOTOR_ROT=0

[12:57:51.633 CUBESAT]
TS=1786202523.144
PG_5=1
PG_9=0
PG_12=0
FLT_P2=0
FLT_P3=0
HEAT_1_TEMP=0.0
HEAT_1_DUTY=0
HEAT_1_SP=-20.0
ENC_RAW=10978
ENC_ANGLE=241.2158203125
ENC_ACCUM=-0.0439453125
AUTO_STOP=1
MOTOR_ANGLE=-0.0003779069767441861
MOTOR_ACCUM=-0.0003779069767441861
MOTOR_ROT=0

[12:57:52.443 EBOX]
TS=1786880040.648
V_SENSE5=1.28662109375
V_SENSE9=0.0341796875
V_SENSE12=0.11474609375
ADC_V5=4.82330322265625
ADC_V9=9.01824951171875
ADC_V12=11.9122314453125
ADC_V28=29.7894287109375
THERMAL_SENS_OUT_1=21
THERMAL_SENS_OUT_2=-50
THERMAL_SENS_OUT_3=24
THERMAL_SENS_OUT_4=28
THERMAL_SENS_OUT_5=26
THERMAL_SENS_OUT_6=-50
THERMAL_SENS_INT_1=27
THERMAL_SENS_INT_2=28
PG_5=0
PG_9=0
PG_12=0
FLT_P2=0
FLT_P3=0
HEAT_1_TEMP=21
HEAT_1_DUTY=0
HEAT_1_SP=-20.0
HEAT_2_TEMP=24
HEAT_2_DUTY=0
HEAT_2_SP=-20.0
HEAT_3_TEMP=28
HEAT_3_DUTY=0
HEAT_3_SP=-20.0
HEAT_4_TEMP=26
HEAT_4_DUTY=0
HEAT_4_SP=-20.0
MOTOR_ANGLE=0.0003779069767441861
MOTOR_ACCUM=0.0003779069767441861
MOTOR_ROT=0

[12:57:53.656 CUBESAT]
TS=1786202525.145
PG_5=1
PG_9=0
PG_12=0
FLT_P2=0
FLT_P3=0
HEAT_1_TEMP=0.0
HEAT_1_DUTY=0
HEAT_1_SP=-20.0
ENC_RAW=10983
ENC_ANGLE=241.32568359375
ENC_ACCUM=0.06591796875
AUTO_STOP=1
MOTOR_ANGLE=-0.0003779069767441861
MOTOR_ACCUM=-0.0003779069767441861
MOTOR_ROT=0

[12:57:54.484 EBOX]
TS=1786880042.653
V_SENSE5=1.2939453125
V_SENSE9=0.0341796875
V_SENSE12=0.1171875
ADC_V5=5.00030517578125
ADC_V9=9.3988037109375
ADC_V12=11.8060302734375
ADC_V28=29.6832275390625
THERMAL_SENS_OUT_1=21
THERMAL_SENS_OUT_2=-50
THERMAL_SENS_OUT_3=27
THERMAL_SENS_OUT_4=21
THERMAL_SENS_OUT_5=29
THERMAL_SENS_OUT_6=-50
THERMAL_SENS_INT_1=29
THERMAL_SENS_INT_2=27
PG_5=0
PG_9=0
PG_12=0
FLT_P2=0
FLT_P3=0
HEAT_1_TEMP=21
HEAT_1_DUTY=0
HEAT_1_SP=-20.0
HEAT_2_TEMP=27
HEAT_2_DUTY=0
HEAT_2_SP=-20.0
HEAT_3_TEMP=21
HEAT_3_DUTY=0
HEAT_3_SP=-20.0
HEAT_4_TEMP=29
HEAT_4_DUTY=0
HEAT_4_SP=-20.0
MOTOR_ANGLE=0.0003779069767441861
MOTOR_ACCUM=0.0003779069767441861
MOTOR_ROT=0

[12:57:55.703 CUBESAT]
TS=1786202527.147
PG_5=1
PG_9=0
PG_12=0
FLT_P2=0
FLT_P3=0
HEAT_1_TEMP=0.0
HEAT_1_DUTY=0
HEAT_1_SP=-20.0
ENC_RAW=10980
ENC_ANGLE=241.259765625
ENC_ACCUM=0.0
AUTO_STOP=1
MOTOR_ANGLE=-0.0003779069767441861
MOTOR_ACCUM=-0.0003779069767441861
MOTOR_ROT=0

[12:57:56.406 EBOX]
TS=1786880044.652
V_SENSE5=1.15478515625
V_SENSE9=0.03662109375
V_SENSE12=0.126953125
ADC_V5=5.00030517578125
ADC_V9=9.17755126953125
ADC_V12=11.85028076171875
ADC_V28=29.70977783203125
THERMAL_SENS_OUT_1=20
THERMAL_SENS_OUT_2=-50
THERMAL_SENS_OUT_3=22
THERMAL_SENS_OUT_4=26
THERMAL_SENS_OUT_5=24
THERMAL_SENS_OUT_6=-50
THERMAL_SENS_INT_1=26
THERMAL_SENS_INT_2=30
PG_5=0
PG_9=0
PG_12=0
FLT_P2=0
FLT_P3=0
HEAT_1_TEMP=20
HEAT_1_DUTY=0
HEAT_1_SP=-20.0
HEAT_2_TEMP=22
HEAT_2_DUTY=0
HEAT_2_SP=-20.0
HEAT_3_TEMP=26
HEAT_3_DUTY=0
HEAT_3_SP=-20.0
HEAT_4_TEMP=24
HEAT_4_DUTY=0
HEAT_4_SP=-20.0
MOTOR_ANGLE=0.0003779069767441861
MOTOR_ACCUM=0.0003779069767441861
MOTOR_ROT=0

[12:57:57.801 CUBESAT]
TS=1786202529.149
PG_5=1
PG_9=0
PG_12=0
FLT_P2=0
FLT_P3=0
HEAT_1_TEMP=0.0
HEAT_1_DUTY=10
HEAT_1_SP=-20.0
ENC_RAW=10978
ENC_ANGLE=241.2158203125
ENC_ACCUM=-0.0439453125
AUTO_STOP=1
MOTOR_ANGLE=-0.0003779069767441861
MOTOR_ACCUM=-0.0003779069767441861
MOTOR_ROT=0

[12:57:58.582 EBOX]
TS=1786880046.654
V_SENSE5=1.19140625
V_SENSE9=0.0390625
V_SENSE12=0.1171875
ADC_V5=4.9560546875
ADC_V9=9.5404052734375
ADC_V12=11.717529296875
ADC_V28=30.01068115234375
THERMAL_SENS_OUT_1=21
THERMAL_SENS_OUT_2=-50
THERMAL_SENS_OUT_3=28
THERMAL_SENS_OUT_4=23
THERMAL_SENS_OUT_5=29
THERMAL_SENS_OUT_6=-50
THERMAL_SENS_INT_1=30
THERMAL_SENS_INT_2=26
PG_5=0
PG_9=0
PG_12=0
FLT_P2=0
FLT_P3=0
HEAT_1_TEMP=21
HEAT_1_DUTY=0
HEAT_1_SP=-20.0
HEAT_2_TEMP=28
HEAT_2_DUTY=0
HEAT_2_SP=-20.0
HEAT_3_TEMP=23
HEAT_3_DUTY=0
HEAT_3_SP=-20.0
HEAT_4_TEMP=29
HEAT_4_DUTY=0
HEAT_4_SP=-20.0
MOTOR_ANGLE=0.0003779069767441861
MOTOR_ACCUM=0.0003779069767441861
MOTOR_ROT=0

[12:57:59.617 CUBESAT]
TS=1786202531.151
PG_5=1
PG_9=0
PG_12=0
FLT_P2=0
FLT_P3=0
HEAT_1_TEMP=0.0
HEAT_1_DUTY=0
HEAT_1_SP=-20.0
ENC_RAW=10977
ENC_ANGLE=241.19384765625
ENC_ACCUM=-0.06591796875
AUTO_STOP=1
MOTOR_ANGLE=-0.0003779069767441861
MOTOR_ACCUM=-0.0003779069767441861
MOTOR_ROT=0

[12:58:00.592 EBOX]
TS=1786880048.654
V_SENSE5=1.376953125
V_SENSE9=0.0390625
V_SENSE12=0.10986328125
ADC_V5=4.94720458984375
ADC_V9=8.9031982421875
ADC_V12=11.74407958984375
ADC_V28=30.3204345703125
THERMAL_SENS_OUT_1=26
THERMAL_SENS_OUT_2=-50
THERMAL_SENS_OUT_3=24
THERMAL_SENS_OUT_4=25
THERMAL_SENS_OUT_5=24
THERMAL_SENS_OUT_6=-50
THERMAL_SENS_INT_1=26
THERMAL_SENS_INT_2=26
PG_5=0
PG_9=0
PG_12=0
FLT_P2=0
FLT_P3=0
HEAT_1_TEMP=26
HEAT_1_DUTY=0
HEAT_1_SP=-20.0
HEAT_2_TEMP=24
HEAT_2_DUTY=0
HEAT_2_SP=-20.0
HEAT_3_TEMP=25
HEAT_3_DUTY=0
HEAT_3_SP=-20.0
HEAT_4_TEMP=24
HEAT_4_DUTY=0
HEAT_4_SP=-20.0
MOTOR_ANGLE=0.0003779069767441861
MOTOR_ACCUM=0.0003779069767441861
MOTOR_ROT=0

[12:58:01.758 CUBESAT]
TS=1786202533.153
PG_5=1
PG_9=0
PG_12=0
FLT_P2=0
FLT_P3=0
HEAT_1_TEMP=0.0
HEAT_1_DUTY=0
HEAT_1_SP=-20.0
ENC_RAW=10983
ENC_ANGLE=241.32568359375
ENC_ACCUM=0.06591796875
AUTO_STOP=1
MOTOR_ANGLE=-0.0003779069767441861
MOTOR_ACCUM=-0.0003779069767441861
MOTOR_ROT=0

[12:58:02.583 EBOX]
TS=1786880050.657
V_SENSE5=1.2939453125
V_SENSE9=0.0390625
V_SENSE12=0.12939453125
ADC_V5=4.8321533203125
ADC_V9=9.6466064453125
ADC_V12=11.646728515625
ADC_V28=30.45318603515625
THERMAL_SENS_OUT_1=27
THERMAL_SENS_OUT_2=-50
THERMAL_SENS_OUT_3=23
THERMAL_SENS_OUT_4=27
THERMAL_SENS_OUT_5=27
THERMAL_SENS_OUT_6=-50
THERMAL_SENS_INT_1=27
THERMAL_SENS_INT_2=25
PG_5=0
PG_9=0
PG_12=0
FLT_P2=0
FLT_P3=0
HEAT_1_TEMP=27
HEAT_1_DUTY=0
HEAT_1_SP=-20.0
HEAT_2_TEMP=23
HEAT_2_DUTY=0
HEAT_2_SP=-20.0
HEAT_3_TEMP=27
HEAT_3_DUTY=0
HEAT_3_SP=-20.0
HEAT_4_TEMP=27
HEAT_4_DUTY=0
HEAT_4_SP=-20.0
MOTOR_ANGLE=0.0003779069767441861
MOTOR_ACCUM=0.0003779069767441861
MOTOR_ROT=0

[12:58:03.610 CUBESAT]
TS=1786202535.155
PG_5=1
PG_9=0
PG_12=0
FLT_P2=0
FLT_P3=0
HEAT_1_TEMP=0.0
HEAT_1_DUTY=0
HEAT_1_SP=-20.0
ENC_RAW=10978
ENC_ANGLE=241.2158203125
ENC_ACCUM=-0.0439453125
AUTO_STOP=1
MOTOR_ANGLE=-0.0003779069767441861
MOTOR_ACCUM=-0.0003779069767441861
MOTOR_ROT=0

[12:58:04.548 EBOX]
TS=1786880052.658
V_SENSE5=1.3232421875
V_SENSE9=0.0390625
V_SENSE12=0.1318359375
ADC_V5=4.82330322265625
ADC_V9=9.1510009765625
ADC_V12=11.6998291015625
ADC_V28=29.5062255859375
THERMAL_SENS_OUT_1=22
THERMAL_SENS_OUT_2=-50
THERMAL_SENS_OUT_3=29
THERMAL_SENS_OUT_4=24
THERMAL_SENS_OUT_5=25
THERMAL_SENS_OUT_6=-50
THERMAL_SENS_INT_1=25
THERMAL_SENS_INT_2=30
PG_5=0
PG_9=0
PG_12=0
FLT_P2=0
FLT_P3=0
HEAT_1_TEMP=22
HEAT_1_DUTY=0
HEAT_1_SP=-20.0
HEAT_2_TEMP=29
HEAT_2_DUTY=0
HEAT_2_SP=-20.0
HEAT_3_TEMP=24
HEAT_3_DUTY=0
HEAT_3_SP=-20.0
HEAT_4_TEMP=25
HEAT_4_DUTY=0
HEAT_4_SP=-20.0
MOTOR_ANGLE=0.0003779069767441861
MOTOR_ACCUM=0.0003779069767441861
MOTOR_ROT=0

[12:58:05.815 CUBESAT]
TS=1786202537.157
PG_5=1
PG_9=0
PG_12=0
FLT_P2=0
FLT_P3=0
HEAT_1_TEMP=0.0
HEAT_1_DUTY=0
HEAT_1_SP=-20.0
ENC_RAW=10979
ENC_ANGLE=241.23779296875
ENC_ACCUM=-0.02197265625
AUTO_STOP=1
MOTOR_ANGLE=-0.0003779069767441861
MOTOR_ACCUM=-0.0003779069767441861
MOTOR_ROT=0

[12:58:06.527 EBOX]
TS=1786880054.662
V_SENSE5=1.2158203125
V_SENSE9=0.05615234375
V_SENSE12=0.11962890625
ADC_V5=4.87640380859375
ADC_V9=9.4873046875
ADC_V12=11.62017822265625
ADC_V28=30.57708740234375
THERMAL_SENS_OUT_1=25
THERMAL_SENS_OUT_2=-50
THERMAL_SENS_OUT_3=24
THERMAL_SENS_OUT_4=28
THERMAL_SENS_OUT_5=26
THERMAL_SENS_OUT_6=-50
THERMAL_SENS_INT_1=25
THERMAL_SENS_INT_2=25
PG_5=0
PG_9=0
PG_12=0
FLT_P2=0
FLT_P3=0
HEAT_1_TEMP=25
HEAT_1_DUTY=0
HEAT_1_SP=-20.0
HEAT_2_TEMP=24
HEAT_2_DUTY=0
HEAT_2_SP=-20.0
HEAT_3_TEMP=28
HEAT_3_DUTY=0
HEAT_3_SP=-20.0
HEAT_4_TEMP=26
HEAT_4_DUTY=0
HEAT_4_SP=-20.0
MOTOR_ANGLE=0.0003779069767441861
MOTOR_ACCUM=0.0003779069767441861
MOTOR_ROT=0

[12:58:07.731 CUBESAT]
TS=1786202539.160
PG_5=1
PG_9=0
PG_12=0
FLT_P2=0
FLT_P3=0
HEAT_1_TEMP=0.0
HEAT_1_DUTY=10
HEAT_1_SP=-20.0
ENC_RAW=10980
ENC_ANGLE=241.259765625
ENC_ACCUM=0.0
AUTO_STOP=1
MOTOR_ANGLE=-0.0003779069767441861
MOTOR_ACCUM=-0.0003779069767441861
MOTOR_ROT=0

[12:58:08.464 EBOX]
TS=1786880056.664
V_SENSE5=1.3134765625
V_SENSE9=0.03662109375
V_SENSE12=0.13671875
ADC_V5=5.08880615234375
ADC_V9=9.07135009765625
ADC_V12=11.54937744140625
ADC_V28=30.32928466796875
THERMAL_SENS_OUT_1=25
THERMAL_SENS_OUT_2=-50
THERMAL_SENS_OUT_3=23
THERMAL_SENS_OUT_4=23
THERMAL_SENS_OUT_5=29
THERMAL_SENS_OUT_6=-50
THERMAL_SENS_INT_1=28
THERMAL_SENS_INT_2=24
PG_5=0
PG_9=0
PG_12=0
FLT_P2=0
FLT_P3=0
HEAT_1_TEMP=25
HEAT_1_DUTY=0
HEAT_1_SP=-20.0
HEAT_2_TEMP=23
HEAT_2_DUTY=0
HEAT_2_SP=-20.0
HEAT_3_TEMP=23
HEAT_3_DUTY=0
HEAT_3_SP=-20.0
HEAT_4_TEMP=29
HEAT_4_DUTY=0
HEAT_4_SP=-20.0
MOTOR_ANGLE=0.0003779069767441861
MOTOR_ACCUM=0.0003779069767441861
MOTOR_ROT=0

[12:58:09.745 CUBESAT]
TS=1786202541.162
PG_5=1
PG_9=0
PG_12=0
FLT_P2=0
FLT_P3=0
HEAT_1_TEMP=0.0
HEAT_1_DUTY=0
HEAT_1_SP=-20.0
ENC_RAW=10980
ENC_ANGLE=241.259765625
ENC_ACCUM=0.0
AUTO_STOP=1
MOTOR_ANGLE=-0.0003779069767441861
MOTOR_ACCUM=-0.0003779069767441861
MOTOR_ROT=0

[12:58:10.567 EBOX]
TS=1786880058.672
V_SENSE5=1.33056640625
V_SENSE9=0.0341796875
V_SENSE12=0.1171875
ADC_V5=4.92950439453125
ADC_V9=9.345703125
ADC_V12=11.89453125
ADC_V28=29.76287841796875
THERMAL_SENS_OUT_1=25
THERMAL_SENS_OUT_2=-50
THERMAL_SENS_OUT_3=23
THERMAL_SENS_OUT_4=22
THERMAL_SENS_OUT_5=26
THERMAL_SENS_OUT_6=-50
THERMAL_SENS_INT_1=24
THERMAL_SENS_INT_2=24
PG_5=0
PG_9=0
PG_12=0
FLT_P2=0
FLT_P3=0
HEAT_1_TEMP=25
HEAT_1_DUTY=0
HEAT_1_SP=-20.0
HEAT_2_TEMP=23
HEAT_2_DUTY=0
HEAT_2_SP=-20.0
HEAT_3_TEMP=22
HEAT_3_DUTY=0
HEAT_3_SP=-20.0
HEAT_4_TEMP=26
HEAT_4_DUTY=0
HEAT_4_SP=-20.0
MOTOR_ANGLE=0.0003779069767441861
MOTOR_ACCUM=0.0003779069767441861
MOTOR_ROT=0

[12:58:11.739 CUBESAT]
TS=1786202543.163
PG_5=1
PG_9=0
PG_12=0
FLT_P2=0
FLT_P3=0
HEAT_1_TEMP=0.0
HEAT_1_DUTY=0
HEAT_1_SP=-20.0
ENC_RAW=10979
ENC_ANGLE=241.23779296875
ENC_ACCUM=-0.02197265625
AUTO_STOP=1
MOTOR_ANGLE=-0.0003779069767441861
MOTOR_ACCUM=-0.0003779069767441861
MOTOR_ROT=0

[12:58:12.550 EBOX]
TS=1786880060.668
V_SENSE5=1.21826171875
V_SENSE9=0.0390625
V_SENSE12=0.126953125
ADC_V5=4.85870361328125
ADC_V9=8.99169921875
ADC_V12=11.86798095703125
ADC_V28=30.22308349609375
THERMAL_SENS_OUT_1=24
THERMAL_SENS_OUT_2=-50
THERMAL_SENS_OUT_3=28
THERMAL_SENS_OUT_4=24
THERMAL_SENS_OUT_5=29
THERMAL_SENS_OUT_6=-50
THERMAL_SENS_INT_1=27
THERMAL_SENS_INT_2=29
PG_5=0
PG_9=0
PG_12=0
FLT_P2=0
FLT_P3=0
HEAT_1_TEMP=24
HEAT_1_DUTY=0
HEAT_1_SP=-20.0
HEAT_2_TEMP=28
HEAT_2_DUTY=0
HEAT_2_SP=-20.0
HEAT_3_TEMP=24
HEAT_3_DUTY=0
HEAT_3_SP=-20.0
HEAT_4_TEMP=29
HEAT_4_DUTY=0
HEAT_4_SP=-20.0
MOTOR_ANGLE=0.0003779069767441861
MOTOR_ACCUM=0.0003779069767441861
MOTOR_ROT=0

[12:58:13.703 CUBESAT]
TS=1786202545.164
PG_5=1
PG_9=0
PG_12=0
FLT_P2=0
FLT_P3=0
HEAT_1_TEMP=0.0
HEAT_1_DUTY=0
HEAT_1_SP=-20.0
ENC_RAW=10980
ENC_ANGLE=241.259765625
ENC_ACCUM=0.0
AUTO_STOP=1
MOTOR_ANGLE=-0.0003779069767441861
MOTOR_ACCUM=-0.0003779069767441861
MOTOR_ROT=0

[12:58:14.715 EBOX]
TS=1786880062.669
V_SENSE5=1.15478515625
V_SENSE9=0.0390625
V_SENSE12=0.126953125
ADC_V5=4.87640380859375
ADC_V9=9.3988037109375
ADC_V12=11.5228271484375
ADC_V28=30.31158447265625
THERMAL_SENS_OUT_1=28
THERMAL_SENS_OUT_2=-50
THERMAL_SENS_OUT_3=28
THERMAL_SENS_OUT_4=22
THERMAL_SENS_OUT_5=26
THERMAL_SENS_OUT_6=-50
THERMAL_SENS_INT_1=25
THERMAL_SENS_INT_2=30
PG_5=0
PG_9=0
PG_12=0
FLT_P2=0
FLT_P3=0
HEAT_1_TEMP=28
HEAT_1_DUTY=0
HEAT_1_SP=-20.0
HEAT_2_TEMP=28
HEAT_2_DUTY=0
HEAT_2_SP=-20.0
HEAT_3_TEMP=22
HEAT_3_DUTY=0
HEAT_3_SP=-20.0
HEAT_4_TEMP=26
HEAT_4_DUTY=0
HEAT_4_SP=-20.0
MOTOR_ANGLE=0.0003779069767441861
MOTOR_ACCUM=0.0003779069767441861
MOTOR_ROT=0

[12:58:15.823 CUBESAT]
TS=1786202547.166
PG_5=1
PG_9=0
PG_12=0
FLT_P2=0
FLT_P3=0
HEAT_1_TEMP=0.0
HEAT_1_DUTY=0
HEAT_1_SP=-20.0
ENC_RAW=10983
ENC_ANGLE=241.32568359375
ENC_ACCUM=0.06591796875
AUTO_STOP=1
MOTOR_ANGLE=-0.0003779069767441861
MOTOR_ACCUM=-0.0003779069767441861
MOTOR_ROT=0

[12:58:16.562 EBOX]
TS=1786880064.672
V_SENSE5=1.30126953125
V_SENSE9=0.029296875
V_SENSE12=0.12939453125
ADC_V5=4.849853515625
ADC_V9=8.91204833984375
ADC_V12=11.58477783203125
ADC_V28=30.1080322265625
THERMAL_SENS_OUT_1=21
THERMAL_SENS_OUT_2=-50
THERMAL_SENS_OUT_3=29
THERMAL_SENS_OUT_4=24
THERMAL_SENS_OUT_5=26
THERMAL_SENS_OUT_6=-50
THERMAL_SENS_INT_1=25
THERMAL_SENS_INT_2=30
PG_5=0
PG_9=0
PG_12=0
FLT_P2=0
FLT_P3=0
HEAT_1_TEMP=21
HEAT_1_DUTY=0
HEAT_1_SP=-20.0
HEAT_2_TEMP=29
HEAT_2_DUTY=0
HEAT_2_SP=-20.0
HEAT_3_TEMP=24
HEAT_3_DUTY=0
HEAT_3_SP=-20.0
HEAT_4_TEMP=26
HEAT_4_DUTY=0
HEAT_4_SP=-20.0
MOTOR_ANGLE=0.0003779069767441861
MOTOR_ACCUM=0.0003779069767441861
MOTOR_ROT=0

[12:58:17.720 CUBESAT]
TS=1786202549.169
PG_5=1
PG_9=0
PG_12=0
FLT_P2=0
FLT_P3=0
HEAT_1_TEMP=0.0
HEAT_1_DUTY=0
HEAT_1_SP=-20.0
ENC_RAW=10980
ENC_ANGLE=241.259765625
ENC_ACCUM=0.0
AUTO_STOP=1
MOTOR_ANGLE=-0.0003779069767441861
MOTOR_ACCUM=-0.0003779069767441861
MOTOR_ROT=0

[12:58:18.476 EBOX]
TS=1786880066.674
V_SENSE5=1.18896484375
V_SENSE9=0.03173828125
V_SENSE12=0.12939453125
ADC_V5=4.920654296875
ADC_V9=9.310302734375
ADC_V12=11.9122314453125
ADC_V28=30.125732421875
THERMAL_SENS_OUT_1=26
THERMAL_SENS_OUT_2=-50
THERMAL_SENS_OUT_3=28
THERMAL_SENS_OUT_4=24
THERMAL_SENS_OUT_5=30
THERMAL_SENS_OUT_6=-50
THERMAL_SENS_INT_1=26
THERMAL_SENS_INT_2=29
PG_5=0
PG_9=0
PG_12=0
FLT_P2=0
FLT_P3=0
HEAT_1_TEMP=26
HEAT_1_DUTY=0
HEAT_1_SP=-20.0
HEAT_2_TEMP=28
HEAT_2_DUTY=0
HEAT_2_SP=-20.0
HEAT_3_TEMP=24
HEAT_3_DUTY=0
HEAT_3_SP=-20.0
HEAT_4_TEMP=30
HEAT_4_DUTY=0
HEAT_4_SP=-20.0
MOTOR_ANGLE=0.0003779069767441861
MOTOR_ACCUM=0.0003779069767441861
MOTOR_ROT=0

[12:58:19.825 CUBESAT]
TS=1786202551.171
PG_5=1
PG_9=0
PG_12=0
FLT_P2=0
FLT_P3=0
HEAT_1_TEMP=0.0
HEAT_1_DUTY=0
HEAT_1_SP=-20.0
ENC_RAW=10979
ENC_ANGLE=241.23779296875
ENC_ACCUM=-0.02197265625
AUTO_STOP=1
MOTOR_ANGLE=-0.0003779069767441861
MOTOR_ACCUM=-0.0003779069767441861
MOTOR_ROT=0

[12:58:20.468 EBOX]
TS=1786880068.676
V_SENSE5=1.4111328125
V_SENSE9=0.0341796875
V_SENSE12=0.11962890625
ADC_V5=4.88525390625
ADC_V9=9.593505859375
ADC_V12=11.646728515625
ADC_V28=29.97528076171875
THERMAL_SENS_OUT_1=24
THERMAL_SENS_OUT_2=-50
THERMAL_SENS_OUT_3=28
THERMAL_SENS_OUT_4=22
THERMAL_SENS_OUT_5=27
THERMAL_SENS_OUT_6=-50
THERMAL_SENS_INT_1=24
THERMAL_SENS_INT_2=28
PG_5=0
PG_9=0
PG_12=0
FLT_P2=0
FLT_P3=0
HEAT_1_TEMP=24
HEAT_1_DUTY=0
HEAT_1_SP=-20.0
HEAT_2_TEMP=28
HEAT_2_DUTY=0
HEAT_2_SP=-20.0
HEAT_3_TEMP=22
HEAT_3_DUTY=0
HEAT_3_SP=-20.0
HEAT_4_TEMP=27
HEAT_4_DUTY=0
HEAT_4_SP=-20.0
MOTOR_ANGLE=0.0003779069767441861
MOTOR_ACCUM=0.0003779069767441861
MOTOR_ROT=0

[12:58:21.783 CUBESAT]
TS=1786202553.173
PG_5=1
PG_9=0
PG_12=0
FLT_P2=0
FLT_P3=0
HEAT_1_TEMP=0.0
HEAT_1_DUTY=0
HEAT_1_SP=-20.0
ENC_RAW=10979
ENC_ANGLE=241.23779296875
ENC_ACCUM=-0.02197265625
AUTO_STOP=1
MOTOR_ANGLE=-0.0003779069767441861
MOTOR_ACCUM=-0.0003779069767441861
MOTOR_ROT=0

[12:58:22.541 EBOX]
TS=1786880070.679
V_SENSE5=1.28173828125
V_SENSE9=0.03662109375
V_SENSE12=0.13427734375
ADC_V5=4.9029541015625
ADC_V9=9.15985107421875
ADC_V12=11.6644287109375
ADC_V28=30.01953125
THERMAL_SENS_OUT_1=23
THERMAL_SENS_OUT_2=-50
THERMAL_SENS_OUT_3=26
THERMAL_SENS_OUT_4=25
THERMAL_SENS_OUT_5=28
THERMAL_SENS_OUT_6=-50
THERMAL_SENS_INT_1=24
THERMAL_SENS_INT_2=28
PG_5=0
PG_9=0
PG_12=0
FLT_P2=0
FLT_P3=0
HEAT_1_TEMP=23
HEAT_1_DUTY=0
HEAT_1_SP=-20.0
HEAT_2_TEMP=26
HEAT_2_DUTY=0
HEAT_2_SP=-20.0
HEAT_3_TEMP=25
HEAT_3_DUTY=0
HEAT_3_SP=-20.0
HEAT_4_TEMP=28
HEAT_4_DUTY=0
HEAT_4_SP=-20.0
MOTOR_ANGLE=0.0003779069767441861
MOTOR_ACCUM=0.0003779069767441861
MOTOR_ROT=0

[12:58:23.653 CUBESAT]
TS=1786202555.173
PG_5=1
PG_9=0
PG_12=0
FLT_P2=0
FLT_P3=0
HEAT_1_TEMP=0.0
HEAT_1_DUTY=10
HEAT_1_SP=-20.0
ENC_RAW=10980
ENC_ANGLE=241.259765625
ENC_ACCUM=0.0
AUTO_STOP=1
MOTOR_ANGLE=-0.0003779069767441861
MOTOR_ACCUM=-0.0003779069767441861
MOTOR_ROT=0

[12:58:24.615 EBOX]
TS=1786880072.680
V_SENSE5=1.279296875
V_SENSE9=0.07568359375
V_SENSE12=0.10009765625
ADC_V5=4.94720458984375
ADC_V9=9.2572021484375
ADC_V12=11.93878173828125
ADC_V28=30.196533203125
THERMAL_SENS_OUT_1=22
THERMAL_SENS_OUT_2=-50
THERMAL_SENS_OUT_3=28
THERMAL_SENS_OUT_4=22
THERMAL_SENS_OUT_5=29
THERMAL_SENS_OUT_6=-50
THERMAL_SENS_INT_1=29
THERMAL_SENS_INT_2=26
PG_5=0
PG_9=0
PG_12=0
FLT_P2=0
FLT_P3=0
HEAT_1_TEMP=22
HEAT_1_DUTY=0
HEAT_1_SP=-20.0
HEAT_2_TEMP=28
HEAT_2_DUTY=0
HEAT_2_SP=-20.0
HEAT_3_TEMP=22
HEAT_3_DUTY=0
HEAT_3_SP=-20.0
HEAT_4_TEMP=29
HEAT_4_DUTY=0
HEAT_4_SP=-20.0
MOTOR_ANGLE=0.0003779069767441861
MOTOR_ACCUM=0.0003779069767441861
MOTOR_ROT=0

[12:58:25.725 CUBESAT]
TS=1786202557.174
PG_5=1
PG_9=0
PG_12=0
FLT_P2=0
FLT_P3=0
HEAT_1_TEMP=0.0
HEAT_1_DUTY=0
HEAT_1_SP=-20.0
ENC_RAW=10980
ENC_ANGLE=241.259765625
ENC_ACCUM=0.0
AUTO_STOP=1
MOTOR_ANGLE=-0.0003779069767441861
MOTOR_ACCUM=-0.0003779069767441861
MOTOR_ROT=0

[12:58:26.546 EBOX]
TS=1786880074.682
V_SENSE5=1.17431640625
V_SENSE9=0.0390625
V_SENSE12=0.12939453125
ADC_V5=4.8675537109375
ADC_V9=8.89434814453125
ADC_V12=11.83258056640625
ADC_V28=30.408935546875
THERMAL_SENS_OUT_1=23
THERMAL_SENS_OUT_2=-50
THERMAL_SENS_OUT_3=28
THERMAL_SENS_OUT_4=21
THERMAL_SENS_OUT_5=25
THERMAL_SENS_OUT_6=-50
THERMAL_SENS_INT_1=29
THERMAL_SENS_INT_2=26
PG_5=0
PG_9=0
PG_12=0
FLT_P2=0
FLT_P3=0
HEAT_1_TEMP=23
HEAT_1_DUTY=0
HEAT_1_SP=-20.0
HEAT_2_TEMP=28
HEAT_2_DUTY=0
HEAT_2_SP=-20.0
HEAT_3_TEMP=21
HEAT_3_DUTY=0
HEAT_3_SP=-20.0
HEAT_4_TEMP=25
HEAT_4_DUTY=0
HEAT_4_SP=-20.0
MOTOR_ANGLE=0.0003779069767441861
MOTOR_ACCUM=0.0003779069767441861
MOTOR_ROT=0

[12:58:27.662 CUBESAT]
TS=1786202559.174
PG_5=1
PG_9=0
PG_12=0
FLT_P2=0
FLT_P3=0
HEAT_1_TEMP=0.0
HEAT_1_DUTY=0
HEAT_1_SP=-20.0
ENC_RAW=10978
ENC_ANGLE=241.2158203125
ENC_ACCUM=-0.0439453125
AUTO_STOP=1
MOTOR_ANGLE=-0.0003779069767441861
MOTOR_ACCUM=-0.0003779069767441861
MOTOR_ROT=0

[12:58:28.612 EBOX]
TS=1786880076.681
V_SENSE5=1.1962890625
V_SENSE9=0.0390625
V_SENSE12=0.13671875
ADC_V5=4.9029541015625
ADC_V9=9.310302734375
ADC_V12=11.5582275390625
ADC_V28=30.27618408203125
THERMAL_SENS_OUT_1=26
THERMAL_SENS_OUT_2=-50
THERMAL_SENS_OUT_3=28
THERMAL_SENS_OUT_4=23
THERMAL_SENS_OUT_5=30
THERMAL_SENS_OUT_6=-50
THERMAL_SENS_INT_1=29
THERMAL_SENS_INT_2=25
PG_5=0
PG_9=0
PG_12=0
FLT_P2=0
FLT_P3=0
HEAT_1_TEMP=26
HEAT_1_DUTY=0
HEAT_1_SP=-20.0
HEAT_2_TEMP=28
HEAT_2_DUTY=0
HEAT_2_SP=-20.0
HEAT_3_TEMP=23
HEAT_3_DUTY=0
HEAT_3_SP=-20.0
HEAT_4_TEMP=30
HEAT_4_DUTY=0
HEAT_4_SP=-20.0
MOTOR_ANGLE=0.0003779069767441861
MOTOR_ACCUM=0.0003779069767441861
MOTOR_ROT=0

[12:58:29.767 CUBESAT]
TS=1786202561.177
PG_5=1
PG_9=0
PG_12=0
FLT_P2=0
FLT_P3=0
HEAT_1_TEMP=0.0
HEAT_1_DUTY=0
HEAT_1_SP=-20.0
ENC_RAW=10976
ENC_ANGLE=241.171875
ENC_ACCUM=-0.087890625
AUTO_STOP=1
MOTOR_ANGLE=-0.0003779069767441861
MOTOR_ACCUM=-0.0003779069767441861
MOTOR_ROT=0

[12:58:30.479 EBOX]
TS=1786880078.688
V_SENSE5=1.15234375
V_SENSE9=0.0341796875
V_SENSE12=0.12451171875
ADC_V5=5.01800537109375
ADC_V9=9.60235595703125
ADC_V12=11.77947998046875
ADC_V28=30.24078369140625
THERMAL_SENS_OUT_1=22
THERMAL_SENS_OUT_2=-50
THERMAL_SENS_OUT_3=24
THERMAL_SENS_OUT_4=21
THERMAL_SENS_OUT_5=28
THERMAL_SENS_OUT_6=-50
THERMAL_SENS_INT_1=29
THERMAL_SENS_INT_2=27
PG_5=0
PG_9=0
PG_12=0
FLT_P2=0
FLT_P3=0
HEAT_1_TEMP=22
HEAT_1_DUTY=0
HEAT_1_SP=-20.0
HEAT_2_TEMP=24
HEAT_2_DUTY=0
HEAT_2_SP=-20.0
HEAT_3_TEMP=21
HEAT_3_DUTY=0
HEAT_3_SP=-20.0
HEAT_4_TEMP=28
HEAT_4_DUTY=0
HEAT_4_SP=-20.0
MOTOR_ANGLE=0.0003779069767441861
MOTOR_ACCUM=0.0003779069767441861
MOTOR_ROT=0

[12:58:31.863 CUBESAT]
TS=1786202563.177
PG_5=1
PG_9=0
PG_12=0
FLT_P2=0
FLT_P3=0
HEAT_1_TEMP=0.0
HEAT_1_DUTY=0
HEAT_1_SP=-20.0
ENC_RAW=10975
ENC_ANGLE=241.14990234375
ENC_ACCUM=-0.10986328125
AUTO_STOP=1
MOTOR_ANGLE=-0.0003779069767441861
MOTOR_ACCUM=-0.0003779069767441861
MOTOR_ROT=0

[12:58:32.528 EBOX]
TS=1786880080.686
V_SENSE5=1.28662109375
V_SENSE9=0.03662109375
V_SENSE12=0.1220703125
ADC_V5=4.84100341796875
ADC_V9=9.33685302734375
ADC_V12=11.9122314453125
ADC_V28=30.25848388671875
THERMAL_SENS_OUT_1=25
THERMAL_SENS_OUT_2=-50
THERMAL_SENS_OUT_3=27
THERMAL_SENS_OUT_4=27
THERMAL_SENS_OUT_5=24
THERMAL_SENS_OUT_6=-50
THERMAL_SENS_INT_1=24
THERMAL_SENS_INT_2=27
PG_5=0
PG_9=0
PG_12=0
FLT_P2=0
FLT_P3=0
HEAT_1_TEMP=25
HEAT_1_DUTY=0
HEAT_1_SP=-20.0
HEAT_2_TEMP=27
HEAT_2_DUTY=0
HEAT_2_SP=-20.0
HEAT_3_TEMP=27
HEAT_3_DUTY=0
HEAT_3_SP=-20.0
HEAT_4_TEMP=24
HEAT_4_DUTY=0
HEAT_4_SP=-20.0
MOTOR_ANGLE=0.0003779069767441861
MOTOR_ACCUM=0.0003779069767441861
MOTOR_ROT=0

[12:58:33.856 CUBESAT]
TS=1786202565.178
PG_5=1
PG_9=0
PG_12=0
FLT_P2=0
FLT_P3=0
HEAT_1_TEMP=0.0
HEAT_1_DUTY=10
HEAT_1_SP=-20.0
ENC_RAW=10982
ENC_ANGLE=241.3037109375
ENC_ACCUM=0.0439453125
AUTO_STOP=1
MOTOR_ANGLE=-0.0003779069767441861
MOTOR_ACCUM=-0.0003779069767441861
MOTOR_ROT=0

[12:58:34.569 EBOX]
TS=1786880082.691
V_SENSE5=1.25
V_SENSE9=0.0390625
V_SENSE12=0.107421875
ADC_V5=4.89410400390625
ADC_V9=9.62005615234375
ADC_V12=11.4874267578125
ADC_V28=30.36468505859375
THERMAL_SENS_OUT_1=23
THERMAL_SENS_OUT_2=-50
THERMAL_SENS_OUT_3=25
THERMAL_SENS_OUT_4=25
THERMAL_SENS_OUT_5=29
THERMAL_SENS_OUT_6=-50
THERMAL_SENS_INT_1=28
THERMAL_SENS_INT_2=24
PG_5=0
PG_9=0
PG_12=0
FLT_P2=0
FLT_P3=0
HEAT_1_TEMP=23
HEAT_1_DUTY=0
HEAT_1_SP=-20.0
HEAT_2_TEMP=25
HEAT_2_DUTY=0
HEAT_2_SP=-20.0
HEAT_3_TEMP=25
HEAT_3_DUTY=0
HEAT_3_SP=-20.0
HEAT_4_TEMP=29
HEAT_4_DUTY=0
HEAT_4_SP=-20.0
MOTOR_ANGLE=0.0003779069767441861
MOTOR_ACCUM=0.0003779069767441861
MOTOR_ROT=0

[12:58:35.818 CUBESAT]
TS=1786202567.180
PG_5=1
PG_9=0
PG_12=0
FLT_P2=0
FLT_P3=0
HEAT_1_TEMP=0.0
HEAT_1_DUTY=0
HEAT_1_SP=-20.0
ENC_RAW=10978
ENC_ANGLE=241.2158203125
ENC_ACCUM=-0.0439453125
AUTO_STOP=1
MOTOR_ANGLE=-0.0003779069767441861
MOTOR_ACCUM=-0.0003779069767441861
MOTOR_ROT=0

[12:58:36.567 EBOX]
TS=1786880084.692
V_SENSE5=1.2255859375
V_SENSE9=0.11474609375
V_SENSE12=0.21240234375
ADC_V5=4.9560546875
ADC_V9=8.78814697265625
ADC_V12=11.88568115234375
ADC_V28=29.76287841796875
THERMAL_SENS_OUT_1=23
THERMAL_SENS_OUT_2=-50
THERMAL_SENS_OUT_3=25
THERMAL_SENS_OUT_4=25
THERMAL_SENS_OUT_5=24
THERMAL_SENS_OUT_6=-50
THERMAL_SENS_INT_1=24
THERMAL_SENS_INT_2=28
PG_5=0
PG_9=0
PG_12=0
FLT_P2=0
FLT_P3=0
HEAT_1_TEMP=23
HEAT_1_DUTY=0
HEAT_1_SP=-20.0
HEAT_2_TEMP=25
HEAT_2_DUTY=0
HEAT_2_SP=-20.0
HEAT_3_TEMP=25
HEAT_3_DUTY=0
HEAT_3_SP=-20.0
HEAT_4_TEMP=24
HEAT_4_DUTY=0
HEAT_4_SP=-20.0
MOTOR_ANGLE=0.0003779069767441861
MOTOR_ACCUM=0.0003779069767441861
MOTOR_ROT=0

[12:58:37.755 CUBESAT]
TS=1786202569.181
PG_5=1
PG_9=0
PG_12=0
FLT_P2=0
FLT_P3=0
HEAT_1_TEMP=0.0
HEAT_1_DUTY=0
HEAT_1_SP=-20.0
ENC_RAW=10978
ENC_ANGLE=241.2158203125
ENC_ACCUM=-0.0439453125
AUTO_STOP=1
MOTOR_ANGLE=-0.0003779069767441861
MOTOR_ACCUM=-0.0003779069767441861
MOTOR_ROT=0

[12:58:38.673 EBOX]
TS=1786880086.692
V_SENSE5=1.162109375
V_SENSE9=0.04150390625
V_SENSE12=0.107421875
ADC_V5=4.92950439453125
ADC_V9=9.28375244140625
ADC_V12=11.6998291015625
ADC_V28=29.88677978515625
THERMAL_SENS_OUT_1=21
THERMAL_SENS_OUT_2=-50
THERMAL_SENS_OUT_3=28
THERMAL_SENS_OUT_4=23
THERMAL_SENS_OUT_5=30
THERMAL_SENS_OUT_6=-50
THERMAL_SENS_INT_1=30
THERMAL_SENS_INT_2=26
PG_5=0
PG_9=0
PG_12=0
FLT_P2=0
FLT_P3=0
HEAT_1_TEMP=21
HEAT_1_DUTY=0
HEAT_1_SP=-20.0
HEAT_2_TEMP=28
HEAT_2_DUTY=0
HEAT_2_SP=-20.0
HEAT_3_TEMP=23
HEAT_3_DUTY=0
HEAT_3_SP=-20.0
HEAT_4_TEMP=30
HEAT_4_DUTY=0
HEAT_4_SP=-20.0
MOTOR_ANGLE=0.0003779069767441861
MOTOR_ACCUM=0.0003779069767441861
MOTOR_ROT=0

[12:58:39.732 CUBESAT]
TS=1786202571.182
PG_5=1
PG_9=0
PG_12=0
FLT_P2=0
FLT_P3=0
HEAT_1_TEMP=0.0
HEAT_1_DUTY=0
HEAT_1_SP=-20.0
ENC_RAW=10982
ENC_ANGLE=241.3037109375
ENC_ACCUM=0.0439453125
AUTO_STOP=1
MOTOR_ANGLE=-0.0003779069767441861
MOTOR_ACCUM=-0.0003779069767441861
MOTOR_ROT=0

[12:58:40.676 EBOX]
TS=1786880088.695
V_SENSE5=1.21337890625
V_SENSE9=0.07568359375
V_SENSE12=0.1171875
ADC_V5=4.9029541015625
ADC_V9=9.62005615234375
ADC_V12=11.86798095703125
ADC_V28=29.6124267578125
THERMAL_SENS_OUT_1=21
THERMAL_SENS_OUT_2=-50
THERMAL_SENS_OUT_3=27
THERMAL_SENS_OUT_4=25
THERMAL_SENS_OUT_5=24
THERMAL_SENS_OUT_6=-50
THERMAL_SENS_INT_1=28
THERMAL_SENS_INT_2=27
PG_5=0
PG_9=0
PG_12=0
FLT_P2=0
FLT_P3=0
HEAT_1_TEMP=21
HEAT_1_DUTY=0
HEAT_1_SP=-20.0
HEAT_2_TEMP=27
HEAT_2_DUTY=0
HEAT_2_SP=-20.0
HEAT_3_TEMP=25
HEAT_3_DUTY=0
HEAT_3_SP=-20.0
HEAT_4_TEMP=24
HEAT_4_DUTY=0
HEAT_4_SP=-20.0
MOTOR_ANGLE=0.0003779069767441861
MOTOR_ACCUM=0.0003779069767441861
MOTOR_ROT=0

[12:58:41.764 CUBESAT]
TS=1786202573.184
PG_5=1
PG_9=0
PG_12=0
FLT_P2=0
FLT_P3=0
HEAT_1_TEMP=0.0
HEAT_1_DUTY=0
HEAT_1_SP=-20.0
ENC_RAW=10979
ENC_ANGLE=241.23779296875
ENC_ACCUM=-0.02197265625
AUTO_STOP=1
MOTOR_ANGLE=-0.0003779069767441861
MOTOR_ACCUM=-0.0003779069767441861
MOTOR_ROT=0

[12:58:42.495 EBOX]
TS=1786880090.696
V_SENSE5=1.34765625
V_SENSE9=0.0537109375
V_SENSE12=0.15380859375
ADC_V5=4.84100341796875
ADC_V9=8.9385986328125
ADC_V12=11.8768310546875
ADC_V28=29.6832275390625
THERMAL_SENS_OUT_1=21
THERMAL_SENS_OUT_2=-50
THERMAL_SENS_OUT_3=27
THERMAL_SENS_OUT_4=28
THERMAL_SENS_OUT_5=27
THERMAL_SENS_OUT_6=-50
THERMAL_SENS_INT_1=29
THERMAL_SENS_INT_2=26
PG_5=0
PG_9=0
PG_12=0
FLT_P2=0
FLT_P3=0
HEAT_1_TEMP=21
HEAT_1_DUTY=0
HEAT_1_SP=-20.0
HEAT_2_TEMP=27
HEAT_2_DUTY=0
HEAT_2_SP=-20.0
HEAT_3_TEMP=28
HEAT_3_DUTY=0
HEAT_3_SP=-20.0
HEAT_4_TEMP=27
HEAT_4_DUTY=0
HEAT_4_SP=-20.0
MOTOR_ANGLE=0.0003779069767441861
MOTOR_ACCUM=0.0003779069767441861
MOTOR_ROT=0

[12:58:43.859 CUBESAT]
TS=1786202575.186
PG_5=1
PG_9=0
PG_12=0
FLT_P2=0
FLT_P3=0
HEAT_1_TEMP=0.0
HEAT_1_DUTY=10
HEAT_1_SP=-20.0
ENC_RAW=10978
ENC_ANGLE=241.2158203125
ENC_ACCUM=-0.0439453125
AUTO_STOP=1
MOTOR_ANGLE=-0.0003779069767441861
MOTOR_ACCUM=-0.0003779069767441861
MOTOR_ROT=0

[12:58:44.617 EBOX]
TS=1786880092.698
V_SENSE5=1.1767578125
V_SENSE9=0.0390625
V_SENSE12=0.13916015625
ADC_V5=4.91180419921875
ADC_V9=9.2926025390625
ADC_V12=11.82373046875
ADC_V28=29.49737548828125
THERMAL_SENS_OUT_1=20
THERMAL_SENS_OUT_2=-50
THERMAL_SENS_OUT_3=25
THERMAL_SENS_OUT_4=28
THERMAL_SENS_OUT_5=27
THERMAL_SENS_OUT_6=-50
THERMAL_SENS_INT_1=28
THERMAL_SENS_INT_2=25
PG_5=0
PG_9=0
PG_12=0
FLT_P2=0
FLT_P3=0
HEAT_1_TEMP=20
HEAT_1_DUTY=0
HEAT_1_SP=-20.0
HEAT_2_TEMP=25
HEAT_2_DUTY=0
HEAT_2_SP=-20.0
HEAT_3_TEMP=28
HEAT_3_DUTY=0
HEAT_3_SP=-20.0
HEAT_4_TEMP=27
HEAT_4_DUTY=0
HEAT_4_SP=-20.0
MOTOR_ANGLE=0.0003779069767441861
MOTOR_ACCUM=0.0003779069767441861
MOTOR_ROT=0

[12:58:45.860 CUBESAT]
TS=1786202577.187
PG_5=1
PG_9=0
PG_12=0
FLT_P2=0
FLT_P3=0
HEAT_1_TEMP=0.0
HEAT_1_DUTY=0
HEAT_1_SP=-20.0
ENC_RAW=10979
ENC_ANGLE=241.23779296875
ENC_ACCUM=-0.02197265625
AUTO_STOP=1
MOTOR_ANGLE=-0.0003779069767441861
MOTOR_ACCUM=-0.0003779069767441861
MOTOR_ROT=0

[12:58:46.674 EBOX]
TS=1786880094.700
V_SENSE5=1.34765625
V_SENSE9=0.0390625
V_SENSE12=0.1123046875
ADC_V5=4.89410400390625
ADC_V9=8.9208984375
ADC_V12=11.7352294921875
ADC_V28=30.36468505859375
THERMAL_SENS_OUT_1=27
THERMAL_SENS_OUT_2=-50
THERMAL_SENS_OUT_3=23
THERMAL_SENS_OUT_4=26
THERMAL_SENS_OUT_5=25
THERMAL_SENS_OUT_6=-50
THERMAL_SENS_INT_1=25
THERMAL_SENS_INT_2=28
PG_5=0
PG_9=0
PG_12=0
FLT_P2=0
FLT_P3=0
HEAT_1_TEMP=27
HEAT_1_DUTY=0
HEAT_1_SP=-20.0
HEAT_2_TEMP=23
HEAT_2_DUTY=0
HEAT_2_SP=-20.0
HEAT_3_TEMP=26
HEAT_3_DUTY=0
HEAT_3_SP=-20.0
HEAT_4_TEMP=25
HEAT_4_DUTY=0
HEAT_4_SP=-20.0
MOTOR_ANGLE=0.0003779069767441861
MOTOR_ACCUM=0.0003779069767441861
MOTOR_ROT=0

[12:58:47.822 CUBESAT]
TS=1786202579.187
PG_5=1
PG_9=0
PG_12=0
FLT_P2=0
FLT_P3=0
HEAT_1_TEMP=0.0
HEAT_1_DUTY=0
HEAT_1_SP=-20.0
ENC_RAW=10979
ENC_ANGLE=241.23779296875
ENC_ACCUM=-0.02197265625
AUTO_STOP=1
MOTOR_ANGLE=-0.0003779069767441861
MOTOR_ACCUM=-0.0003779069767441861
MOTOR_ROT=0

[12:58:48.658 EBOX]
TS=1786880096.702
V_SENSE5=1.23291015625
V_SENSE9=0.03662109375
V_SENSE12=0.14892578125
ADC_V5=4.9560546875
ADC_V9=8.9208984375
ADC_V12=11.83258056640625
ADC_V28=29.42657470703125
THERMAL_SENS_OUT_1=22
THERMAL_SENS_OUT_2=-50
THERMAL_SENS_OUT_3=25
THERMAL_SENS_OUT_4=26
THERMAL_SENS_OUT_5=25
THERMAL_SENS_OUT_6=-50
THERMAL_SENS_INT_1=24
THERMAL_SENS_INT_2=29
PG_5=0
PG_9=0
PG_12=0
FLT_P2=0
FLT_P3=0
HEAT_1_TEMP=22
HEAT_1_DUTY=0
HEAT_1_SP=-20.0
HEAT_2_TEMP=25
HEAT_2_DUTY=0
HEAT_2_SP=-20.0
HEAT_3_TEMP=26
HEAT_3_DUTY=0
HEAT_3_SP=-20.0
HEAT_4_TEMP=25
HEAT_4_DUTY=0
HEAT_4_SP=-20.0
MOTOR_ANGLE=0.0003779069767441861
MOTOR_ACCUM=0.0003779069767441861
MOTOR_ROT=0

[12:58:49.791 CUBESAT]
TS=1786202581.189
PG_5=1
PG_9=0
PG_12=0
FLT_P2=0
FLT_P3=0
HEAT_1_TEMP=0.0
HEAT_1_DUTY=10
HEAT_1_SP=-20.0
ENC_RAW=10978
ENC_ANGLE=241.2158203125
ENC_ACCUM=-0.0439453125
AUTO_STOP=1
MOTOR_ANGLE=-0.0003779069767441861
MOTOR_ACCUM=-0.0003779069767441861
MOTOR_ROT=0

[12:58:50.628 EBOX]
TS=1786880098.711
V_SENSE5=1.1083984375
V_SENSE9=0.03173828125
V_SENSE12=0.11962890625
ADC_V5=4.98260498046875
ADC_V9=9.1510009765625
ADC_V12=11.9122314453125
ADC_V28=30.27618408203125
THERMAL_SENS_OUT_1=21
THERMAL_SENS_OUT_2=-50
THERMAL_SENS_OUT_3=27
THERMAL_SENS_OUT_4=25
THERMAL_SENS_OUT_5=31
THERMAL_SENS_OUT_6=-50
THERMAL_SENS_INT_1=26
THERMAL_SENS_INT_2=24
PG_5=0
PG_9=0
PG_12=0
FLT_P2=0
FLT_P3=0
HEAT_1_TEMP=21
HEAT_1_DUTY=0
HEAT_1_SP=-20.0
HEAT_2_TEMP=27
HEAT_2_DUTY=0
HEAT_2_SP=-20.0
HEAT_3_TEMP=25
HEAT_3_DUTY=0
HEAT_3_SP=-20.0
HEAT_4_TEMP=31
HEAT_4_DUTY=0
HEAT_4_SP=-20.0
MOTOR_ANGLE=0.0003779069767441861
MOTOR_ACCUM=0.0003779069767441861
MOTOR_ROT=0

[12:58:51.880 CUBESAT]
TS=1786202583.190
PG_5=1
PG_9=0
PG_12=0
FLT_P2=0
FLT_P3=0
HEAT_1_TEMP=0.0
HEAT_1_DUTY=0
HEAT_1_SP=-20.0
ENC_RAW=10981
ENC_ANGLE=241.28173828125
ENC_ACCUM=0.02197265625
AUTO_STOP=1
MOTOR_ANGLE=-0.0003779069767441861
MOTOR_ACCUM=-0.0003779069767441861
MOTOR_ROT=0

[12:58:52.629 EBOX]
TS=1786880100.704
V_SENSE5=1.26220703125
V_SENSE9=0.0341796875
V_SENSE12=0.13671875
ADC_V5=4.91180419921875
ADC_V9=9.37225341796875
ADC_V12=11.505126953125
ADC_V28=30.4266357421875
THERMAL_SENS_OUT_1=27
THERMAL_SENS_OUT_2=-50
THERMAL_SENS_OUT_3=23
THERMAL_SENS_OUT_4=24
THERMAL_SENS_OUT_5=27
THERMAL_SENS_OUT_6=-50
THERMAL_SENS_INT_1=29
THERMAL_SENS_INT_2=25
PG_5=0
PG_9=0
PG_12=0
FLT_P2=0
FLT_P3=0
HEAT_1_TEMP=27
HEAT_1_DUTY=0
HEAT_1_SP=-20.0
HEAT_2_TEMP=23
HEAT_2_DUTY=0
HEAT_2_SP=-20.0
HEAT_3_TEMP=24
HEAT_3_DUTY=0
HEAT_3_SP=-20.0
HEAT_4_TEMP=27
HEAT_4_DUTY=0
HEAT_4_SP=-20.0
MOTOR_ANGLE=0.0003779069767441861
MOTOR_ACCUM=0.0003779069767441861
MOTOR_ROT=0

[12:58:53.942 CUBESAT]
TS=1786202585.192
PG_5=1
PG_9=0
PG_12=0
FLT_P2=0
FLT_P3=0
HEAT_1_TEMP=0.0
HEAT_1_DUTY=0
HEAT_1_SP=-20.0
ENC_RAW=10977
ENC_ANGLE=241.19384765625
ENC_ACCUM=-0.06591796875
AUTO_STOP=1
MOTOR_ANGLE=-0.0003779069767441861
MOTOR_ACCUM=-0.0003779069767441861
MOTOR_ROT=0

[12:58:54.758 EBOX]
TS=1786880102.705
V_SENSE5=1.18896484375
V_SENSE9=0.0390625
V_SENSE12=0.1171875
ADC_V5=4.849853515625
ADC_V9=9.3634033203125
ADC_V12=11.68212890625
ADC_V28=30.196533203125
THERMAL_SENS_OUT_1=26
THERMAL_SENS_OUT_2=-50
THERMAL_SENS_OUT_3=24
THERMAL_SENS_OUT_4=25
THERMAL_SENS_OUT_5=25
THERMAL_SENS_OUT_6=-50
THERMAL_SENS_INT_1=24
THERMAL_SENS_INT_2=26
PG_5=0
PG_9=0
PG_12=0
FLT_P2=0
FLT_P3=0
HEAT_1_TEMP=26
HEAT_1_DUTY=0
HEAT_1_SP=-20.0
HEAT_2_TEMP=24
HEAT_2_DUTY=0
HEAT_2_SP=-20.0
HEAT_3_TEMP=25
HEAT_3_DUTY=0
HEAT_3_SP=-20.0
HEAT_4_TEMP=25
HEAT_4_DUTY=0
HEAT_4_SP=-20.0
MOTOR_ANGLE=0.0003779069767441861
MOTOR_ACCUM=0.0003779069767441861
MOTOR_ROT=0

[12:58:55.868 CUBESAT]
TS=1786202587.194
PG_5=1
PG_9=0
PG_12=0
FLT_P2=0
FLT_P3=0
HEAT_1_TEMP=0.0
HEAT_1_DUTY=0
HEAT_1_SP=-20.0
ENC_RAW=10979
ENC_ANGLE=241.23779296875
ENC_ACCUM=-0.02197265625
AUTO_STOP=1
MOTOR_ANGLE=-0.0003779069767441861
MOTOR_ACCUM=-0.0003779069767441861
MOTOR_ROT=0

[12:58:56.626 EBOX]
TS=1786880104.709
V_SENSE5=1.3525390625
V_SENSE9=0.07568359375
V_SENSE12=0.107421875
ADC_V5=4.8675537109375
ADC_V9=9.33685302734375
ADC_V12=11.611328125
ADC_V28=29.76287841796875
THERMAL_SENS_OUT_1=22
THERMAL_SENS_OUT_2=-50
THERMAL_SENS_OUT_3=26
THERMAL_SENS_OUT_4=27
THERMAL_SENS_OUT_5=26
THERMAL_SENS_OUT_6=-50
THERMAL_SENS_INT_1=29
THERMAL_SENS_INT_2=31
PG_5=0
PG_9=0
PG_12=0
FLT_P2=0
FLT_P3=0
HEAT_1_TEMP=22
HEAT_1_DUTY=0
HEAT_1_SP=-20.0
HEAT_2_TEMP=26
HEAT_2_DUTY=0
HEAT_2_SP=-20.0
HEAT_3_TEMP=27
HEAT_3_DUTY=0
HEAT_3_SP=-20.0
HEAT_4_TEMP=26
HEAT_4_DUTY=0
HEAT_4_SP=-20.0
MOTOR_ANGLE=0.0003779069767441861
MOTOR_ACCUM=0.0003779069767441861
MOTOR_ROT=0

[12:58:57.871 CUBESAT]
TS=1786202589.197
PG_5=1
PG_9=0
PG_12=0
FLT_P2=0
FLT_P3=0
HEAT_1_TEMP=0.0
HEAT_1_DUTY=0
HEAT_1_SP=-20.0
ENC_RAW=10979
ENC_ANGLE=241.23779296875
ENC_ACCUM=-0.02197265625
AUTO_STOP=1
MOTOR_ANGLE=-0.0003779069767441861
MOTOR_ACCUM=-0.0003779069767441861
MOTOR_ROT=0

[12:58:58.590 EBOX]
TS=1786880106.710
V_SENSE5=1.20849609375
V_SENSE9=0.03173828125
V_SENSE12=0.12451171875
ADC_V5=4.85870361328125
ADC_V9=9.1156005859375
ADC_V12=11.58477783203125
ADC_V28=30.196533203125
THERMAL_SENS_OUT_1=25
THERMAL_SENS_OUT_2=-50
THERMAL_SENS_OUT_3=29
THERMAL_SENS_OUT_4=24
THERMAL_SENS_OUT_5=25
THERMAL_SENS_OUT_6=-50
THERMAL_SENS_INT_1=29
THERMAL_SENS_INT_2=29
PG_5=0
PG_9=0
PG_12=0
FLT_P2=0
FLT_P3=0
HEAT_1_TEMP=25
HEAT_1_DUTY=0
HEAT_1_SP=-20.0
HEAT_2_TEMP=29
HEAT_2_DUTY=0
HEAT_2_SP=-20.0
HEAT_3_TEMP=24
HEAT_3_DUTY=0
HEAT_3_SP=-20.0
HEAT_4_TEMP=25
HEAT_4_DUTY=0
HEAT_4_SP=-20.0
MOTOR_ANGLE=0.0003779069767441861
MOTOR_ACCUM=0.0003779069767441861
MOTOR_ROT=0

[12:58:59.902 CUBESAT]
TS=1786202591.199
PG_5=1
PG_9=0
PG_12=0
FLT_P2=0
FLT_P3=0
HEAT_1_TEMP=0.0
HEAT_1_DUTY=10
HEAT_1_SP=-20.0
ENC_RAW=10979
ENC_ANGLE=241.23779296875
ENC_ACCUM=-0.02197265625
AUTO_STOP=1
MOTOR_ANGLE=-0.0003779069767441861
MOTOR_ACCUM=-0.0003779069767441861
MOTOR_ROT=0

[12:59:00.718 EBOX]
TS=1786880108.712
V_SENSE5=1.1572265625
V_SENSE9=0.0390625
V_SENSE12=0.1318359375
ADC_V5=4.94720458984375
ADC_V9=9.0093994140625
ADC_V12=11.92108154296875
ADC_V28=30.37353515625
THERMAL_SENS_OUT_1=26
THERMAL_SENS_OUT_2=-50
THERMAL_SENS_OUT_3=27
THERMAL_SENS_OUT_4=28
THERMAL_SENS_OUT_5=25
THERMAL_SENS_OUT_6=-50
THERMAL_SENS_INT_1=26
THERMAL_SENS_INT_2=29
PG_5=0
PG_9=0
PG_12=0
FLT_P2=0
FLT_P3=0
HEAT_1_TEMP=26
HEAT_1_DUTY=0
HEAT_1_SP=-20.0
HEAT_2_TEMP=27
HEAT_2_DUTY=0
HEAT_2_SP=-20.0
HEAT_3_TEMP=28
HEAT_3_DUTY=0
HEAT_3_SP=-20.0
HEAT_4_TEMP=25
HEAT_4_DUTY=0
HEAT_4_SP=-20.0
MOTOR_ANGLE=0.0003779069767441861
MOTOR_ACCUM=0.0003779069767441861
MOTOR_ROT=0

[12:59:01.830 CUBESAT]
TS=1786202593.201
PG_5=1
PG_9=0
PG_12=0
FLT_P2=0
FLT_P3=0
HEAT_1_TEMP=0.0
HEAT_1_DUTY=0
HEAT_1_SP=-20.0
ENC_RAW=10980
ENC_ANGLE=241.259765625
ENC_ACCUM=0.0
AUTO_STOP=1
MOTOR_ANGLE=-0.0003779069767441861
MOTOR_ACCUM=-0.0003779069767441861
MOTOR_ROT=0

[12:59:02.647 EBOX]
TS=1786880110.715
V_SENSE5=1.25244140625
V_SENSE9=0.0341796875
V_SENSE12=0.1220703125
ADC_V5=5.01800537109375
ADC_V9=9.15985107421875
ADC_V12=11.7706298828125
ADC_V28=29.55047607421875
THERMAL_SENS_OUT_1=21
THERMAL_SENS_OUT_2=-50
THERMAL_SENS_OUT_3=25
THERMAL_SENS_OUT_4=27
THERMAL_SENS_OUT_5=26
THERMAL_SENS_OUT_6=-50
THERMAL_SENS_INT_1=25
THERMAL_SENS_INT_2=29
PG_5=0
PG_9=0
PG_12=0
FLT_P2=0
FLT_P3=0
HEAT_1_TEMP=21
HEAT_1_DUTY=0
HEAT_1_SP=-20.0
HEAT_2_TEMP=25
HEAT_2_DUTY=0
HEAT_2_SP=-20.0
HEAT_3_TEMP=27
HEAT_3_DUTY=0
HEAT_3_SP=-20.0
HEAT_4_TEMP=26
HEAT_4_DUTY=0
HEAT_4_SP=-20.0
MOTOR_ANGLE=0.0003779069767441861
MOTOR_ACCUM=0.0003779069767441861
MOTOR_ROT=0

[12:59:03.870 CUBESAT]
TS=1786202595.203
PG_5=1
PG_9=0
PG_12=0
FLT_P2=0
FLT_P3=0
HEAT_1_TEMP=0.0
HEAT_1_DUTY=0
HEAT_1_SP=-20.0
ENC_RAW=10980
ENC_ANGLE=241.259765625
ENC_ACCUM=0.0
AUTO_STOP=1
MOTOR_ANGLE=-0.0003779069767441861
MOTOR_ACCUM=-0.0003779069767441861
MOTOR_ROT=0

[12:59:04.689 EBOX]
TS=1786880112.716
V_SENSE5=1.17919921875
V_SENSE9=0.03662109375
V_SENSE12=0.126953125
ADC_V5=4.9737548828125
ADC_V9=9.345703125
ADC_V12=11.9476318359375
ADC_V28=29.3646240234375
THERMAL_SENS_OUT_1=20
THERMAL_SENS_OUT_2=-50
THERMAL_SENS_OUT_3=25
THERMAL_SENS_OUT_4=26
THERMAL_SENS_OUT_5=31
THERMAL_SENS_OUT_6=-50
THERMAL_SENS_INT_1=26
THERMAL_SENS_INT_2=29
PG_5=0
PG_9=0
PG_12=0
FLT_P2=0
FLT_P3=0
HEAT_1_TEMP=20
HEAT_1_DUTY=0
HEAT_1_SP=-20.0
HEAT_2_TEMP=25
HEAT_2_DUTY=0
HEAT_2_SP=-20.0
HEAT_3_TEMP=26
HEAT_3_DUTY=0
HEAT_3_SP=-20.0
HEAT_4_TEMP=31
HEAT_4_DUTY=0
HEAT_4_SP=-20.0
MOTOR_ANGLE=0.0003779069767441861
MOTOR_ACCUM=0.0003779069767441861
MOTOR_ROT=0

[12:59:05.942 CUBESAT]
TS=1786202597.205
PG_5=1
PG_9=0
PG_12=0
FLT_P2=0
FLT_P3=0
HEAT_1_TEMP=0.0
HEAT_1_DUTY=0
HEAT_1_SP=-20.0
ENC_RAW=10980
ENC_ANGLE=241.259765625
ENC_ACCUM=0.0
AUTO_STOP=1
MOTOR_ANGLE=-0.0003779069767441861
MOTOR_ACCUM=-0.0003779069767441861
MOTOR_ROT=0

[12:59:06.660 EBOX]
TS=1786880114.719
V_SENSE5=1.2548828125
V_SENSE9=0.0390625
V_SENSE12=0.10009765625
ADC_V5=5.03570556640625
ADC_V9=9.27490234375
ADC_V12=11.81488037109375
ADC_V28=30.408935546875
THERMAL_SENS_OUT_1=23
THERMAL_SENS_OUT_2=-50
THERMAL_SENS_OUT_3=23
THERMAL_SENS_OUT_4=23
THERMAL_SENS_OUT_5=29
THERMAL_SENS_OUT_6=-50
THERMAL_SENS_INT_1=29
THERMAL_SENS_INT_2=24
PG_5=0
PG_9=0
PG_12=0
FLT_P2=0
FLT_P3=0
HEAT_1_TEMP=23
HEAT_1_DUTY=0
HEAT_1_SP=-20.0
HEAT_2_TEMP=23
HEAT_2_DUTY=0
HEAT_2_SP=-20.0
HEAT_3_TEMP=23
HEAT_3_DUTY=0
HEAT_3_SP=-20.0
HEAT_4_TEMP=29
HEAT_4_DUTY=0
HEAT_4_SP=-20.0
MOTOR_ANGLE=0.0003779069767441861
MOTOR_ACCUM=0.0003779069767441861
MOTOR_ROT=0

[12:59:07.796 CUBESAT]
TS=1786202599.207
PG_5=1
PG_9=0
PG_12=0
FLT_P2=0
FLT_P3=0
HEAT_1_TEMP=0.0
HEAT_1_DUTY=0
HEAT_1_SP=-20.0
ENC_RAW=10978
ENC_ANGLE=241.2158203125
ENC_ACCUM=-0.0439453125
AUTO_STOP=1
MOTOR_ANGLE=-0.0003779069767441861
MOTOR_ACCUM=-0.0003779069767441861
MOTOR_ROT=0

[12:59:08.615 EBOX]
TS=1786880116.720
V_SENSE5=1.32568359375
V_SENSE9=0.03173828125
V_SENSE12=0.1171875
ADC_V5=4.87640380859375
ADC_V9=9.381103515625
ADC_V12=11.8768310546875
ADC_V28=29.6478271484375
THERMAL_SENS_OUT_1=21
THERMAL_SENS_OUT_2=-50
THERMAL_SENS_OUT_3=28
THERMAL_SENS_OUT_4=25
THERMAL_SENS_OUT_5=31
THERMAL_SENS_OUT_6=-50
THERMAL_SENS_INT_1=29
THERMAL_SENS_INT_2=26
PG_5=0
PG_9=0
PG_12=0
FLT_P2=0
FLT_P3=0
HEAT_1_TEMP=21
HEAT_1_DUTY=0
HEAT_1_SP=-20.0
HEAT_2_TEMP=28
HEAT_2_DUTY=0
HEAT_2_SP=-20.0
HEAT_3_TEMP=25
HEAT_3_DUTY=0
HEAT_3_SP=-20.0
HEAT_4_TEMP=31
HEAT_4_DUTY=0
HEAT_4_SP=-20.0
MOTOR_ANGLE=0.0003779069767441861
MOTOR_ACCUM=0.0003779069767441861
MOTOR_ROT=0

[12:59:09.928 CUBESAT]
TS=1786202601.210
PG_5=1
PG_9=0
PG_12=0
FLT_P2=0
FLT_P3=0
HEAT_1_TEMP=0.0
HEAT_1_DUTY=10
HEAT_1_SP=-20.0
ENC_RAW=10979
ENC_ANGLE=241.23779296875
ENC_ACCUM=-0.02197265625
AUTO_STOP=1
MOTOR_ANGLE=-0.0003779069767441861
MOTOR_ACCUM=-0.0003779069767441861
MOTOR_ROT=0

[12:59:10.645 EBOX]
TS=1786880118.728
V_SENSE5=1.11083984375
V_SENSE9=0.07080078125
V_SENSE12=0.11962890625
ADC_V5=4.84100341796875
ADC_V9=9.4342041015625
ADC_V12=11.5582275390625
ADC_V28=29.5770263671875
THERMAL_SENS_OUT_1=23
THERMAL_SENS_OUT_2=-50
THERMAL_SENS_OUT_3=30
THERMAL_SENS_OUT_4=26
THERMAL_SENS_OUT_5=29
THERMAL_SENS_OUT_6=-50
THERMAL_SENS_INT_1=26
THERMAL_SENS_INT_2=30
PG_5=0
PG_9=0
PG_12=0
FLT_P2=0
FLT_P3=0
HEAT_1_TEMP=23
HEAT_1_DUTY=0
HEAT_1_SP=-20.0
HEAT_2_TEMP=30
HEAT_2_DUTY=0
HEAT_2_SP=-20.0
HEAT_3_TEMP=26
HEAT_3_DUTY=0
HEAT_3_SP=-20.0
HEAT_4_TEMP=29
HEAT_4_DUTY=0
HEAT_4_SP=-20.0
MOTOR_ANGLE=0.0003779069767441861
MOTOR_ACCUM=0.0003779069767441861
MOTOR_ROT=0

[12:59:11.868 CUBESAT]
TS=1786202603.210
PG_5=1
PG_9=0
PG_12=0
FLT_P2=0
FLT_P3=0
HEAT_1_TEMP=0.0
HEAT_1_DUTY=0
HEAT_1_SP=-20.0
ENC_RAW=10983
ENC_ANGLE=241.32568359375
ENC_ACCUM=0.06591796875
AUTO_STOP=1
MOTOR_ANGLE=-0.0003779069767441861
MOTOR_ACCUM=-0.0003779069767441861
MOTOR_ROT=0

[12:59:12.689 EBOX]
TS=1786880120.725
V_SENSE5=1.23779296875
V_SENSE9=0.03662109375
V_SENSE12=0.13671875
ADC_V5=4.96490478515625
ADC_V9=9.62005615234375
ADC_V12=11.7352294921875
ADC_V28=30.550537109375
THERMAL_SENS_OUT_1=24
THERMAL_SENS_OUT_2=-50
THERMAL_SENS_OUT_3=26
THERMAL_SENS_OUT_4=24
THERMAL_SENS_OUT_5=27
THERMAL_SENS_OUT_6=-50
THERMAL_SENS_INT_1=25
THERMAL_SENS_INT_2=29
PG_5=0
PG_9=0
PG_12=0
FLT_P2=0
FLT_P3=0
HEAT_1_TEMP=24
HEAT_1_DUTY=0
HEAT_1_SP=-20.0
HEAT_2_TEMP=26
HEAT_2_DUTY=0
HEAT_2_SP=-20.0
HEAT_3_TEMP=24
HEAT_3_DUTY=0
HEAT_3_SP=-20.0
HEAT_4_TEMP=27
HEAT_4_DUTY=0
HEAT_4_SP=-20.0
MOTOR_ANGLE=0.0003779069767441861
MOTOR_ACCUM=0.0003779069767441861
MOTOR_ROT=0

[12:59:13.905 CUBESAT]
TS=1786202605.212
PG_5=1
PG_9=0
PG_12=0
FLT_P2=0
FLT_P3=0
HEAT_1_TEMP=0.0
HEAT_1_DUTY=0
HEAT_1_SP=-20.0
ENC_RAW=10978
ENC_ANGLE=241.2158203125
ENC_ACCUM=-0.0439453125
AUTO_STOP=1
MOTOR_ANGLE=-0.0003779069767441861
MOTOR_ACCUM=-0.0003779069767441861
MOTOR_ROT=0

[12:59:14.724 EBOX]
TS=1786880122.725
V_SENSE5=1.17919921875
V_SENSE9=0.0341796875
V_SENSE12=0.126953125
ADC_V5=5.05340576171875
ADC_V9=9.03594970703125
ADC_V12=11.47857666015625
ADC_V28=29.94873046875
THERMAL_SENS_OUT_1=23
THERMAL_SENS_OUT_2=-50
THERMAL_SENS_OUT_3=26
THERMAL_SENS_OUT_4=23
THERMAL_SENS_OUT_5=30
THERMAL_SENS_OUT_6=-50
THERMAL_SENS_INT_1=26
THERMAL_SENS_INT_2=25
PG_5=0
PG_9=0
PG_12=0
FLT_P2=0
FLT_P3=0
HEAT_1_TEMP=23
HEAT_1_DUTY=0
HEAT_1_SP=-20.0
HEAT_2_TEMP=26
HEAT_2_DUTY=0
HEAT_2_SP=-20.0
HEAT_3_TEMP=23
HEAT_3_DUTY=0
HEAT_3_SP=-20.0
HEAT_4_TEMP=30
HEAT_4_DUTY=0
HEAT_4_SP=-20.0
MOTOR_ANGLE=0.0003779069767441861
MOTOR_ACCUM=0.0003779069767441861
MOTOR_ROT=0

[12:59:15.893 CUBESAT]
TS=1786202607.214
PG_5=1
PG_9=0
PG_12=0
FLT_P2=0
FLT_P3=0
HEAT_1_TEMP=0.0
HEAT_1_DUTY=0
HEAT_1_SP=-20.0
ENC_RAW=10978
ENC_ANGLE=241.2158203125
ENC_ACCUM=-0.0439453125
AUTO_STOP=1
MOTOR_ANGLE=-0.0003779069767441861
MOTOR_ACCUM=-0.0003779069767441861
MOTOR_ROT=0

[12:59:16.713 EBOX]
TS=1786880124.727
V_SENSE5=1.26953125
V_SENSE9=0.0341796875
V_SENSE12=0.1318359375
ADC_V5=4.8675537109375
ADC_V9=9.1156005859375
ADC_V12=11.68212890625
ADC_V28=30.34698486328125
THERMAL_SENS_OUT_1=26
THERMAL_SENS_OUT_2=-50
THERMAL_SENS_OUT_3=26
THERMAL_SENS_OUT_4=28
THERMAL_SENS_OUT_5=28
THERMAL_SENS_OUT_6=-50
THERMAL_SENS_INT_1=27
THERMAL_SENS_INT_2=28
PG_5=0
PG_9=0
PG_12=0
FLT_P2=0
FLT_P3=0
HEAT_1_TEMP=26
HEAT_1_DUTY=0
HEAT_1_SP=-20.0
HEAT_2_TEMP=26
HEAT_2_DUTY=0
HEAT_2_SP=-20.0
HEAT_3_TEMP=28
HEAT_3_DUTY=0
HEAT_3_SP=-20.0
HEAT_4_TEMP=28
HEAT_4_DUTY=0
HEAT_4_SP=-20.0
MOTOR_ANGLE=0.0003779069767441861
MOTOR_ACCUM=0.0003779069767441861
MOTOR_ROT=0

[12:59:17.847 CUBESAT]
TS=1786202609.217
PG_5=1
PG_9=0
PG_12=0
FLT_P2=0
FLT_P3=0
HEAT_1_TEMP=0.0
HEAT_1_DUTY=0
HEAT_1_SP=-20.0
ENC_RAW=10980
ENC_ANGLE=241.259765625
ENC_ACCUM=0.0
AUTO_STOP=1
MOTOR_ANGLE=-0.0003779069767441861
MOTOR_ACCUM=-0.0003779069767441861
MOTOR_ROT=0

[12:59:18.669 EBOX]
TS=1786880126.728
V_SENSE5=1.23291015625
V_SENSE9=0.0390625
V_SENSE12=0.12451171875
ADC_V5=4.991455078125
ADC_V9=8.9385986328125
ADC_V12=11.81488037109375
ADC_V28=29.35577392578125
THERMAL_SENS_OUT_1=25
THERMAL_SENS_OUT_2=-50
THERMAL_SENS_OUT_3=25
THERMAL_SENS_OUT_4=27
THERMAL_SENS_OUT_5=28
THERMAL_SENS_OUT_6=-50
THERMAL_SENS_INT_1=29
THERMAL_SENS_INT_2=30
PG_5=0
PG_9=0
PG_12=0
FLT_P2=0
FLT_P3=0
HEAT_1_TEMP=25
HEAT_1_DUTY=0
HEAT_1_SP=-20.0
HEAT_2_TEMP=25
HEAT_2_DUTY=0
HEAT_2_SP=-20.0
HEAT_3_TEMP=27
HEAT_3_DUTY=0
HEAT_3_SP=-20.0
HEAT_4_TEMP=28
HEAT_4_DUTY=0
HEAT_4_SP=-20.0
MOTOR_ANGLE=0.0003779069767441861
MOTOR_ACCUM=0.0003779069767441861
MOTOR_ROT=0

[12:59:19.881 CUBESAT]
TS=1786202611.219
PG_5=1
PG_9=0
PG_12=0
FLT_P2=0
FLT_P3=0
HEAT_1_TEMP=0.0
HEAT_1_DUTY=10
HEAT_1_SP=-20.0
ENC_RAW=10979
ENC_ANGLE=241.23779296875
ENC_ACCUM=-0.02197265625
AUTO_STOP=1
MOTOR_ANGLE=-0.0003779069767441861
MOTOR_ACCUM=-0.0003779069767441861
MOTOR_ROT=0

[12:59:20.603 EBOX]
TS=1786880128.733
V_SENSE5=1.32568359375
V_SENSE9=0.04638671875
V_SENSE12=0.10986328125
ADC_V5=4.87640380859375
ADC_V9=8.9385986328125
ADC_V12=11.6644287109375
ADC_V28=29.72747802734375
THERMAL_SENS_OUT_1=25
THERMAL_SENS_OUT_2=-50
THERMAL_SENS_OUT_3=26
THERMAL_SENS_OUT_4=26
THERMAL_SENS_OUT_5=26
THERMAL_SENS_OUT_6=-50
THERMAL_SENS_INT_1=24
THERMAL_SENS_INT_2=28
PG_5=0
PG_9=0
PG_12=0
FLT_P2=0
FLT_P3=0
HEAT_1_TEMP=25
HEAT_1_DUTY=0
HEAT_1_SP=-20.0
HEAT_2_TEMP=26
HEAT_2_DUTY=0
HEAT_2_SP=-20.0
HEAT_3_TEMP=26
HEAT_3_DUTY=0
HEAT_3_SP=-20.0
HEAT_4_TEMP=26
HEAT_4_DUTY=0
HEAT_4_SP=-20.0
MOTOR_ANGLE=0.0003779069767441861
MOTOR_ACCUM=0.0003779069767441861
MOTOR_ROT=0

[12:59:21.914 CUBESAT]
TS=1786202613.221
PG_5=1
PG_9=0
PG_12=0
FLT_P2=0
FLT_P3=0
HEAT_1_TEMP=0.0
HEAT_1_DUTY=0
HEAT_1_SP=-20.0
ENC_RAW=10980
ENC_ANGLE=241.259765625
ENC_ACCUM=0.0
AUTO_STOP=1
MOTOR_ANGLE=-0.0003779069767441861
MOTOR_ACCUM=-0.0003779069767441861
MOTOR_ROT=0

[12:59:22.637 EBOX]
TS=1786880130.731
V_SENSE5=1.26220703125
V_SENSE9=0.0390625
V_SENSE12=0.1220703125
ADC_V5=4.991455078125
ADC_V9=9.2218017578125
ADC_V12=11.56707763671875
ADC_V28=30.27618408203125
THERMAL_SENS_OUT_1=27
THERMAL_SENS_OUT_2=-50
THERMAL_SENS_OUT_3=29
THERMAL_SENS_OUT_4=27
THERMAL_SENS_OUT_5=27
THERMAL_SENS_OUT_6=-50
THERMAL_SENS_INT_1=26
THERMAL_SENS_INT_2=27
PG_5=0
PG_9=0
PG_12=0
FLT_P2=0
FLT_P3=0
HEAT_1_TEMP=27
HEAT_1_DUTY=0
HEAT_1_SP=-20.0
HEAT_2_TEMP=29
HEAT_2_DUTY=0
HEAT_2_SP=-20.0
HEAT_3_TEMP=27
HEAT_3_DUTY=0
HEAT_3_SP=-20.0
HEAT_4_TEMP=27
HEAT_4_DUTY=0
HEAT_4_SP=-20.0
MOTOR_ANGLE=0.0003779069767441861
MOTOR_ACCUM=0.0003779069767441861
MOTOR_ROT=0

[12:59:23.750 CUBESAT]
TS=1786202615.223
PG_5=1
PG_9=0
PG_12=0
FLT_P2=0
FLT_P3=0
HEAT_1_TEMP=0.0
HEAT_1_DUTY=0
HEAT_1_SP=-20.0
ENC_RAW=10983
ENC_ANGLE=241.32568359375
ENC_ACCUM=0.06591796875
AUTO_STOP=1
MOTOR_ANGLE=-0.0003779069767441861
MOTOR_ACCUM=-0.0003779069767441861
MOTOR_ROT=0

[12:59:24.673 EBOX]
TS=1786880132.735
V_SENSE5=1.27685546875
V_SENSE9=0.0390625
V_SENSE12=0.1220703125
ADC_V5=5.00030517578125
ADC_V9=9.1864013671875
ADC_V12=11.93878173828125
ADC_V28=29.62127685546875
THERMAL_SENS_OUT_1=22
THERMAL_SENS_OUT_2=-50
THERMAL_SENS_OUT_3=25
THERMAL_SENS_OUT_4=26
THERMAL_SENS_OUT_5=25
THERMAL_SENS_OUT_6=-50
THERMAL_SENS_INT_1=26
THERMAL_SENS_INT_2=27
PG_5=0
PG_9=0
PG_12=0
FLT_P2=0
FLT_P3=0
HEAT_1_TEMP=22
HEAT_1_DUTY=0
HEAT_1_SP=-20.0
HEAT_2_TEMP=25
HEAT_2_DUTY=0
HEAT_2_SP=-20.0
HEAT_3_TEMP=26
HEAT_3_DUTY=0
HEAT_3_SP=-20.0
HEAT_4_TEMP=25
HEAT_4_DUTY=0
HEAT_4_SP=-20.0
MOTOR_ANGLE=0.0003779069767441861
MOTOR_ACCUM=0.0003779069767441861
MOTOR_ROT=0

[12:59:25.885 CUBESAT]
TS=1786202617.224
PG_5=1
PG_9=0
PG_12=0
FLT_P2=0
FLT_P3=0
HEAT_1_TEMP=0.0
HEAT_1_DUTY=10
HEAT_1_SP=-20.0
ENC_RAW=10979
ENC_ANGLE=241.23779296875
ENC_ACCUM=-0.02197265625
AUTO_STOP=1
MOTOR_ANGLE=-0.0003779069767441861
MOTOR_ACCUM=-0.0003779069767441861
MOTOR_ROT=0

[12:59:26.705 EBOX]
TS=1786880134.736
V_SENSE5=1.22802734375
V_SENSE9=0.0390625
V_SENSE12=0.1171875
ADC_V5=4.8675537109375
ADC_V9=9.26605224609375
ADC_V12=11.5936279296875
ADC_V28=30.41778564453125
THERMAL_SENS_OUT_1=26
THERMAL_SENS_OUT_2=-50
THERMAL_SENS_OUT_3=30
THERMAL_SENS_OUT_4=26
THERMAL_SENS_OUT_5=28
THERMAL_SENS_OUT_6=-50
THERMAL_SENS_INT_1=28
THERMAL_SENS_INT_2=24
PG_5=0
PG_9=0
PG_12=0
FLT_P2=0
FLT_P3=0
HEAT_1_TEMP=26
HEAT_1_DUTY=0
HEAT_1_SP=-20.0
HEAT_2_TEMP=30
HEAT_2_DUTY=0
HEAT_2_SP=-20.0
HEAT_3_TEMP=26
HEAT_3_DUTY=0
HEAT_3_SP=-20.0
HEAT_4_TEMP=28
HEAT_4_DUTY=0
HEAT_4_SP=-20.0
MOTOR_ANGLE=0.0003779069767441861
MOTOR_ACCUM=0.0003779069767441861
MOTOR_ROT=0

[12:59:27.915 CUBESAT]
TS=1786202619.226
PG_5=1
PG_9=0
PG_12=0
FLT_P2=0
FLT_P3=0
HEAT_1_TEMP=0.0
HEAT_1_DUTY=0
HEAT_1_SP=-20.0
ENC_RAW=10980
ENC_ANGLE=241.259765625
ENC_ACCUM=0.0
AUTO_STOP=1
MOTOR_ANGLE=-0.0003779069767441861
MOTOR_ACCUM=-0.0003779069767441861
MOTOR_ROT=0

[12:59:28.644 EBOX]
TS=1786880136.738
V_SENSE5=1.20849609375
V_SENSE9=0.0341796875
V_SENSE12=0.1171875
ADC_V5=5.0091552734375
ADC_V9=9.3634033203125
ADC_V12=11.65557861328125
ADC_V28=30.43548583984375
THERMAL_SENS_OUT_1=27
THERMAL_SENS_OUT_2=-50
THERMAL_SENS_OUT_3=30
THERMAL_SENS_OUT_4=22
THERMAL_SENS_OUT_5=29
THERMAL_SENS_OUT_6=-50
THERMAL_SENS_INT_1=27
THERMAL_SENS_INT_2=25
PG_5=0
PG_9=0
PG_12=0
FLT_P2=0
FLT_P3=0
HEAT_1_TEMP=27
HEAT_1_DUTY=0
HEAT_1_SP=-20.0
HEAT_2_TEMP=30
HEAT_2_DUTY=0
HEAT_2_SP=-20.0
HEAT_3_TEMP=22
HEAT_3_DUTY=0
HEAT_3_SP=-20.0
HEAT_4_TEMP=29
HEAT_4_DUTY=0
HEAT_4_SP=-20.0
MOTOR_ANGLE=0.0003779069767441861
MOTOR_ACCUM=0.0003779069767441861
MOTOR_ROT=0

[12:59:29.880 CUBESAT]
TS=1786202621.227
PG_5=1
PG_9=0
PG_12=0
FLT_P2=0
FLT_P3=0
HEAT_1_TEMP=0.0
HEAT_1_DUTY=0
HEAT_1_SP=-20.0
ENC_RAW=10981
ENC_ANGLE=241.28173828125
ENC_ACCUM=0.02197265625
AUTO_STOP=1
MOTOR_ANGLE=-0.0003779069767441861
MOTOR_ACCUM=-0.0003779069767441861
MOTOR_ROT=0

[12:59:30.698 EBOX]
TS=1786880138.745
V_SENSE5=1.08642578125
V_SENSE9=0.0341796875
V_SENSE12=0.1171875
ADC_V5=5.00030517578125
ADC_V9=9.1156005859375
ADC_V12=11.5582275390625
ADC_V28=29.97528076171875
THERMAL_SENS_OUT_1=22
THERMAL_SENS_OUT_2=-50
THERMAL_SENS_OUT_3=30
THERMAL_SENS_OUT_4=24
THERMAL_SENS_OUT_5=28
THERMAL_SENS_OUT_6=-50
THERMAL_SENS_INT_1=24
THERMAL_SENS_INT_2=29
PG_5=0
PG_9=0
PG_12=0
FLT_P2=0
FLT_P3=0
HEAT_1_TEMP=22
HEAT_1_DUTY=0
HEAT_1_SP=-20.0
HEAT_2_TEMP=30
HEAT_2_DUTY=0
HEAT_2_SP=-20.0
HEAT_3_TEMP=24
HEAT_3_DUTY=0
HEAT_3_SP=-20.0
HEAT_4_TEMP=28
HEAT_4_DUTY=0
HEAT_4_SP=-20.0
MOTOR_ANGLE=0.0003779069767441861
MOTOR_ACCUM=0.0003779069767441861
MOTOR_ROT=0

[12:59:31.958 CUBESAT]
TS=1786202623.229
PG_5=1
PG_9=0
PG_12=0
FLT_P2=0
FLT_P3=0
HEAT_1_TEMP=0.0
HEAT_1_DUTY=0
HEAT_1_SP=-20.0
ENC_RAW=10979
ENC_ANGLE=241.23779296875
ENC_ACCUM=-0.02197265625
AUTO_STOP=1
MOTOR_ANGLE=-0.0003779069767441861
MOTOR_ACCUM=-0.0003779069767441861
MOTOR_ROT=0

[12:59:32.678 EBOX]
TS=1786880140.748
V_SENSE5=1.49169921875
V_SENSE9=0.0390625
V_SENSE12=0.126953125
ADC_V5=5.0091552734375
ADC_V9=9.23065185546875
ADC_V12=11.54052734375
ADC_V28=30.43548583984375
THERMAL_SENS_OUT_1=24
THERMAL_SENS_OUT_2=-50
THERMAL_SENS_OUT_3=25
THERMAL_SENS_OUT_4=23
THERMAL_SENS_OUT_5=27
THERMAL_SENS_OUT_6=-50
THERMAL_SENS_INT_1=27
THERMAL_SENS_INT_2=24
PG_5=0
PG_9=0
PG_12=0
FLT_P2=0
FLT_P3=0
HEAT_1_TEMP=24
HEAT_1_DUTY=0
HEAT_1_SP=-20.0
HEAT_2_TEMP=25
HEAT_2_DUTY=0
HEAT_2_SP=-20.0
HEAT_3_TEMP=23
HEAT_3_DUTY=0
HEAT_3_SP=-20.0
HEAT_4_TEMP=27
HEAT_4_DUTY=0
HEAT_4_SP=-20.0
MOTOR_ANGLE=0.0003779069767441861
MOTOR_ACCUM=0.0003779069767441861
MOTOR_ROT=0

[12:59:33.893 CUBESAT]
TS=1786202625.232
PG_5=1
PG_9=0
PG_12=0
FLT_P2=0
FLT_P3=0
HEAT_1_TEMP=0.0
HEAT_1_DUTY=0
HEAT_1_SP=-20.0
ENC_RAW=10983
ENC_ANGLE=241.32568359375
ENC_ACCUM=0.06591796875
AUTO_STOP=1
MOTOR_ANGLE=-0.0003779069767441861
MOTOR_ACCUM=-0.0003779069767441861
MOTOR_ROT=0

[12:59:34.713 EBOX]
TS=1786880142.743
V_SENSE5=1.21337890625
V_SENSE9=0.0390625
V_SENSE12=0.107421875
ADC_V5=4.9737548828125
ADC_V9=9.08905029296875
ADC_V12=11.85028076171875
ADC_V28=29.51507568359375
THERMAL_SENS_OUT_1=23
THERMAL_SENS_OUT_2=-50
THERMAL_SENS_OUT_3=29
THERMAL_SENS_OUT_4=25
THERMAL_SENS_OUT_5=27
THERMAL_SENS_OUT_6=-50
THERMAL_SENS_INT_1=26
THERMAL_SENS_INT_2=30
PG_5=0
PG_9=0
PG_12=0
FLT_P2=0
FLT_P3=0
HEAT_1_TEMP=23
HEAT_1_DUTY=0
HEAT_1_SP=-20.0
HEAT_2_TEMP=29
HEAT_2_DUTY=0
HEAT_2_SP=-20.0
HEAT_3_TEMP=25
HEAT_3_DUTY=0
HEAT_3_SP=-20.0
HEAT_4_TEMP=27
HEAT_4_DUTY=0
HEAT_4_SP=-20.0
MOTOR_ANGLE=0.0003779069767441861
MOTOR_ACCUM=0.0003779069767441861
MOTOR_ROT=0

[12:59:35.926 CUBESAT]
TS=1786202627.234
PG_5=1
PG_9=0
PG_12=0
FLT_P2=0
FLT_P3=0
HEAT_1_TEMP=0.0
HEAT_1_DUTY=10
HEAT_1_SP=-20.0
ENC_RAW=10982
ENC_ANGLE=241.3037109375
ENC_ACCUM=0.0439453125
AUTO_STOP=1
MOTOR_ANGLE=-0.0003779069767441861
MOTOR_ACCUM=-0.0003779069767441861
MOTOR_ROT=0

[12:59:36.750 EBOX]
TS=1786880144.743
V_SENSE5=1.25244140625
V_SENSE9=0.0341796875
V_SENSE12=0.1220703125
ADC_V5=4.91180419921875
ADC_V9=9.1156005859375
ADC_V12=11.54052734375
ADC_V28=30.06378173828125
THERMAL_SENS_OUT_1=22
THERMAL_SENS_OUT_2=-50
THERMAL_SENS_OUT_3=28
THERMAL_SENS_OUT_4=22
THERMAL_SENS_OUT_5=31
THERMAL_SENS_OUT_6=-50
THERMAL_SENS_INT_1=26
THERMAL_SENS_INT_2=29
PG_5=0
PG_9=0
PG_12=0
FLT_P2=0
FLT_P3=0
HEAT_1_TEMP=22
HEAT_1_DUTY=0
HEAT_1_SP=-20.0
HEAT_2_TEMP=28
HEAT_2_DUTY=0
HEAT_2_SP=-20.0
HEAT_3_TEMP=22
HEAT_3_DUTY=0
HEAT_3_SP=-20.0
HEAT_4_TEMP=31
HEAT_4_DUTY=0
HEAT_4_SP=-20.0
MOTOR_ANGLE=0.0003779069767441861
MOTOR_ACCUM=0.0003779069767441861
MOTOR_ROT=0

[12:59:37.905 CUBESAT]
TS=1786202629.237
PG_5=1
PG_9=0
PG_12=0
FLT_P2=0
FLT_P3=0
HEAT_1_TEMP=0.0
HEAT_1_DUTY=0
HEAT_1_SP=-20.0
ENC_RAW=10977
ENC_ANGLE=241.19384765625
ENC_ACCUM=-0.06591796875
AUTO_STOP=1
MOTOR_ANGLE=-0.0003779069767441861
MOTOR_ACCUM=-0.0003779069767441861
MOTOR_ROT=0

[12:59:38.684 EBOX]
TS=1786880146.746
V_SENSE5=1.20849609375
V_SENSE9=0.0390625
V_SENSE12=0.1123046875
ADC_V5=4.9383544921875
ADC_V9=9.0625
ADC_V12=11.76177978515625
ADC_V28=30.22308349609375
THERMAL_SENS_OUT_1=24
THERMAL_SENS_OUT_2=-50
THERMAL_SENS_OUT_3=24
THERMAL_SENS_OUT_4=25
THERMAL_SENS_OUT_5=29
THERMAL_SENS_OUT_6=-50
THERMAL_SENS_INT_1=27
THERMAL_SENS_INT_2=24
PG_5=0
PG_9=0
PG_12=0
FLT_P2=0
FLT_P3=0
HEAT_1_TEMP=24
HEAT_1_DUTY=0
HEAT_1_SP=-20.0
HEAT_2_TEMP=24
HEAT_2_DUTY=0
HEAT_2_SP=-20.0
HEAT_3_TEMP=25
HEAT_3_DUTY=0
HEAT_3_SP=-20.0
HEAT_4_TEMP=29
HEAT_4_DUTY=0
HEAT_4_SP=-20.0
MOTOR_ANGLE=0.0003779069767441861
MOTOR_ACCUM=0.0003779069767441861
MOTOR_ROT=0

[12:59:39.965 CUBESAT]
TS=1786202631.239
PG_5=1
PG_9=0
PG_12=0
FLT_P2=0
FLT_P3=0
HEAT_1_TEMP=0.0
HEAT_1_DUTY=0
HEAT_1_SP=-20.0
ENC_RAW=10980
ENC_ANGLE=241.259765625
ENC_ACCUM=0.0
AUTO_STOP=1
MOTOR_ANGLE=-0.0003779069767441861
MOTOR_ACCUM=-0.0003779069767441861
MOTOR_ROT=0

[12:59:40.714 EBOX]
TS=1786880148.747
V_SENSE5=1.15478515625
V_SENSE9=0.0390625
V_SENSE12=0.1123046875
ADC_V5=4.96490478515625
ADC_V9=9.0093994140625
ADC_V12=11.82373046875
ADC_V28=29.44427490234375
THERMAL_SENS_OUT_1=22
THERMAL_SENS_OUT_2=-50
THERMAL_SENS_OUT_3=24
THERMAL_SENS_OUT_4=26
THERMAL_SENS_OUT_5=26
THERMAL_SENS_OUT_6=-50
THERMAL_SENS_INT_1=27
THERMAL_SENS_INT_2=26
PG_5=0
PG_9=0
PG_12=0
FLT_P2=0
FLT_P3=0
HEAT_1_TEMP=22
HEAT_1_DUTY=0
HEAT_1_SP=-20.0
HEAT_2_TEMP=24
HEAT_2_DUTY=0
HEAT_2_SP=-20.0
HEAT_3_TEMP=26
HEAT_3_DUTY=0
HEAT_3_SP=-20.0
HEAT_4_TEMP=26
HEAT_4_DUTY=0
HEAT_4_SP=-20.0
MOTOR_ANGLE=0.0003779069767441861
MOTOR_ACCUM=0.0003779069767441861
MOTOR_ROT=0

[12:59:41.908 CUBESAT]
TS=1786202633.241
PG_5=1
PG_9=0
PG_12=0
FLT_P2=0
FLT_P3=0
HEAT_1_TEMP=0.0
HEAT_1_DUTY=0
HEAT_1_SP=-20.0
ENC_RAW=10980
ENC_ANGLE=241.259765625
ENC_ACCUM=0.0
AUTO_STOP=1
MOTOR_ANGLE=-0.0003779069767441861
MOTOR_ACCUM=-0.0003779069767441861
MOTOR_ROT=0

[12:59:42.746 EBOX]
TS=1786880150.750
V_SENSE5=1.46240234375
V_SENSE9=0.07568359375
V_SENSE12=0.1123046875
ADC_V5=4.92950439453125
ADC_V9=9.0093994140625
ADC_V12=11.8414306640625
ADC_V28=30.40008544921875
THERMAL_SENS_OUT_1=25
THERMAL_SENS_OUT_2=-50
THERMAL_SENS_OUT_3=27
THERMAL_SENS_OUT_4=27
THERMAL_SENS_OUT_5=28
THERMAL_SENS_OUT_6=-50
THERMAL_SENS_INT_1=24
THERMAL_SENS_INT_2=29
PG_5=0
PG_9=0
PG_12=0
FLT_P2=0
FLT_P3=0
HEAT_1_TEMP=25
HEAT_1_DUTY=0
HEAT_1_SP=-20.0
HEAT_2_TEMP=27
HEAT_2_DUTY=0
HEAT_2_SP=-20.0
HEAT_3_TEMP=27
HEAT_3_DUTY=0
HEAT_3_SP=-20.0
HEAT_4_TEMP=28
HEAT_4_DUTY=0
HEAT_4_SP=-20.0
MOTOR_ANGLE=0.0003779069767441861
MOTOR_ACCUM=0.0003779069767441861
MOTOR_ROT=0

[12:59:43.930 CUBESAT]
TS=1786202635.243
PG_5=1
PG_9=0
PG_12=0
FLT_P2=0
FLT_P3=0
HEAT_1_TEMP=0.0
HEAT_1_DUTY=0
HEAT_1_SP=-20.0
ENC_RAW=10981
ENC_ANGLE=241.28173828125
ENC_ACCUM=0.02197265625
AUTO_STOP=1
MOTOR_ANGLE=-0.0003779069767441861
MOTOR_ACCUM=-0.0003779069767441861
MOTOR_ROT=0

[12:59:44.729 EBOX]
TS=1786880152.751
V_SENSE5=1.28662109375
V_SENSE9=0.0390625
V_SENSE12=0.12939453125
ADC_V5=4.98260498046875
ADC_V9=9.2218017578125
ADC_V12=11.79718017578125
ADC_V28=30.48858642578125
THERMAL_SENS_OUT_1=21
THERMAL_SENS_OUT_2=-50
THERMAL_SENS_OUT_3=28
THERMAL_SENS_OUT_4=27
THERMAL_SENS_OUT_5=28
THERMAL_SENS_OUT_6=-50
THERMAL_SENS_INT_1=24
THERMAL_SENS_INT_2=25
PG_5=0
PG_9=0
PG_12=0
FLT_P2=0
FLT_P3=0
HEAT_1_TEMP=21
HEAT_1_DUTY=0
HEAT_1_SP=-20.0
HEAT_2_TEMP=28
HEAT_2_DUTY=0
HEAT_2_SP=-20.0
HEAT_3_TEMP=27
HEAT_3_DUTY=0
HEAT_3_SP=-20.0
HEAT_4_TEMP=28
HEAT_4_DUTY=0
HEAT_4_SP=-20.0
MOTOR_ANGLE=0.0003779069767441861
MOTOR_ACCUM=0.0003779069767441861
MOTOR_ROT=0

[12:59:45.948 CUBESAT]
TS=1786202637.244
PG_5=1
PG_9=0
PG_12=0
FLT_P2=0
FLT_P3=0
HEAT_1_TEMP=0.0
HEAT_1_DUTY=10
HEAT_1_SP=-20.0
ENC_RAW=10981
ENC_ANGLE=241.28173828125
ENC_ACCUM=0.02197265625
AUTO_STOP=1
MOTOR_ANGLE=-0.0003779069767441861
MOTOR_ACCUM=-0.0003779069767441861
MOTOR_ROT=0

[12:59:46.764 EBOX]
TS=1786880154.753
V_SENSE5=1.35498046875
V_SENSE9=0.03662109375
V_SENSE12=0.10986328125
ADC_V5=4.98260498046875
ADC_V9=9.17755126953125
ADC_V12=11.69097900390625
ADC_V28=30.01068115234375
THERMAL_SENS_OUT_1=25
THERMAL_SENS_OUT_2=-50
THERMAL_SENS_OUT_3=28
THERMAL_SENS_OUT_4=27
THERMAL_SENS_OUT_5=26
THERMAL_SENS_OUT_6=-50
THERMAL_SENS_INT_1=29
THERMAL_SENS_INT_2=24
PG_5=0
PG_9=0
PG_12=0
FLT_P2=0
FLT_P3=0
HEAT_1_TEMP=25
HEAT_1_DUTY=0
HEAT_1_SP=-20.0
HEAT_2_TEMP=28
HEAT_2_DUTY=0
HEAT_2_SP=-20.0
HEAT_3_TEMP=27
HEAT_3_DUTY=0
HEAT_3_SP=-20.0
HEAT_4_TEMP=26
HEAT_4_DUTY=0
HEAT_4_SP=-20.0
MOTOR_ANGLE=0.0003779069767441861
MOTOR_ACCUM=0.0003779069767441861
MOTOR_ROT=0

[12:59:47.874 CUBESAT]
TS=1786202639.246
PG_5=1
PG_9=0
PG_12=0
FLT_P2=0
FLT_P3=0
HEAT_1_TEMP=0.0
HEAT_1_DUTY=0
HEAT_1_SP=-20.0
ENC_RAW=10980
ENC_ANGLE=241.259765625
ENC_ACCUM=0.0
AUTO_STOP=1
MOTOR_ANGLE=-0.0003779069767441861
MOTOR_ACCUM=-0.0003779069767441861
MOTOR_ROT=0

[12:59:48.700 EBOX]
TS=1786880156.755
V_SENSE5=1.23046875
V_SENSE9=0.0341796875
V_SENSE12=0.1123046875
ADC_V5=4.920654296875
ADC_V9=9.027099609375
ADC_V12=11.788330078125
ADC_V28=29.6124267578125
THERMAL_SENS_OUT_1=23
THERMAL_SENS_OUT_2=-50
THERMAL_SENS_OUT_3=29
THERMAL_SENS_OUT_4=22
THERMAL_SENS_OUT_5=27
THERMAL_SENS_OUT_6=-50
THERMAL_SENS_INT_1=25
THERMAL_SENS_INT_2=27
PG_5=0
PG_9=0
PG_12=0
FLT_P2=0
FLT_P3=0
HEAT_1_TEMP=23
HEAT_1_DUTY=0
HEAT_1_SP=-20.0
HEAT_2_TEMP=29
HEAT_2_DUTY=0
HEAT_2_SP=-20.0
HEAT_3_TEMP=22
HEAT_3_DUTY=0
HEAT_3_SP=-20.0
HEAT_4_TEMP=27
HEAT_4_DUTY=0
HEAT_4_SP=-20.0
MOTOR_ANGLE=0.0003779069767441861
MOTOR_ACCUM=0.0003779069767441861
MOTOR_ROT=0

[12:59:50.011 CUBESAT]
TS=1786202641.247
PG_5=1
PG_9=0
PG_12=0
FLT_P2=0
FLT_P3=0
HEAT_1_TEMP=0.0
HEAT_1_DUTY=0
HEAT_1_SP=-20.0
ENC_RAW=10981
ENC_ANGLE=241.28173828125
ENC_ACCUM=0.02197265625
AUTO_STOP=1
MOTOR_ANGLE=-0.0003779069767441861
MOTOR_ACCUM=-0.0003779069767441861
MOTOR_ROT=0

[12:59:50.734 EBOX]
TS=1786880158.759
V_SENSE5=1.30615234375
V_SENSE9=0.03662109375
V_SENSE12=0.1318359375
ADC_V5=4.92950439453125
ADC_V9=9.027099609375
ADC_V12=11.4874267578125
ADC_V28=29.62127685546875
THERMAL_SENS_OUT_1=21
THERMAL_SENS_OUT_2=-50
THERMAL_SENS_OUT_3=24
THERMAL_SENS_OUT_4=26
THERMAL_SENS_OUT_5=26
THERMAL_SENS_OUT_6=-50
THERMAL_SENS_INT_1=29
THERMAL_SENS_INT_2=26
PG_5=0
PG_9=0
PG_12=0
FLT_P2=0
FLT_P3=0
HEAT_1_TEMP=21
HEAT_1_DUTY=0
HEAT_1_SP=-20.0
HEAT_2_TEMP=24
HEAT_2_DUTY=0
HEAT_2_SP=-20.0
HEAT_3_TEMP=26
HEAT_3_DUTY=0
HEAT_3_SP=-20.0
HEAT_4_TEMP=26
HEAT_4_DUTY=0
HEAT_4_SP=-20.0
MOTOR_ANGLE=0.0003779069767441861
MOTOR_ACCUM=0.0003779069767441861
MOTOR_ROT=0

[12:59:51.945 CUBESAT]
TS=1786202643.247
PG_5=1
PG_9=0
PG_12=0
FLT_P2=0
FLT_P3=0
HEAT_1_TEMP=0.0
HEAT_1_DUTY=0
HEAT_1_SP=-20.0
ENC_RAW=10980
ENC_ANGLE=241.259765625
ENC_ACCUM=0.0
AUTO_STOP=1
MOTOR_ANGLE=-0.0003779069767441861
MOTOR_ACCUM=-0.0003779069767441861
MOTOR_ROT=0

[12:59:52.766 EBOX]
TS=1786880160.763
V_SENSE5=1.2060546875
V_SENSE9=0.0390625
V_SENSE12=0.12451171875
ADC_V5=4.920654296875
ADC_V9=8.96514892578125
ADC_V12=11.575927734375
ADC_V28=29.8956298828125
THERMAL_SENS_OUT_1=24
THERMAL_SENS_OUT_2=-50
THERMAL_SENS_OUT_3=24
THERMAL_SENS_OUT_4=22
THERMAL_SENS_OUT_5=31
THERMAL_SENS_OUT_6=-50
THERMAL_SENS_INT_1=31
THERMAL_SENS_INT_2=25
PG_5=0
PG_9=0
PG_12=0
FLT_P2=0
FLT_P3=0
HEAT_1_TEMP=24
HEAT_1_DUTY=0
HEAT_1_SP=-20.0
HEAT_2_TEMP=24
HEAT_2_DUTY=0
HEAT_2_SP=-20.0
HEAT_3_TEMP=22
HEAT_3_DUTY=0
HEAT_3_SP=-20.0
HEAT_4_TEMP=31
HEAT_4_DUTY=0
HEAT_4_SP=-20.0
MOTOR_ANGLE=0.0003779069767441861
MOTOR_ACCUM=0.0003779069767441861
MOTOR_ROT=0

[12:59:53.882 CUBESAT]
TS=1786202645.249
PG_5=1
PG_9=0
PG_12=0
FLT_P2=0
FLT_P3=0
HEAT_1_TEMP=0.0
HEAT_1_DUTY=0
HEAT_1_SP=-20.0
ENC_RAW=10980
ENC_ANGLE=241.259765625
ENC_ACCUM=0.0
AUTO_STOP=1
MOTOR_ANGLE=-0.0003779069767441861
MOTOR_ACCUM=-0.0003779069767441861
MOTOR_ROT=0

[12:59:54.602 EBOX]
TS=1786880162.761
V_SENSE5=1.1474609375
V_SENSE9=0.05615234375
V_SENSE12=0.11962890625
ADC_V5=4.920654296875
ADC_V9=8.7261962890625
ADC_V12=11.82373046875
ADC_V28=29.453125
THERMAL_SENS_OUT_1=23
THERMAL_SENS_OUT_2=-50
THERMAL_SENS_OUT_3=25
THERMAL_SENS_OUT_4=26
THERMAL_SENS_OUT_5=28
THERMAL_SENS_OUT_6=-50
THERMAL_SENS_INT_1=28
THERMAL_SENS_INT_2=24
PG_5=0
PG_9=0
PG_12=0
FLT_P2=0
FLT_P3=0
HEAT_1_TEMP=23
HEAT_1_DUTY=0
HEAT_1_SP=-20.0
HEAT_2_TEMP=25
HEAT_2_DUTY=0
HEAT_2_SP=-20.0
HEAT_3_TEMP=26
HEAT_3_DUTY=0
HEAT_3_SP=-20.0
HEAT_4_TEMP=28
HEAT_4_DUTY=0
HEAT_4_SP=-20.0
MOTOR_ANGLE=0.0003779069767441861
MOTOR_ACCUM=0.0003779069767441861
MOTOR_ROT=0

[12:59:55.915 CUBESAT]
TS=1786202647.250
PG_5=1
PG_9=0
PG_12=0
FLT_P2=0
FLT_P3=0
HEAT_1_TEMP=0.0
HEAT_1_DUTY=0
HEAT_1_SP=-20.0
ENC_RAW=10980
ENC_ANGLE=241.259765625
ENC_ACCUM=0.0
AUTO_STOP=1
MOTOR_ANGLE=-0.0003779069767441861
MOTOR_ACCUM=-0.0003779069767441861
MOTOR_ROT=0

[12:59:56.669 EBOX]
TS=1786880164.763
V_SENSE5=1.22314453125
V_SENSE9=0.0341796875
V_SENSE12=0.15380859375
ADC_V5=4.849853515625
ADC_V9=8.99169921875
ADC_V12=11.6290283203125
ADC_V28=29.3292236328125
THERMAL_SENS_OUT_1=23
THERMAL_SENS_OUT_2=-50
THERMAL_SENS_OUT_3=26
THERMAL_SENS_OUT_4=26
THERMAL_SENS_OUT_5=27
THERMAL_SENS_OUT_6=-50
THERMAL_SENS_INT_1=26
THERMAL_SENS_INT_2=29
PG_5=0
PG_9=0
PG_12=0
FLT_P2=0
FLT_P3=0
HEAT_1_TEMP=23
HEAT_1_DUTY=0
HEAT_1_SP=-20.0
HEAT_2_TEMP=26
HEAT_2_DUTY=0
HEAT_2_SP=-20.0
HEAT_3_TEMP=26
HEAT_3_DUTY=0
HEAT_3_SP=-20.0
HEAT_4_TEMP=27
HEAT_4_DUTY=0
HEAT_4_SP=-20.0
MOTOR_ANGLE=0.0003779069767441861
MOTOR_ACCUM=0.0003779069767441861
MOTOR_ROT=0

[12:59:57.909 CUBESAT]
TS=1786202649.252
PG_5=1
PG_9=0
PG_12=0
FLT_P2=0
FLT_P3=0
HEAT_1_TEMP=0.0
HEAT_1_DUTY=0
HEAT_1_SP=-20.0
ENC_RAW=10980
ENC_ANGLE=241.259765625
ENC_ACCUM=0.0
AUTO_STOP=1
MOTOR_ANGLE=-0.0003779069767441861
MOTOR_ACCUM=-0.0003779069767441861
MOTOR_ROT=0

[12:59:58.735 EBOX]
TS=1786880166.765
V_SENSE5=1.29150390625
V_SENSE9=0.0390625
V_SENSE12=0.12451171875
ADC_V5=4.9560546875
ADC_V9=9.55810546875
ADC_V12=11.54937744140625
ADC_V28=30.24078369140625
THERMAL_SENS_OUT_1=26
THERMAL_SENS_OUT_2=-50
THERMAL_SENS_OUT_3=29
THERMAL_SENS_OUT_4=22
THERMAL_SENS_OUT_5=31
THERMAL_SENS_OUT_6=-50
THERMAL_SENS_INT_1=24
THERMAL_SENS_INT_2=29
PG_5=0
PG_9=0
PG_12=0
FLT_P2=0
FLT_P3=0
HEAT_1_TEMP=26
HEAT_1_DUTY=0
HEAT_1_SP=-20.0
HEAT_2_TEMP=29
HEAT_2_DUTY=0
HEAT_2_SP=-20.0
HEAT_3_TEMP=22
HEAT_3_DUTY=0
HEAT_3_SP=-20.0
HEAT_4_TEMP=31
HEAT_4_DUTY=0
HEAT_4_SP=-20.0
MOTOR_ANGLE=0.0003779069767441861
MOTOR_ACCUM=0.0003779069767441861
MOTOR_ROT=0

[12:59:59.945 CUBESAT]
TS=1786202651.254
PG_5=1
PG_9=0
PG_12=0
FLT_P2=0
FLT_P3=0
HEAT_1_TEMP=0.0
HEAT_1_DUTY=0
HEAT_1_SP=-20.0
ENC_RAW=10979
ENC_ANGLE=241.23779296875
ENC_ACCUM=-0.02197265625
AUTO_STOP=1
MOTOR_ANGLE=-0.0003779069767441861
MOTOR_ACCUM=-0.0003779069767441861
MOTOR_ROT=0

[13:00:00.768 EBOX]
TS=1786880168.765
V_SENSE5=1.13525390625
V_SENSE9=0.0341796875
V_SENSE12=0.15380859375
ADC_V5=4.88525390625
ADC_V9=9.6820068359375
ADC_V12=11.54052734375
ADC_V28=30.0726318359375
THERMAL_SENS_OUT_1=22
THERMAL_SENS_OUT_2=-50
THERMAL_SENS_OUT_3=26
THERMAL_SENS_OUT_4=26
THERMAL_SENS_OUT_5=26
THERMAL_SENS_OUT_6=-50
THERMAL_SENS_INT_1=25
THERMAL_SENS_INT_2=30
PG_5=0
PG_9=0
PG_12=0
FLT_P2=0
FLT_P3=0
HEAT_1_TEMP=22
HEAT_1_DUTY=0
HEAT_1_SP=-20.0
HEAT_2_TEMP=26
HEAT_2_DUTY=0
HEAT_2_SP=-20.0
HEAT_3_TEMP=26
HEAT_3_DUTY=0
HEAT_3_SP=-20.0
HEAT_4_TEMP=26
HEAT_4_DUTY=0
HEAT_4_SP=-20.0
MOTOR_ANGLE=0.0003779069767441861
MOTOR_ACCUM=0.0003779069767441861
MOTOR_ROT=0

[13:00:01.983 CUBESAT]
TS=1786202653.256
PG_5=1
PG_9=0
PG_12=0
FLT_P2=0
FLT_P3=0
HEAT_1_TEMP=0.0
HEAT_1_DUTY=10
HEAT_1_SP=-20.0
ENC_RAW=10979
ENC_ANGLE=241.23779296875
ENC_ACCUM=-0.02197265625
AUTO_STOP=1
MOTOR_ANGLE=-0.0003779069767441861
MOTOR_ACCUM=-0.0003779069767441861
MOTOR_ROT=0

[13:00:02.711 EBOX]
TS=1786880170.767
V_SENSE5=1.2451171875
V_SENSE9=0.0341796875
V_SENSE12=0.13916015625
ADC_V5=4.9737548828125
ADC_V9=9.53155517578125
ADC_V12=11.62017822265625
ADC_V28=30.38238525390625
THERMAL_SENS_OUT_1=26
THERMAL_SENS_OUT_2=-50
THERMAL_SENS_OUT_3=28
THERMAL_SENS_OUT_4=26
THERMAL_SENS_OUT_5=26
THERMAL_SENS_OUT_6=-50
THERMAL_SENS_INT_1=27
THERMAL_SENS_INT_2=26
PG_5=0
PG_9=0
PG_12=0
FLT_P2=0
FLT_P3=0
HEAT_1_TEMP=26
HEAT_1_DUTY=0
HEAT_1_SP=-20.0
HEAT_2_TEMP=28
HEAT_2_DUTY=0
HEAT_2_SP=-20.0
HEAT_3_TEMP=26
HEAT_3_DUTY=0
HEAT_3_SP=-20.0
HEAT_4_TEMP=26
HEAT_4_DUTY=0
HEAT_4_SP=-20.0
MOTOR_ANGLE=0.0003779069767441861
MOTOR_ACCUM=0.0003779069767441861
MOTOR_ROT=0

[13:00:03.931 CUBESAT]
TS=1786202655.257
PG_5=1
PG_9=0
PG_12=0
FLT_P2=0
FLT_P3=0
HEAT_1_TEMP=0.0
HEAT_1_DUTY=0
HEAT_1_SP=-20.0
ENC_RAW=10978
ENC_ANGLE=241.2158203125
ENC_ACCUM=-0.0439453125
AUTO_STOP=1
MOTOR_ANGLE=-0.0003779069767441861
MOTOR_ACCUM=-0.0003779069767441861
MOTOR_ROT=0

[13:00:04.748 EBOX]
TS=1786880172.769
V_SENSE5=1.25
V_SENSE9=0.03173828125
V_SENSE12=0.10498046875
ADC_V5=4.96490478515625
ADC_V9=9.53155517578125
ADC_V12=11.92108154296875
ADC_V28=30.302734375
THERMAL_SENS_OUT_1=23
THERMAL_SENS_OUT_2=-50
THERMAL_SENS_OUT_3=26
THERMAL_SENS_OUT_4=26
THERMAL_SENS_OUT_5=26
THERMAL_SENS_OUT_6=-50
THERMAL_SENS_INT_1=27
THERMAL_SENS_INT_2=26
PG_5=0
PG_9=0
PG_12=0
FLT_P2=0
FLT_P3=0
HEAT_1_TEMP=23
HEAT_1_DUTY=0
HEAT_1_SP=-20.0
HEAT_2_TEMP=26
HEAT_2_DUTY=0
HEAT_2_SP=-20.0
HEAT_3_TEMP=26
HEAT_3_DUTY=0
HEAT_3_SP=-20.0
HEAT_4_TEMP=26
HEAT_4_DUTY=0
HEAT_4_SP=-20.0
MOTOR_ANGLE=0.0003779069767441861
MOTOR_ACCUM=0.0003779069767441861
MOTOR_ROT=0

[13:00:05.961 CUBESAT]
TS=1786202657.257
PG_5=1
PG_9=0
PG_12=0
FLT_P2=0
FLT_P3=0
HEAT_1_TEMP=0.0
HEAT_1_DUTY=0
HEAT_1_SP=-20.0
ENC_RAW=10978
ENC_ANGLE=241.2158203125
ENC_ACCUM=-0.0439453125
AUTO_STOP=1
MOTOR_ANGLE=-0.0003779069767441861
MOTOR_ACCUM=-0.0003779069767441861
MOTOR_ROT=0

[13:00:06.732 EBOX]
TS=1786880174.770
V_SENSE5=1.171875
V_SENSE9=0.0390625
V_SENSE12=0.126953125
ADC_V5=5.0091552734375
ADC_V9=9.5050048828125
ADC_V12=11.5936279296875
ADC_V28=29.47967529296875
THERMAL_SENS_OUT_1=23
THERMAL_SENS_OUT_2=-50
THERMAL_SENS_OUT_3=25
THERMAL_SENS_OUT_4=26
THERMAL_SENS_OUT_5=26
THERMAL_SENS_OUT_6=-50
THERMAL_SENS_INT_1=24
THERMAL_SENS_INT_2=29
PG_5=0
PG_9=0
PG_12=0
FLT_P2=0
FLT_P3=0
HEAT_1_TEMP=23
HEAT_1_DUTY=0
HEAT_1_SP=-20.0
HEAT_2_TEMP=25
HEAT_2_DUTY=0
HEAT_2_SP=-20.0
HEAT_3_TEMP=26
HEAT_3_DUTY=0
HEAT_3_SP=-20.0
HEAT_4_TEMP=26
HEAT_4_DUTY=0
HEAT_4_SP=-20.0
MOTOR_ANGLE=0.0003779069767441861
MOTOR_ACCUM=0.0003779069767441861
MOTOR_ROT=0

[13:00:07.940 CUBESAT]
TS=1786202659.260
PG_5=1
PG_9=0
PG_12=0
FLT_P2=0
FLT_P3=0
HEAT_1_TEMP=0.0
HEAT_1_DUTY=0
HEAT_1_SP=-20.0
ENC_RAW=10980
ENC_ANGLE=241.259765625
ENC_ACCUM=0.0
AUTO_STOP=1
MOTOR_ANGLE=-0.0003779069767441861
MOTOR_ACCUM=-0.0003779069767441861
MOTOR_ROT=0

[13:00:08.765 EBOX]
TS=1786880176.773
V_SENSE5=1.33056640625
V_SENSE9=0.0390625
V_SENSE12=0.1220703125
ADC_V5=4.991455078125
ADC_V9=9.097900390625
ADC_V12=11.717529296875
ADC_V28=30.01068115234375
THERMAL_SENS_OUT_1=27
THERMAL_SENS_OUT_2=-50
THERMAL_SENS_OUT_3=28
THERMAL_SENS_OUT_4=22
THERMAL_SENS_OUT_5=26
THERMAL_SENS_OUT_6=-50
THERMAL_SENS_INT_1=26
THERMAL_SENS_INT_2=26
PG_5=0
PG_9=0
PG_12=0
FLT_P2=0
FLT_P3=0
HEAT_1_TEMP=27
HEAT_1_DUTY=0
HEAT_1_SP=-20.0
HEAT_2_TEMP=28
HEAT_2_DUTY=0
HEAT_2_SP=-20.0
HEAT_3_TEMP=22
HEAT_3_DUTY=0
HEAT_3_SP=-20.0
HEAT_4_TEMP=26
HEAT_4_DUTY=0
HEAT_4_SP=-20.0
MOTOR_ANGLE=0.0003779069767441861
MOTOR_ACCUM=0.0003779069767441861
MOTOR_ROT=0

[13:00:09.914 CUBESAT]
TS=1786202661.260
PG_5=1
PG_9=0
PG_12=0
FLT_P2=0
FLT_P3=0
HEAT_1_TEMP=0.0
HEAT_1_DUTY=0
HEAT_1_SP=-20.0
ENC_RAW=10978
ENC_ANGLE=241.2158203125
ENC_ACCUM=-0.0439453125
AUTO_STOP=1
MOTOR_ANGLE=-0.0003779069767441861
MOTOR_ACCUM=-0.0003779069767441861
MOTOR_ROT=0

[13:00:10.739 EBOX]
TS=1786880178.775
V_SENSE5=1.171875
V_SENSE9=0.03173828125
V_SENSE12=0.15380859375
ADC_V5=4.9737548828125
ADC_V9=9.0802001953125
ADC_V12=11.92108154296875
ADC_V28=29.83367919921875
THERMAL_SENS_OUT_1=23
THERMAL_SENS_OUT_2=-50
THERMAL_SENS_OUT_3=24
THERMAL_SENS_OUT_4=23
THERMAL_SENS_OUT_5=32
THERMAL_SENS_OUT_6=-50
THERMAL_SENS_INT_1=30
THERMAL_SENS_INT_2=26
PG_5=0
PG_9=0
PG_12=0
FLT_P2=0
FLT_P3=0
HEAT_1_TEMP=23
HEAT_1_DUTY=0
HEAT_1_SP=-20.0
HEAT_2_TEMP=24
HEAT_2_DUTY=0
HEAT_2_SP=-20.0
HEAT_3_TEMP=23
HEAT_3_DUTY=0
HEAT_3_SP=-20.0
HEAT_4_TEMP=32
HEAT_4_DUTY=0
HEAT_4_SP=-20.0
MOTOR_ANGLE=0.0003779069767441861
MOTOR_ACCUM=0.0003779069767441861
MOTOR_ROT=0

[13:00:11.950 CUBESAT]
TS=1786202663.260
PG_5=1
PG_9=0
PG_12=0
FLT_P2=0
FLT_P3=0
HEAT_1_TEMP=0.0
HEAT_1_DUTY=10
HEAT_1_SP=-20.0
ENC_RAW=10980
ENC_ANGLE=241.259765625
ENC_ACCUM=0.0
AUTO_STOP=1
MOTOR_ANGLE=-0.0003779069767441861
MOTOR_ACCUM=-0.0003779069767441861
MOTOR_ROT=0

[13:00:12.777 EBOX]
TS=1786880180.778
V_SENSE5=1.23291015625
V_SENSE9=0.0390625
V_SENSE12=0.1123046875
ADC_V5=4.89410400390625
ADC_V9=8.92974853515625
ADC_V12=11.8060302734375
ADC_V28=29.700927734375
THERMAL_SENS_OUT_1=22
THERMAL_SENS_OUT_2=-50
THERMAL_SENS_OUT_3=25
THERMAL_SENS_OUT_4=22
THERMAL_SENS_OUT_5=30
THERMAL_SENS_OUT_6=-50
THERMAL_SENS_INT_1=27
THERMAL_SENS_INT_2=27
PG_5=0
PG_9=0
PG_12=0
FLT_P2=0
FLT_P3=0
HEAT_1_TEMP=22
HEAT_1_DUTY=0
HEAT_1_SP=-20.0
HEAT_2_TEMP=25
HEAT_2_DUTY=0
HEAT_2_SP=-20.0
HEAT_3_TEMP=22
HEAT_3_DUTY=0
HEAT_3_SP=-20.0
HEAT_4_TEMP=30
HEAT_4_DUTY=0
HEAT_4_SP=-20.0
MOTOR_ANGLE=0.0003779069767441861
MOTOR_ACCUM=0.0003779069767441861
MOTOR_ROT=0

[13:00:13.994 CUBESAT]
TS=1786202665.263
PG_5=1
PG_9=0
PG_12=0
FLT_P2=0
FLT_P3=0
HEAT_1_TEMP=0.0
HEAT_1_DUTY=0
HEAT_1_SP=-20.0
ENC_RAW=10978
ENC_ANGLE=241.2158203125
ENC_ACCUM=-0.0439453125
AUTO_STOP=1
MOTOR_ANGLE=-0.0003779069767441861
MOTOR_ACCUM=-0.0003779069767441861
MOTOR_ROT=0

[13:00:14.816 EBOX]
TS=1786880182.785
V_SENSE5=1.07666015625
V_SENSE9=0.03173828125
V_SENSE12=0.126953125
ADC_V5=4.9737548828125
ADC_V9=9.0625
ADC_V12=11.70867919921875
ADC_V28=29.95758056640625
THERMAL_SENS_OUT_1=23
THERMAL_SENS_OUT_2=-50
THERMAL_SENS_OUT_3=26
THERMAL_SENS_OUT_4=23
THERMAL_SENS_OUT_5=28
THERMAL_SENS_OUT_6=-50
THERMAL_SENS_INT_1=26
THERMAL_SENS_INT_2=26
PG_5=0
PG_9=0
PG_12=0
FLT_P2=0
FLT_P3=0
HEAT_1_TEMP=23
HEAT_1_DUTY=0
HEAT_1_SP=-20.0
HEAT_2_TEMP=26
HEAT_2_DUTY=0
HEAT_2_SP=-20.0
HEAT_3_TEMP=23
HEAT_3_DUTY=0
HEAT_3_SP=-20.0
HEAT_4_TEMP=28
HEAT_4_DUTY=0
HEAT_4_SP=-20.0
MOTOR_ANGLE=0.0003779069767441861
MOTOR_ACCUM=0.0003779069767441861
MOTOR_ROT=0

[13:00:15.968 CUBESAT]
TS=1786202667.264
PG_5=1
PG_9=0
PG_12=0
FLT_P2=0
FLT_P3=0
HEAT_1_TEMP=0.0
HEAT_1_DUTY=0
HEAT_1_SP=-20.0
ENC_RAW=10979
ENC_ANGLE=241.23779296875
ENC_ACCUM=-0.02197265625
AUTO_STOP=1
MOTOR_ANGLE=-0.0003779069767441861
MOTOR_ACCUM=-0.0003779069767441861
MOTOR_ROT=0

[13:00:16.792 EBOX]
TS=1786880184.782
V_SENSE5=1.19140625
V_SENSE9=0.0341796875
V_SENSE12=0.10498046875
ADC_V5=4.9560546875
ADC_V9=8.9385986328125
ADC_V12=11.56707763671875
ADC_V28=30.4443359375
THERMAL_SENS_OUT_1=27
THERMAL_SENS_OUT_2=-50
THERMAL_SENS_OUT_3=26
THERMAL_SENS_OUT_4=22
THERMAL_SENS_OUT_5=28
THERMAL_SENS_OUT_6=-50
THERMAL_SENS_INT_1=27
THERMAL_SENS_INT_2=27
PG_5=0
PG_9=0
PG_12=0
FLT_P2=0
FLT_P3=0
HEAT_1_TEMP=27
HEAT_1_DUTY=0
HEAT_1_SP=-20.0
HEAT_2_TEMP=26
HEAT_2_DUTY=0
HEAT_2_SP=-20.0
HEAT_3_TEMP=22
HEAT_3_DUTY=0
HEAT_3_SP=-20.0
HEAT_4_TEMP=28
HEAT_4_DUTY=0
HEAT_4_SP=-20.0
MOTOR_ANGLE=0.0003779069767441861
MOTOR_ACCUM=0.0003779069767441861
MOTOR_ROT=0

[13:00:18.003 CUBESAT]
TS=1786202669.266
PG_5=1
PG_9=0
PG_12=0
FLT_P2=0
FLT_P3=0
HEAT_1_TEMP=0.0
HEAT_1_DUTY=0
HEAT_1_SP=-20.0
ENC_RAW=10982
ENC_ANGLE=241.3037109375
ENC_ACCUM=0.0439453125
AUTO_STOP=1
MOTOR_ANGLE=-0.0003779069767441861
MOTOR_ACCUM=-0.0003779069767441861
MOTOR_ROT=0

[13:00:18.832 EBOX]
TS=1786880186.781
V_SENSE5=1.1865234375
V_SENSE9=0.0341796875
V_SENSE12=0.13671875
ADC_V5=4.89410400390625
ADC_V9=9.7174072265625
ADC_V12=11.58477783203125
ADC_V28=30.2142333984375
THERMAL_SENS_OUT_1=27
THERMAL_SENS_OUT_2=-50
THERMAL_SENS_OUT_3=26
THERMAL_SENS_OUT_4=24
THERMAL_SENS_OUT_5=26
THERMAL_SENS_OUT_6=-50
THERMAL_SENS_INT_1=25
THERMAL_SENS_INT_2=29
PG_5=0
PG_9=0
PG_12=0
FLT_P2=0
FLT_P3=0
HEAT_1_TEMP=27
HEAT_1_DUTY=0
HEAT_1_SP=-20.0
HEAT_2_TEMP=26
HEAT_2_DUTY=0
HEAT_2_SP=-20.0
HEAT_3_TEMP=24
HEAT_3_DUTY=0
HEAT_3_SP=-20.0
HEAT_4_TEMP=26
HEAT_4_DUTY=0
HEAT_4_SP=-20.0
MOTOR_ANGLE=0.0003779069767441861
MOTOR_ACCUM=0.0003779069767441861
MOTOR_ROT=0

[13:00:19.952 CUBESAT]
TS=1786202671.267
PG_5=1
PG_9=0
PG_12=0
FLT_P2=0
FLT_P3=0
HEAT_1_TEMP=0.0
HEAT_1_DUTY=0
HEAT_1_SP=-20.0
ENC_RAW=10977
ENC_ANGLE=241.19384765625
ENC_ACCUM=-0.06591796875
AUTO_STOP=1
MOTOR_ANGLE=-0.0003779069767441861
MOTOR_ACCUM=-0.0003779069767441861
MOTOR_ROT=0

[13:00:20.678 EBOX]
TS=1786880188.783
V_SENSE5=1.2744140625
V_SENSE9=0.0439453125
V_SENSE12=0.11962890625
ADC_V5=4.96490478515625
ADC_V9=9.37225341796875
ADC_V12=11.6998291015625
ADC_V28=30.267333984375
THERMAL_SENS_OUT_1=26
THERMAL_SENS_OUT_2=-50
THERMAL_SENS_OUT_3=29
THERMAL_SENS_OUT_4=22
THERMAL_SENS_OUT_5=30
THERMAL_SENS_OUT_6=-50
THERMAL_SENS_INT_1=28
THERMAL_SENS_INT_2=25
PG_5=0
PG_9=0
PG_12=0
FLT_P2=0
FLT_P3=0
HEAT_1_TEMP=26
HEAT_1_DUTY=0
HEAT_1_SP=-20.0
HEAT_2_TEMP=29
HEAT_2_DUTY=0
HEAT_2_SP=-20.0
HEAT_3_TEMP=22
HEAT_3_DUTY=0
HEAT_3_SP=-20.0
HEAT_4_TEMP=30
HEAT_4_DUTY=0
HEAT_4_SP=-20.0
MOTOR_ANGLE=0.0003779069767441861
MOTOR_ACCUM=0.0003779069767441861
MOTOR_ROT=0

[13:00:21.990 CUBESAT]
TS=1786202673.269
PG_5=1
PG_9=0
PG_12=0
FLT_P2=0
FLT_P3=0
HEAT_1_TEMP=0.0
HEAT_1_DUTY=10
HEAT_1_SP=-20.0
ENC_RAW=10978
ENC_ANGLE=241.2158203125
ENC_ACCUM=-0.0439453125
AUTO_STOP=1
MOTOR_ANGLE=-0.0003779069767441861
MOTOR_ACCUM=-0.0003779069767441861
MOTOR_ROT=0

[13:00:22.816 EBOX]
TS=1786880190.785
V_SENSE5=1.19384765625
V_SENSE9=0.03662109375
V_SENSE12=0.1123046875
ADC_V5=4.88525390625
ADC_V9=9.4342041015625
ADC_V12=11.83258056640625
ADC_V28=29.63897705078125
THERMAL_SENS_OUT_1=22
THERMAL_SENS_OUT_2=-50
THERMAL_SENS_OUT_3=25
THERMAL_SENS_OUT_4=23
THERMAL_SENS_OUT_5=32
THERMAL_SENS_OUT_6=-50
THERMAL_SENS_INT_1=29
THERMAL_SENS_INT_2=25
PG_5=0
PG_9=0
PG_12=0
FLT_P2=0
FLT_P3=0
HEAT_1_TEMP=22
HEAT_1_DUTY=0
HEAT_1_SP=-20.0
HEAT_2_TEMP=25
HEAT_2_DUTY=0
HEAT_2_SP=-20.0
HEAT_3_TEMP=23
HEAT_3_DUTY=0
HEAT_3_SP=-20.0
HEAT_4_TEMP=32
HEAT_4_DUTY=0
HEAT_4_SP=-20.0
MOTOR_ANGLE=0.0003779069767441861
MOTOR_ACCUM=0.0003779069767441861
MOTOR_ROT=0

[13:00:23.832 CUBESAT]
TS=1786202675.271
PG_5=1
PG_9=0
PG_12=0
FLT_P2=0
FLT_P3=0
HEAT_1_TEMP=0.0
HEAT_1_DUTY=0
HEAT_1_SP=-20.0
ENC_RAW=10982
ENC_ANGLE=241.3037109375
ENC_ACCUM=0.0439453125
AUTO_STOP=1
MOTOR_ANGLE=-0.0003779069767441861
MOTOR_ACCUM=-0.0003779069767441861
MOTOR_ROT=0

[13:00:24.861 EBOX]
TS=1786880192.789
V_SENSE5=1.240234375
V_SENSE9=0.0390625
V_SENSE12=0.1025390625
ADC_V5=5.07110595703125
ADC_V9=9.12445068359375
ADC_V12=12.02728271484375
ADC_V28=30.32928466796875
THERMAL_SENS_OUT_1=27
THERMAL_SENS_OUT_2=-50
THERMAL_SENS_OUT_3=26
THERMAL_SENS_OUT_4=27
THERMAL_SENS_OUT_5=27
THERMAL_SENS_OUT_6=-50
THERMAL_SENS_INT_1=27
THERMAL_SENS_INT_2=27
PG_5=0
PG_9=0
PG_12=0
FLT_P2=0
FLT_P3=0
HEAT_1_TEMP=27
HEAT_1_DUTY=0
HEAT_1_SP=-20.0
HEAT_2_TEMP=26
HEAT_2_DUTY=0
HEAT_2_SP=-20.0
HEAT_3_TEMP=27
HEAT_3_DUTY=0
HEAT_3_SP=-20.0
HEAT_4_TEMP=27
HEAT_4_DUTY=0
HEAT_4_SP=-20.0
MOTOR_ANGLE=0.0003779069767441861
MOTOR_ACCUM=0.0003779069767441861
MOTOR_ROT=0

[13:00:26.012 CUBESAT]
TS=1786202677.273
PG_5=1
PG_9=0
PG_12=0
FLT_P2=0
FLT_P3=0
HEAT_1_TEMP=0.0
HEAT_1_DUTY=0
HEAT_1_SP=-20.0
ENC_RAW=10978
ENC_ANGLE=241.2158203125
ENC_ACCUM=-0.0439453125
AUTO_STOP=1
MOTOR_ANGLE=-0.0003779069767441861
MOTOR_ACCUM=-0.0003779069767441861
MOTOR_ROT=0

[13:00:26.838 EBOX]
TS=1786880194.788
V_SENSE5=1.201171875
V_SENSE9=0.0341796875
V_SENSE12=0.19287109375
ADC_V5=4.96490478515625
ADC_V9=8.9031982421875
ADC_V12=11.79718017578125
ADC_V28=29.488525390625
THERMAL_SENS_OUT_1=21
THERMAL_SENS_OUT_2=-50
THERMAL_SENS_OUT_3=25
THERMAL_SENS_OUT_4=27
THERMAL_SENS_OUT_5=28
THERMAL_SENS_OUT_6=-50
THERMAL_SENS_INT_1=25
THERMAL_SENS_INT_2=29
PG_5=0
PG_9=0
PG_12=0
FLT_P2=0
FLT_P3=0
HEAT_1_TEMP=21
HEAT_1_DUTY=0
HEAT_1_SP=-20.0
HEAT_2_TEMP=25
HEAT_2_DUTY=0
HEAT_2_SP=-20.0
HEAT_3_TEMP=27
HEAT_3_DUTY=0
HEAT_3_SP=-20.0
HEAT_4_TEMP=28
HEAT_4_DUTY=0
HEAT_4_SP=-20.0
MOTOR_ANGLE=0.0003779069767441861
MOTOR_ACCUM=0.0003779069767441861
MOTOR_ROT=0

[13:00:28.006 CUBESAT]
TS=1786202679.275
PG_5=1
PG_9=0
PG_12=0
FLT_P2=0
FLT_P3=0
HEAT_1_TEMP=0.0
HEAT_1_DUTY=0
HEAT_1_SP=-20.0
ENC_RAW=10981
ENC_ANGLE=241.28173828125
ENC_ACCUM=0.02197265625
AUTO_STOP=1
MOTOR_ANGLE=-0.0003779069767441861
MOTOR_ACCUM=-0.0003779069767441861
MOTOR_ROT=0

[13:00:28.732 EBOX]
TS=1786880196.792
V_SENSE5=1.4013671875
V_SENSE9=0.0390625
V_SENSE12=0.1318359375
ADC_V5=4.92950439453125
ADC_V9=9.05364990234375
ADC_V12=11.67327880859375
ADC_V28=30.51513671875
THERMAL_SENS_OUT_1=22
THERMAL_SENS_OUT_2=-50
THERMAL_SENS_OUT_3=26
THERMAL_SENS_OUT_4=26
THERMAL_SENS_OUT_5=28
THERMAL_SENS_OUT_6=-50
THERMAL_SENS_INT_1=24
THERMAL_SENS_INT_2=29
PG_5=0
PG_9=0
PG_12=0
FLT_P2=0
FLT_P3=0
HEAT_1_TEMP=22
HEAT_1_DUTY=0
HEAT_1_SP=-20.0
HEAT_2_TEMP=26
HEAT_2_DUTY=0
HEAT_2_SP=-20.0
HEAT_3_TEMP=26
HEAT_3_DUTY=0
HEAT_3_SP=-20.0
HEAT_4_TEMP=28
HEAT_4_DUTY=0
HEAT_4_SP=-20.0
MOTOR_ANGLE=0.0003779069767441861
MOTOR_ACCUM=0.0003779069767441861
MOTOR_ROT=0

[13:00:30.044 CUBESAT]
TS=1786202681.277
PG_5=1
PG_9=0
PG_12=0
FLT_P2=0
FLT_P3=0
HEAT_1_TEMP=0.0
HEAT_1_DUTY=0
HEAT_1_SP=-20.0
ENC_RAW=10978
ENC_ANGLE=241.2158203125
ENC_ACCUM=-0.0439453125
AUTO_STOP=1
MOTOR_ANGLE=-0.0003779069767441861
MOTOR_ACCUM=-0.0003779069767441861
MOTOR_ROT=0

[13:00:30.769 EBOX]
TS=1786880198.791
V_SENSE5=1.3232421875
V_SENSE9=0.0341796875
V_SENSE12=0.12939453125
ADC_V5=4.92950439453125
ADC_V9=8.9739990234375
ADC_V12=11.5582275390625
ADC_V28=30.1434326171875
THERMAL_SENS_OUT_1=27
THERMAL_SENS_OUT_2=-50
THERMAL_SENS_OUT_3=28
THERMAL_SENS_OUT_4=22
THERMAL_SENS_OUT_5=28
THERMAL_SENS_OUT_6=-50
THERMAL_SENS_INT_1=26
THERMAL_SENS_INT_2=27
PG_5=0
PG_9=0
PG_12=0
FLT_P2=0
FLT_P3=0
HEAT_1_TEMP=27
HEAT_1_DUTY=0
HEAT_1_SP=-20.0
HEAT_2_TEMP=28
HEAT_2_DUTY=0
HEAT_2_SP=-20.0
HEAT_3_TEMP=22
HEAT_3_DUTY=0
HEAT_3_SP=-20.0
HEAT_4_TEMP=28
HEAT_4_DUTY=0
HEAT_4_SP=-20.0
MOTOR_ANGLE=0.0003779069767441861
MOTOR_ACCUM=0.0003779069767441861
MOTOR_ROT=0

[13:00:32.035 CUBESAT]
TS=1786202683.278
PG_5=1
PG_9=0
PG_12=0
FLT_P2=0
FLT_P3=0
HEAT_1_TEMP=0.0
HEAT_1_DUTY=0
HEAT_1_SP=-20.0
ENC_RAW=10979
ENC_ANGLE=241.23779296875
ENC_ACCUM=-0.02197265625
AUTO_STOP=1
MOTOR_ANGLE=-0.0003779069767441861
MOTOR_ACCUM=-0.0003779069767441861
MOTOR_ROT=0

[13:00:32.761 EBOX]
TS=1786880200.794
V_SENSE5=1.26953125
V_SENSE9=0.0390625
V_SENSE12=0.1171875
ADC_V5=5.01800537109375
ADC_V9=9.62890625
ADC_V12=11.62017822265625
ADC_V28=30.3558349609375
THERMAL_SENS_OUT_1=24
THERMAL_SENS_OUT_2=-50
THERMAL_SENS_OUT_3=26
THERMAL_SENS_OUT_4=28
THERMAL_SENS_OUT_5=32
THERMAL_SENS_OUT_6=-50
THERMAL_SENS_INT_1=29
THERMAL_SENS_INT_2=25
PG_5=0
PG_9=0
PG_12=0
FLT_P2=0
FLT_P3=0
HEAT_1_TEMP=24
HEAT_1_DUTY=0
HEAT_1_SP=-20.0
HEAT_2_TEMP=26
HEAT_2_DUTY=0
HEAT_2_SP=-20.0
HEAT_3_TEMP=28
HEAT_3_DUTY=0
HEAT_3_SP=-20.0
HEAT_4_TEMP=32
HEAT_4_DUTY=0
HEAT_4_SP=-20.0
MOTOR_ANGLE=0.0003779069767441861
MOTOR_ACCUM=0.0003779069767441861
MOTOR_ROT=0

[13:00:33.977 CUBESAT]
TS=1786202685.280
PG_5=1
PG_9=0
PG_12=0
FLT_P2=0
FLT_P3=0
HEAT_1_TEMP=0.0
HEAT_1_DUTY=0
HEAT_1_SP=-20.0
ENC_RAW=10977
ENC_ANGLE=241.19384765625
ENC_ACCUM=-0.06591796875
AUTO_STOP=1
MOTOR_ANGLE=-0.0003779069767441861
MOTOR_ACCUM=-0.0003779069767441861
MOTOR_ROT=0

[13:00:34.805 EBOX]
TS=1786880202.804
V_SENSE5=1.27197265625
V_SENSE9=0.03173828125
V_SENSE12=0.12451171875
ADC_V5=4.9383544921875
ADC_V9=9.26605224609375
ADC_V12=11.58477783203125
ADC_V28=30.25848388671875
THERMAL_SENS_OUT_1=21
THERMAL_SENS_OUT_2=-50
THERMAL_SENS_OUT_3=27
THERMAL_SENS_OUT_4=26
THERMAL_SENS_OUT_5=30
THERMAL_SENS_OUT_6=-50
THERMAL_SENS_INT_1=24
THERMAL_SENS_INT_2=28
PG_5=0
PG_9=0
PG_12=0
FLT_P2=0
FLT_P3=0
HEAT_1_TEMP=21
HEAT_1_DUTY=0
HEAT_1_SP=-20.0
HEAT_2_TEMP=27
HEAT_2_DUTY=0
HEAT_2_SP=-20.0
HEAT_3_TEMP=26
HEAT_3_DUTY=0
HEAT_3_SP=-20.0
HEAT_4_TEMP=30
HEAT_4_DUTY=0
HEAT_4_SP=-20.0
MOTOR_ANGLE=0.0003779069767441861
MOTOR_ACCUM=0.0003779069767441861
MOTOR_ROT=0

[13:00:36.016 CUBESAT]
TS=1786202687.282
PG_5=1
PG_9=0
PG_12=0
FLT_P2=0
FLT_P3=0
HEAT_1_TEMP=0.0
HEAT_1_DUTY=0
HEAT_1_SP=-20.0
ENC_RAW=10981
ENC_ANGLE=241.28173828125
ENC_ACCUM=0.02197265625
AUTO_STOP=1
MOTOR_ANGLE=-0.0003779069767441861
MOTOR_ACCUM=-0.0003779069767441861
MOTOR_ROT=0

[13:00:36.847 EBOX]
TS=1786880204.801
V_SENSE5=1.24755859375
V_SENSE9=0.03173828125
V_SENSE12=0.13671875
ADC_V5=4.991455078125
ADC_V9=8.96514892578125
ADC_V12=11.74407958984375
ADC_V28=29.9664306640625
THERMAL_SENS_OUT_1=22
THERMAL_SENS_OUT_2=-50
THERMAL_SENS_OUT_3=30
THERMAL_SENS_OUT_4=23
THERMAL_SENS_OUT_5=28
THERMAL_SENS_OUT_6=-50
THERMAL_SENS_INT_1=24
THERMAL_SENS_INT_2=25
PG_5=0
PG_9=0
PG_12=0
FLT_P2=0
FLT_P3=0
HEAT_1_TEMP=22
HEAT_1_DUTY=0
HEAT_1_SP=-20.0
HEAT_2_TEMP=30
HEAT_2_DUTY=0
HEAT_2_SP=-20.0
HEAT_3_TEMP=23
HEAT_3_DUTY=0
HEAT_3_SP=-20.0
HEAT_4_TEMP=28
HEAT_4_DUTY=0
HEAT_4_SP=-20.0
MOTOR_ANGLE=0.0003779069767441861
MOTOR_ACCUM=0.0003779069767441861
MOTOR_ROT=0

[13:00:38.823 EBOX]
TS=1786880206.803
V_SENSE5=1.24755859375
V_SENSE9=0.0390625
V_SENSE12=0.1171875
ADC_V5=4.96490478515625
ADC_V9=9.0625
ADC_V12=11.8414306640625
ADC_V28=29.81597900390625
THERMAL_SENS_OUT_1=22
THERMAL_SENS_OUT_2=-50
THERMAL_SENS_OUT_3=24
THERMAL_SENS_OUT_4=24
THERMAL_SENS_OUT_5=32
THERMAL_SENS_OUT_6=-50
THERMAL_SENS_INT_1=29
THERMAL_SENS_INT_2=26
PG_5=0
PG_9=0
PG_12=0
FLT_P2=0
FLT_P3=0
HEAT_1_TEMP=22
HEAT_1_DUTY=0
HEAT_1_SP=-20.0
HEAT_2_TEMP=24
HEAT_2_DUTY=0
HEAT_2_SP=-20.0
HEAT_3_TEMP=24
HEAT_3_DUTY=0
HEAT_3_SP=-20.0
HEAT_4_TEMP=32
HEAT_4_DUTY=0
HEAT_4_SP=-20.0
MOTOR_ANGLE=0.0003779069767441861
MOTOR_ACCUM=0.0003779069767441861
MOTOR_ROT=0

[13:00:40.817 EBOX]
TS=1786880208.805
V_SENSE5=1.18408203125
V_SENSE9=0.03173828125
V_SENSE12=0.13916015625
ADC_V5=5.08880615234375
ADC_V9=8.96514892578125
ADC_V12=11.7529296875
ADC_V28=29.984130859375
THERMAL_SENS_OUT_1=21
THERMAL_SENS_OUT_2=-50
THERMAL_SENS_OUT_3=29
THERMAL_SENS_OUT_4=23
THERMAL_SENS_OUT_5=32
THERMAL_SENS_OUT_6=-50
THERMAL_SENS_INT_1=27
THERMAL_SENS_INT_2=25
PG_5=0
PG_9=0
PG_12=0
FLT_P2=0
FLT_P3=0
HEAT_1_TEMP=21
HEAT_1_DUTY=0
HEAT_1_SP=-20.0
HEAT_2_TEMP=29
HEAT_2_DUTY=0
HEAT_2_SP=-20.0
HEAT_3_TEMP=23
HEAT_3_DUTY=0
HEAT_3_SP=-20.0
HEAT_4_TEMP=32
HEAT_4_DUTY=0
HEAT_4_SP=-20.0
MOTOR_ANGLE=0.0003779069767441861
MOTOR_ACCUM=0.0003779069767441861
MOTOR_ROT=0

[13:00:42.859 EBOX]
TS=1786880210.813
V_SENSE5=1.2744140625
V_SENSE9=0.0390625
V_SENSE12=0.126953125
ADC_V5=4.9029541015625
ADC_V9=9.24835205078125
ADC_V12=11.9476318359375
ADC_V28=29.630126953125
THERMAL_SENS_OUT_1=22
THERMAL_SENS_OUT_2=-50
THERMAL_SENS_OUT_3=25
THERMAL_SENS_OUT_4=23
THERMAL_SENS_OUT_5=29
THERMAL_SENS_OUT_6=-50
THERMAL_SENS_INT_1=29
THERMAL_SENS_INT_2=28
PG_5=0
PG_9=0
PG_12=0
FLT_P2=0
FLT_P3=0
HEAT_1_TEMP=22
HEAT_1_DUTY=0
HEAT_1_SP=-20.0
HEAT_2_TEMP=25
HEAT_2_DUTY=0
HEAT_2_SP=-20.0
HEAT_3_TEMP=23
HEAT_3_DUTY=0
HEAT_3_SP=-20.0
HEAT_4_TEMP=29
HEAT_4_DUTY=0
HEAT_4_SP=-20.0
MOTOR_ANGLE=0.0003779069767441861
MOTOR_ACCUM=0.0003779069767441861
MOTOR_ROT=0

