[22:28:04.891 EBOX]
TS=1786121062.852
V_SENSE5=1.15966796875
V_SENSE9=0.0390625
V_SENSE12=0.12939453125
ADC_V5=4.91180419921875
ADC_V9=9.2572021484375
ADC_V12=11.575927734375
ADC_V28=27.68310546875
PG_5=0
PG_9=0
PG_12=0
FLT_P2=0
FLT_P3=0
HEAT_1_TEMP=0.0
HEAT_1_DUTY=0
HEAT_2_TEMP=0.0
HEAT_2_DUTY=0
HEAT_3_TEMP=0.0
HEAT_3_DUTY=50.0
HEAT_4_TEMP=0.0
HEAT_4_DUTY=0

[22:28:06.725 EBOX]
TS=1786121064.855
V_SENSE5=1.15966796875
V_SENSE9=0.03662109375
V_SENSE12=0.12451171875
ADC_V5=4.9560546875
ADC_V9=9.3988037109375
ADC_V12=11.70867919921875
ADC_V28=27.14324951171875
PG_5=0
PG_9=0
PG_12=0
FLT_P2=0
FLT_P3=0
HEAT_1_TEMP=0.0
HEAT_1_DUTY=0
HEAT_2_TEMP=0.0
HEAT_2_DUTY=50.0
HEAT_3_TEMP=0.0
HEAT_3_DUTY=0
HEAT_4_TEMP=0.0
HEAT_4_DUTY=0

[22:28:08.742 EBOX]
TS=1786121066.856
V_SENSE5=1.15478515625
V_SENSE9=0.0341796875
V_SENSE12=0.126953125
ADC_V5=4.9560546875
ADC_V9=9.01824951171875
ADC_V12=11.58477783203125
ADC_V28=27.6654052734375
PG_5=0
PG_9=0
PG_12=0
FLT_P2=0
FLT_P3=0
HEAT_1_TEMP=0.0
HEAT_1_DUTY=0
HEAT_2_TEMP=0.0
HEAT_2_DUTY=0
HEAT_3_TEMP=0.0
HEAT_3_DUTY=0
HEAT_4_TEMP=0.0
HEAT_4_DUTY=50.0

[22:28:10.758 EBOX]
TS=1786121068.858
V_SENSE5=1.3232421875
V_SENSE9=0.0390625
V_SENSE12=0.1318359375
ADC_V5=4.94720458984375
ADC_V9=9.46075439453125
ADC_V12=11.7529296875
ADC_V28=27.26715087890625
PG_5=0
PG_9=0
PG_12=0
FLT_P2=0
FLT_P3=0
HEAT_1_TEMP=0.0
HEAT_1_DUTY=0
HEAT_2_TEMP=0.0
HEAT_2_DUTY=50.0
HEAT_3_TEMP=0.0
HEAT_3_DUTY=0
HEAT_4_TEMP=0.0
HEAT_4_DUTY=0

[22:28:12.777 EBOX]
TS=1786121070.867
V_SENSE5=1.2841796875
V_SENSE9=0.09521484375
V_SENSE12=0.10986328125
ADC_V5=4.89410400390625
ADC_V9=8.885498046875
ADC_V12=11.63787841796875
ADC_V28=27.68310546875
PG_5=0
PG_9=0
PG_12=0
FLT_P2=0
FLT_P3=0
HEAT_1_TEMP=0.0
HEAT_1_DUTY=0
HEAT_2_TEMP=0.0
HEAT_2_DUTY=0
HEAT_3_TEMP=0.0
HEAT_3_DUTY=0
HEAT_4_TEMP=0.0
HEAT_4_DUTY=50.0

[22:28:14.794 EBOX]
TS=1786121072.861
V_SENSE5=1.3232421875
V_SENSE9=0.0390625
V_SENSE12=0.126953125
ADC_V5=4.9383544921875
ADC_V9=9.01824951171875
ADC_V12=11.65557861328125
ADC_V28=27.5592041015625
PG_5=0
PG_9=0
PG_12=0
FLT_P2=0
FLT_P3=0
HEAT_1_TEMP=0.0
HEAT_1_DUTY=0
HEAT_2_TEMP=0.0
HEAT_2_DUTY=50.0
HEAT_3_TEMP=0.0
HEAT_3_DUTY=0
HEAT_4_TEMP=0.0
HEAT_4_DUTY=0

[22:28:16.814 EBOX]
TS=1786121074.865
V_SENSE5=1.2939453125
V_SENSE9=0.03662109375
V_SENSE12=0.12939453125
ADC_V5=4.84100341796875
ADC_V9=9.05364990234375
ADC_V12=11.77947998046875
ADC_V28=27.85125732421875
PG_5=0
PG_9=0
PG_12=0
FLT_P2=0
FLT_P3=0
HEAT_1_TEMP=0.0
HEAT_1_DUTY=0
HEAT_2_TEMP=0.0
HEAT_2_DUTY=0
HEAT_3_TEMP=0.0
HEAT_3_DUTY=0
HEAT_4_TEMP=0.0
HEAT_4_DUTY=50.0

[22:28:18.732 EBOX]
TS=1786121076.863
V_SENSE5=1.279296875
V_SENSE9=0.11474609375
V_SENSE12=0.1220703125
ADC_V5=4.849853515625
ADC_V9=9.097900390625
ADC_V12=11.929931640625
ADC_V28=27.56805419921875
PG_5=0
PG_9=0
PG_12=0
FLT_P2=0
FLT_P3=0
HEAT_1_TEMP=0.0
HEAT_1_DUTY=0
HEAT_2_TEMP=0.0
HEAT_2_DUTY=50.0
HEAT_3_TEMP=0.0
HEAT_3_DUTY=0
HEAT_4_TEMP=0.0
HEAT_4_DUTY=0

[22:28:20.752 EBOX]
TS=1786121078.864
V_SENSE5=1.3037109375
V_SENSE9=0.0341796875
V_SENSE12=0.107421875
ADC_V5=4.85870361328125
ADC_V9=9.1864013671875
ADC_V12=11.60247802734375
ADC_V28=27.24945068359375
PG_5=0
PG_9=0
PG_12=0
FLT_P2=0
FLT_P3=0
HEAT_1_TEMP=0.0
HEAT_1_DUTY=0
HEAT_2_TEMP=0.0
HEAT_2_DUTY=0
HEAT_3_TEMP=0.0
HEAT_3_DUTY=0
HEAT_4_TEMP=0.0
HEAT_4_DUTY=50.0

[22:28:22.771 EBOX]
TS=1786121080.864
V_SENSE5=1.26953125
V_SENSE9=0.03662109375
V_SENSE12=0.1220703125
ADC_V5=5.0091552734375
ADC_V9=9.44305419921875
ADC_V12=11.58477783203125
ADC_V28=27.72735595703125
PG_5=0
PG_9=0
PG_12=0
FLT_P2=0
FLT_P3=0
HEAT_1_TEMP=0.0
HEAT_1_DUTY=0
HEAT_2_TEMP=0.0
HEAT_2_DUTY=50.0
HEAT_3_TEMP=0.0
HEAT_3_DUTY=0
HEAT_4_TEMP=0.0
HEAT_4_DUTY=0

[22:28:24.792 EBOX]
TS=1786121082.866
V_SENSE5=1.14990234375
V_SENSE9=0.03662109375
V_SENSE12=0.1123046875
ADC_V5=4.8675537109375
ADC_V9=9.0625
ADC_V12=11.69097900390625
ADC_V28=27.21405029296875
PG_5=0
PG_9=0
PG_12=0
FLT_P2=0
FLT_P3=0
HEAT_1_TEMP=0.0
HEAT_1_DUTY=0
HEAT_2_TEMP=0.0
HEAT_2_DUTY=0
HEAT_3_TEMP=0.0
HEAT_3_DUTY=0
HEAT_4_TEMP=0.0
HEAT_4_DUTY=50.0

[22:28:25.303 EBOX]
TS=1786121083.367
V_SENSE5=1.21826171875
V_SENSE9=0.03662109375
V_SENSE12=0.107421875
ADC_V5=4.9737548828125
ADC_V9=9.0447998046875
ADC_V12=11.9122314453125
ADC_V28=27.85125732421875
PG_5=0
PG_9=0
PG_12=0
FLT_P2=0
FLT_P3=0
HEAT_1_TEMP=0.0
HEAT_1_DUTY=50.0
HEAT_2_TEMP=0.0
HEAT_2_DUTY=0
HEAT_3_TEMP=0.0
HEAT_3_DUTY=0
HEAT_4_TEMP=0.0
HEAT_4_DUTY=0

[22:28:25.813 EBOX]
TS=1786121083.868
V_SENSE5=1.1669921875
V_SENSE9=0.07568359375
V_SENSE12=0.107421875
ADC_V5=4.9737548828125
ADC_V9=9.097900390625
ADC_V12=11.6290283203125
ADC_V28=27.97515869140625
PG_5=0
PG_9=0
PG_12=0
FLT_P2=0
FLT_P3=0
HEAT_1_TEMP=0.0
HEAT_1_DUTY=50.0
HEAT_2_TEMP=0.0
HEAT_2_DUTY=0
HEAT_3_TEMP=0.0
HEAT_3_DUTY=0
HEAT_4_TEMP=0.0
HEAT_4_DUTY=0

[22:28:26.329 EBOX]
TS=1786121084.370
V_SENSE5=1.171875
V_SENSE9=0.0390625
V_SENSE12=0.1025390625
ADC_V5=5.01800537109375
ADC_V9=9.0093994140625
ADC_V12=11.67327880859375
ADC_V28=27.5238037109375
PG_5=0
PG_9=0
PG_12=0
FLT_P2=0
FLT_P3=0
HEAT_1_TEMP=0.0
HEAT_1_DUTY=0
HEAT_2_TEMP=0.0
HEAT_2_DUTY=50.0
HEAT_3_TEMP=0.0
HEAT_3_DUTY=0
HEAT_4_TEMP=0.0
HEAT_4_DUTY=0

[22:28:26.841 EBOX]
TS=1786121084.871
V_SENSE5=1.171875
V_SENSE9=0.03662109375
V_SENSE12=0.1220703125
ADC_V5=5.08880615234375
ADC_V9=8.9385986328125
ADC_V12=11.6290283203125
ADC_V28=27.74505615234375
PG_5=0
PG_9=0
PG_12=0
FLT_P2=0
FLT_P3=0
HEAT_1_TEMP=0.0
HEAT_1_DUTY=0
HEAT_2_TEMP=0.0
HEAT_2_DUTY=50.0
HEAT_3_TEMP=0.0
HEAT_3_DUTY=0
HEAT_4_TEMP=0.0
HEAT_4_DUTY=0

[22:28:27.250 EBOX]
TS=1786121085.374
V_SENSE5=1.33544921875
V_SENSE9=0.07568359375
V_SENSE12=0.15380859375
ADC_V5=4.9029541015625
ADC_V9=9.17755126953125
ADC_V12=11.88568115234375
ADC_V28=27.46185302734375
PG_5=0
PG_9=0
PG_12=0
FLT_P2=0
FLT_P3=0
HEAT_1_TEMP=0.0
HEAT_1_DUTY=0
HEAT_2_TEMP=0.0
HEAT_2_DUTY=0
HEAT_3_TEMP=0.0
HEAT_3_DUTY=50.0
HEAT_4_TEMP=0.0
HEAT_4_DUTY=0

[22:28:27.762 EBOX]
TS=1786121085.881
V_SENSE5=1.22314453125
V_SENSE9=0.0390625
V_SENSE12=0.10986328125
ADC_V5=4.87640380859375
ADC_V9=9.345703125
ADC_V12=11.67327880859375
ADC_V28=27.0458984375
PG_5=0
PG_9=0
PG_12=0
FLT_P2=0
FLT_P3=0
HEAT_1_TEMP=0.0
HEAT_1_DUTY=0
HEAT_2_TEMP=0.0
HEAT_2_DUTY=0
HEAT_3_TEMP=0.0
HEAT_3_DUTY=50.0
HEAT_4_TEMP=0.0
HEAT_4_DUTY=0

[22:28:28.273 EBOX]
TS=1786121086.376
V_SENSE5=1.16943359375
V_SENSE9=0.04150390625
V_SENSE12=0.12451171875
ADC_V5=4.84100341796875
ADC_V9=9.0625
ADC_V12=11.62017822265625
ADC_V28=27.85125732421875
PG_5=0
PG_9=0
PG_12=0
FLT_P2=0
FLT_P3=0
HEAT_1_TEMP=0.0
HEAT_1_DUTY=0
HEAT_2_TEMP=0.0
HEAT_2_DUTY=0
HEAT_3_TEMP=0.0
HEAT_3_DUTY=0
HEAT_4_TEMP=0.0
HEAT_4_DUTY=50.0

[22:28:28.795 EBOX]
TS=1786121086.881
V_SENSE5=1.33056640625
V_SENSE9=0.03662109375
V_SENSE12=0.1318359375
ADC_V5=4.94720458984375
ADC_V9=9.07135009765625
ADC_V12=11.8060302734375
ADC_V28=27.56805419921875
PG_5=0
PG_9=0
PG_12=0
FLT_P2=0
FLT_P3=0
HEAT_1_TEMP=0.0
HEAT_1_DUTY=0
HEAT_2_TEMP=0.0
HEAT_2_DUTY=0
HEAT_3_TEMP=0.0
HEAT_3_DUTY=0
HEAT_4_TEMP=0.0
HEAT_4_DUTY=50.0

[22:28:29.313 EBOX]
TS=1786121087.384
V_SENSE5=1.2255859375
V_SENSE9=0.0390625
V_SENSE12=0.13427734375
ADC_V5=5.0091552734375
ADC_V9=8.9385986328125
ADC_V12=11.88568115234375
ADC_V28=27.67425537109375
PG_5=0
PG_9=0
PG_12=0
FLT_P2=0
FLT_P3=0
HEAT_1_TEMP=0.0
HEAT_1_DUTY=50.0
HEAT_2_TEMP=0.0
HEAT_2_DUTY=0
HEAT_3_TEMP=0.0
HEAT_3_DUTY=0
HEAT_4_TEMP=0.0
HEAT_4_DUTY=0

[22:28:29.828 EBOX]
TS=1786121087.881
V_SENSE5=1.29150390625
V_SENSE9=0.06591796875
V_SENSE12=0.11474609375
ADC_V5=4.920654296875
ADC_V9=9.07135009765625
ADC_V12=11.646728515625
ADC_V28=27.78045654296875
PG_5=0
PG_9=0
PG_12=0
FLT_P2=0
FLT_P3=0
HEAT_1_TEMP=0.0
HEAT_1_DUTY=50.0
HEAT_2_TEMP=0.0
HEAT_2_DUTY=0
HEAT_3_TEMP=0.0
HEAT_3_DUTY=0
HEAT_4_TEMP=0.0
HEAT_4_DUTY=0

[22:28:30.347 EBOX]
TS=1786121088.384
V_SENSE5=1.3427734375
V_SENSE9=0.05615234375
V_SENSE12=0.0732421875
ADC_V5=4.88525390625
ADC_V9=9.3634033203125
ADC_V12=11.7529296875
ADC_V28=27.49725341796875
PG_5=0
PG_9=0
PG_12=0
FLT_P2=0
FLT_P3=0
HEAT_1_TEMP=0.0
HEAT_1_DUTY=0
HEAT_2_TEMP=0.0
HEAT_2_DUTY=50.0
HEAT_3_TEMP=0.0
HEAT_3_DUTY=0
HEAT_4_TEMP=0.0
HEAT_4_DUTY=0

[22:28:30.765 EBOX]
TS=1786121088.887
V_SENSE5=1.318359375
V_SENSE9=0.0341796875
V_SENSE12=0.1220703125
ADC_V5=4.84100341796875
ADC_V9=9.53155517578125
ADC_V12=11.85028076171875
ADC_V28=27.47955322265625
PG_5=0
PG_9=0
PG_12=0
FLT_P2=0
FLT_P3=0
HEAT_1_TEMP=0.0
HEAT_1_DUTY=0
HEAT_2_TEMP=0.0
HEAT_2_DUTY=50.0
HEAT_3_TEMP=0.0
HEAT_3_DUTY=0
HEAT_4_TEMP=0.0
HEAT_4_DUTY=0

[22:28:31.281 EBOX]
TS=1786121089.388
V_SENSE5=1.3037109375
V_SENSE9=0.0390625
V_SENSE12=0.107421875
ADC_V5=4.9560546875
ADC_V9=9.381103515625
ADC_V12=11.7352294921875
ADC_V28=27.85125732421875
PG_5=0
PG_9=0
PG_12=0
FLT_P2=0
FLT_P3=0
HEAT_1_TEMP=0.0
HEAT_1_DUTY=0
HEAT_2_TEMP=0.0
HEAT_2_DUTY=0
HEAT_3_TEMP=0.0
HEAT_3_DUTY=50.0
HEAT_4_TEMP=0.0
HEAT_4_DUTY=0

[22:28:31.800 EBOX]
TS=1786121089.898
V_SENSE5=1.328125
V_SENSE9=0.0390625
V_SENSE12=0.107421875
ADC_V5=4.92950439453125
ADC_V9=9.345703125
ADC_V12=11.72637939453125
ADC_V28=27.0635986328125
PG_5=0
PG_9=0
PG_12=0
FLT_P2=0
FLT_P3=0
HEAT_1_TEMP=0.0
HEAT_1_DUTY=0
HEAT_2_TEMP=0.0
HEAT_2_DUTY=0
HEAT_3_TEMP=0.0
HEAT_3_DUTY=50.0
HEAT_4_TEMP=0.0
HEAT_4_DUTY=0

[22:28:32.317 EBOX]
TS=1786121090.391
V_SENSE5=1.35986328125
V_SENSE9=0.03662109375
V_SENSE12=0.1171875
ADC_V5=4.991455078125
ADC_V9=8.9031982421875
ADC_V12=11.8768310546875
ADC_V28=27.1697998046875
PG_5=0
PG_9=0
PG_12=0
FLT_P2=0
FLT_P3=0
HEAT_1_TEMP=0.0
HEAT_1_DUTY=0
HEAT_2_TEMP=0.0
HEAT_2_DUTY=0
HEAT_3_TEMP=0.0
HEAT_3_DUTY=0
HEAT_4_TEMP=0.0
HEAT_4_DUTY=50.0

[22:28:32.839 EBOX]
TS=1786121090.894
V_SENSE5=1.31591796875
V_SENSE9=0.03662109375
V_SENSE12=0.1171875
ADC_V5=4.85870361328125
ADC_V9=9.0625
ADC_V12=11.575927734375
ADC_V28=27.1697998046875
PG_5=0
PG_9=0
PG_12=0
FLT_P2=0
FLT_P3=0
HEAT_1_TEMP=0.0
HEAT_1_DUTY=0
HEAT_2_TEMP=0.0
HEAT_2_DUTY=0
HEAT_3_TEMP=0.0
HEAT_3_DUTY=0
HEAT_4_TEMP=0.0
HEAT_4_DUTY=50.0

[22:28:33.366 EBOX]
TS=1786121091.391
V_SENSE5=1.19873046875
V_SENSE9=0.0390625
V_SENSE12=0.107421875
ADC_V5=4.88525390625
ADC_V9=9.1510009765625
ADC_V12=11.69097900390625
ADC_V28=27.152099609375
PG_5=0
PG_9=0
PG_12=0
FLT_P2=0
FLT_P3=0
HEAT_1_TEMP=0.0
HEAT_1_DUTY=50.0
HEAT_2_TEMP=0.0
HEAT_2_DUTY=0
HEAT_3_TEMP=0.0
HEAT_3_DUTY=0
HEAT_4_TEMP=0.0
HEAT_4_DUTY=0

[22:28:33.792 EBOX]
TS=1786121091.895
V_SENSE5=1.30126953125
V_SENSE9=0.03662109375
V_SENSE12=0.1220703125
ADC_V5=4.88525390625
ADC_V9=9.19525146484375
ADC_V12=11.8414306640625
ADC_V28=27.23175048828125
PG_5=0
PG_9=0
PG_12=0
FLT_P2=0
FLT_P3=0
HEAT_1_TEMP=0.0
HEAT_1_DUTY=50.0
HEAT_2_TEMP=0.0
HEAT_2_DUTY=0
HEAT_3_TEMP=0.0
HEAT_3_DUTY=0
HEAT_4_TEMP=0.0
HEAT_4_DUTY=0

[22:28:34.311 EBOX]
TS=1786121092.400
V_SENSE5=1.34521484375
V_SENSE9=0.0390625
V_SENSE12=0.19287109375
ADC_V5=4.9029541015625
ADC_V9=9.21295166015625
ADC_V12=11.62017822265625
ADC_V28=27.1875
PG_5=0
PG_9=0
PG_12=0
FLT_P2=0
FLT_P3=0
HEAT_1_TEMP=0.0
HEAT_1_DUTY=0
HEAT_2_TEMP=0.0
HEAT_2_DUTY=50.0
HEAT_3_TEMP=0.0
HEAT_3_DUTY=0
HEAT_4_TEMP=0.0
HEAT_4_DUTY=0

[22:28:34.830 EBOX]
TS=1786121092.897
V_SENSE5=1.2451171875
V_SENSE9=0.0341796875
V_SENSE12=0.13671875
ADC_V5=5.00030517578125
ADC_V9=9.01824951171875
ADC_V12=11.90338134765625
ADC_V28=26.96624755859375
PG_5=0
PG_9=0
PG_12=0
FLT_P2=0
FLT_P3=0
HEAT_1_TEMP=0.0
HEAT_1_DUTY=0
HEAT_2_TEMP=0.0
HEAT_2_DUTY=50.0
HEAT_3_TEMP=0.0
HEAT_3_DUTY=0
HEAT_4_TEMP=0.0
HEAT_4_DUTY=0

[22:28:35.353 EBOX]
TS=1786121093.399
V_SENSE5=1.29150390625
V_SENSE9=0.07568359375
V_SENSE12=0.1123046875
ADC_V5=4.9383544921875
ADC_V9=9.24835205078125
ADC_V12=11.89453125
ADC_V28=27.17864990234375
PG_5=0
PG_9=0
PG_12=0
FLT_P2=0
FLT_P3=0
HEAT_1_TEMP=0.0
HEAT_1_DUTY=0
HEAT_2_TEMP=0.0
HEAT_2_DUTY=0
HEAT_3_TEMP=0.0
HEAT_3_DUTY=50.0
HEAT_4_TEMP=0.0
HEAT_4_DUTY=0

[22:28:35.872 EBOX]
TS=1786121093.899
V_SENSE5=1.16943359375
V_SENSE9=0.03662109375
V_SENSE12=0.11474609375
ADC_V5=4.991455078125
ADC_V9=9.26605224609375
ADC_V12=11.88568115234375
ADC_V28=27.42645263671875
PG_5=0
PG_9=0
PG_12=0
FLT_P2=0
FLT_P3=0
HEAT_1_TEMP=0.0
HEAT_1_DUTY=0
HEAT_2_TEMP=0.0
HEAT_2_DUTY=0
HEAT_3_TEMP=0.0
HEAT_3_DUTY=50.0
HEAT_4_TEMP=0.0
HEAT_4_DUTY=0

[22:28:36.296 EBOX]
TS=1786121094.412
V_SENSE5=1.376953125
V_SENSE9=0.0390625
V_SENSE12=0.1123046875
ADC_V5=4.849853515625
ADC_V9=9.2218017578125
ADC_V12=11.5936279296875
ADC_V28=27.70965576171875
PG_5=0
PG_9=0
PG_12=0
FLT_P2=0
FLT_P3=0
HEAT_1_TEMP=0.0
HEAT_1_DUTY=0
HEAT_2_TEMP=0.0
HEAT_2_DUTY=0
HEAT_3_TEMP=0.0
HEAT_3_DUTY=0
HEAT_4_TEMP=0.0
HEAT_4_DUTY=50.0

[22:28:36.831 EBOX]
TS=1786121094.901
V_SENSE5=1.21337890625
V_SENSE9=0.03662109375
V_SENSE12=0.1220703125
ADC_V5=4.8675537109375
ADC_V9=9.14215087890625
ADC_V12=11.53167724609375
ADC_V28=27.5592041015625
PG_5=0
PG_9=0
PG_12=0
FLT_P2=0
FLT_P3=0
HEAT_1_TEMP=0.0
HEAT_1_DUTY=0
HEAT_2_TEMP=0.0
HEAT_2_DUTY=0
HEAT_3_TEMP=0.0
HEAT_3_DUTY=0
HEAT_4_TEMP=0.0
HEAT_4_DUTY=50.0

[22:28:37.351 EBOX]
TS=1786121095.403
V_SENSE5=1.14013671875
V_SENSE9=0.0341796875
V_SENSE12=0.107421875
ADC_V5=4.9560546875
ADC_V9=9.19525146484375
ADC_V12=11.88568115234375
ADC_V28=27.4884033203125
PG_5=0
PG_9=0
PG_12=0
FLT_P2=0
FLT_P3=0
HEAT_1_TEMP=0.0
HEAT_1_DUTY=50.0
HEAT_2_TEMP=0.0
HEAT_2_DUTY=0
HEAT_3_TEMP=0.0
HEAT_3_DUTY=0
HEAT_4_TEMP=0.0
HEAT_4_DUTY=0

[22:28:37.869 EBOX]
TS=1786121095.913
V_SENSE5=1.15966796875
V_SENSE9=0.0390625
V_SENSE12=0.1171875
ADC_V5=4.9737548828125
ADC_V9=9.4342041015625
ADC_V12=11.65557861328125
ADC_V28=27.47955322265625
PG_5=0
PG_9=0
PG_12=0
FLT_P2=0
FLT_P3=0
HEAT_1_TEMP=0.0
HEAT_1_DUTY=50.0
HEAT_2_TEMP=0.0
HEAT_2_DUTY=0
HEAT_3_TEMP=0.0
HEAT_3_DUTY=0
HEAT_4_TEMP=0.0
HEAT_4_DUTY=0

[22:28:38.292 EBOX]
TS=1786121096.411
V_SENSE5=1.1865234375
V_SENSE9=0.03662109375
V_SENSE12=0.12939453125
ADC_V5=4.9383544921875
ADC_V9=9.46075439453125
ADC_V12=11.929931640625
ADC_V28=27.5238037109375
PG_5=0
PG_9=0
PG_12=0
FLT_P2=0
FLT_P3=0
HEAT_1_TEMP=0.0
HEAT_1_DUTY=0
HEAT_2_TEMP=0.0
HEAT_2_DUTY=50.0
HEAT_3_TEMP=0.0
HEAT_3_DUTY=0
HEAT_4_TEMP=0.0
HEAT_4_DUTY=0

[22:28:38.814 EBOX]
TS=1786121096.912
V_SENSE5=1.142578125
V_SENSE9=0.03662109375
V_SENSE12=0.11474609375
ADC_V5=4.98260498046875
ADC_V9=9.26605224609375
ADC_V12=11.9122314453125
ADC_V28=27.3822021484375
PG_5=0
PG_9=0
PG_12=0
FLT_P2=0
FLT_P3=0
HEAT_1_TEMP=0.0
HEAT_1_DUTY=0
HEAT_2_TEMP=0.0
HEAT_2_DUTY=50.0
HEAT_3_TEMP=0.0
HEAT_3_DUTY=0
HEAT_4_TEMP=0.0
HEAT_4_DUTY=0

[22:28:39.348 EBOX]
TS=1786121097.413
V_SENSE5=1.15234375
V_SENSE9=0.06591796875
V_SENSE12=0.1123046875
ADC_V5=4.96490478515625
ADC_V9=9.0802001953125
ADC_V12=11.8768310546875
ADC_V28=27.1875
PG_5=0
PG_9=0
PG_12=0
FLT_P2=0
FLT_P3=0
HEAT_1_TEMP=0.0
HEAT_1_DUTY=0
HEAT_2_TEMP=0.0
HEAT_2_DUTY=0
HEAT_3_TEMP=0.0
HEAT_3_DUTY=50.0
HEAT_4_TEMP=0.0
HEAT_4_DUTY=0

[22:28:39.919 EBOX]
TS=1786121097.914
V_SENSE5=1.09130859375
V_SENSE9=0.03662109375
V_SENSE12=0.10498046875
ADC_V5=4.9029541015625
ADC_V9=9.40765380859375
ADC_V12=11.69097900390625
ADC_V28=27.96630859375
PG_5=0
PG_9=0
PG_12=0
FLT_P2=0
FLT_P3=0
HEAT_1_TEMP=0.0
HEAT_1_DUTY=0
HEAT_2_TEMP=0.0
HEAT_2_DUTY=0
HEAT_3_TEMP=0.0
HEAT_3_DUTY=50.0
HEAT_4_TEMP=0.0
HEAT_4_DUTY=0

[22:28:40.356 EBOX]
TS=1786121098.416
V_SENSE5=1.19873046875
V_SENSE9=0.06591796875
V_SENSE12=0.11474609375
ADC_V5=4.920654296875
ADC_V9=8.9385986328125
ADC_V12=11.788330078125
ADC_V28=27.90435791015625
PG_5=0
PG_9=0
PG_12=0
FLT_P2=0
FLT_P3=0
HEAT_1_TEMP=0.0
HEAT_1_DUTY=0
HEAT_2_TEMP=0.0
HEAT_2_DUTY=0
HEAT_3_TEMP=0.0
HEAT_3_DUTY=0
HEAT_4_TEMP=0.0
HEAT_4_DUTY=50.0

[22:28:40.884 EBOX]
TS=1786121098.917
V_SENSE5=1.14013671875
V_SENSE9=0.04150390625
V_SENSE12=0.11962890625
ADC_V5=4.98260498046875
ADC_V9=9.15985107421875
ADC_V12=11.62017822265625
ADC_V28=27.09014892578125
PG_5=0
PG_9=0
PG_12=0
FLT_P2=0
FLT_P3=0
HEAT_1_TEMP=0.0
HEAT_1_DUTY=0
HEAT_2_TEMP=0.0
HEAT_2_DUTY=0
HEAT_3_TEMP=0.0
HEAT_3_DUTY=0
HEAT_4_TEMP=0.0
HEAT_4_DUTY=50.0

[22:28:41.315 EBOX]
TS=1786121099.420
V_SENSE5=1.23291015625
V_SENSE9=0.0390625
V_SENSE12=0.1025390625
ADC_V5=5.00030517578125
ADC_V9=9.05364990234375
ADC_V12=11.7352294921875
ADC_V28=27.60345458984375
PG_5=0
PG_9=0
PG_12=0
FLT_P2=0
FLT_P3=0
HEAT_1_TEMP=0.0
HEAT_1_DUTY=50.0
HEAT_2_TEMP=0.0
HEAT_2_DUTY=0
HEAT_3_TEMP=0.0
HEAT_3_DUTY=0
HEAT_4_TEMP=0.0
HEAT_4_DUTY=0

[22:28:41.843 EBOX]
TS=1786121099.919
V_SENSE5=1.11083984375
V_SENSE9=0.03662109375
V_SENSE12=0.107421875
ADC_V5=4.849853515625
ADC_V9=9.05364990234375
ADC_V12=11.63787841796875
ADC_V28=27.96630859375
PG_5=0
PG_9=0
PG_12=0
FLT_P2=0
FLT_P3=0
HEAT_1_TEMP=0.0
HEAT_1_DUTY=50.0
HEAT_2_TEMP=0.0
HEAT_2_DUTY=0
HEAT_3_TEMP=0.0
HEAT_3_DUTY=0
HEAT_4_TEMP=0.0
HEAT_4_DUTY=0

[22:28:42.362 EBOX]
TS=1786121100.421
V_SENSE5=1.19873046875
V_SENSE9=0.0341796875
V_SENSE12=0.1220703125
ADC_V5=4.920654296875
ADC_V9=8.9031982421875
ADC_V12=11.67327880859375
ADC_V28=27.55035400390625
PG_5=0
PG_9=0
PG_12=0
FLT_P2=0
FLT_P3=0
HEAT_1_TEMP=0.0
HEAT_1_DUTY=0
HEAT_2_TEMP=0.0
HEAT_2_DUTY=50.0
HEAT_3_TEMP=0.0
HEAT_3_DUTY=0
HEAT_4_TEMP=0.0
HEAT_4_DUTY=0

[22:28:42.880 EBOX]
TS=1786121100.922
V_SENSE5=1.11083984375
V_SENSE9=0.03662109375
V_SENSE12=0.1171875
ADC_V5=4.9737548828125
ADC_V9=9.05364990234375
ADC_V12=11.67327880859375
ADC_V28=27.8424072265625
PG_5=0
PG_9=0
PG_12=0
FLT_P2=0
FLT_P3=0
HEAT_1_TEMP=0.0
HEAT_1_DUTY=0
HEAT_2_TEMP=0.0
HEAT_2_DUTY=50.0
HEAT_3_TEMP=0.0
HEAT_3_DUTY=0
HEAT_4_TEMP=0.0
HEAT_4_DUTY=0

[22:28:43.320 EBOX]
TS=1786121101.423
V_SENSE5=1.123046875
V_SENSE9=0.0341796875
V_SENSE12=0.15380859375
ADC_V5=4.87640380859375
ADC_V9=8.82354736328125
ADC_V12=11.72637939453125
ADC_V28=27.60345458984375
PG_5=0
PG_9=0
PG_12=0
FLT_P2=0
FLT_P3=0
HEAT_1_TEMP=0.0
HEAT_1_DUTY=0
HEAT_2_TEMP=0.0
HEAT_2_DUTY=0
HEAT_3_TEMP=0.0
HEAT_3_DUTY=50.0
HEAT_4_TEMP=0.0
HEAT_4_DUTY=0

[22:28:43.849 EBOX]
TS=1786121101.924
V_SENSE5=1.09130859375
V_SENSE9=0.0341796875
V_SENSE12=0.1171875
ADC_V5=4.991455078125
ADC_V9=8.85009765625
ADC_V12=11.8414306640625
ADC_V28=27.09014892578125
PG_5=0
PG_9=0
PG_12=0
FLT_P2=0
FLT_P3=0
HEAT_1_TEMP=0.0
HEAT_1_DUTY=0
HEAT_2_TEMP=0.0
HEAT_2_DUTY=0
HEAT_3_TEMP=0.0
HEAT_3_DUTY=50.0
HEAT_4_TEMP=0.0
HEAT_4_DUTY=0

[22:28:44.377 EBOX]
TS=1786121102.426
V_SENSE5=1.1279296875
V_SENSE9=0.0390625
V_SENSE12=0.126953125
ADC_V5=4.94720458984375
ADC_V9=9.21295166015625
ADC_V12=11.79718017578125
ADC_V28=27.75390625
PG_5=0
PG_9=0
PG_12=0
FLT_P2=0
FLT_P3=0
HEAT_1_TEMP=0.0
HEAT_1_DUTY=0
HEAT_2_TEMP=0.0
HEAT_2_DUTY=0
HEAT_3_TEMP=0.0
HEAT_3_DUTY=0
HEAT_4_TEMP=0.0
HEAT_4_DUTY=50.0

[22:28:44.899 EBOX]
TS=1786121102.927
V_SENSE5=1.14013671875
V_SENSE9=0.09521484375
V_SENSE12=0.1123046875
ADC_V5=4.8675537109375
ADC_V9=9.168701171875
ADC_V12=11.89453125
ADC_V28=27.364501953125
PG_5=0
PG_9=0
PG_12=0
FLT_P2=0
FLT_P3=0
HEAT_1_TEMP=0.0
HEAT_1_DUTY=0
HEAT_2_TEMP=0.0
HEAT_2_DUTY=0
HEAT_3_TEMP=0.0
HEAT_3_DUTY=0
HEAT_4_TEMP=0.0
HEAT_4_DUTY=50.0

[22:28:45.340 EBOX]
TS=1786121103.428
V_SENSE5=1.06201171875
V_SENSE9=0.0341796875
V_SENSE12=0.10986328125
ADC_V5=4.9560546875
ADC_V9=9.23065185546875
ADC_V12=11.63787841796875
ADC_V28=27.86895751953125
PG_5=0
PG_9=0
PG_12=0
FLT_P2=0
FLT_P3=0
HEAT_1_TEMP=0.0
HEAT_1_DUTY=50.0
HEAT_2_TEMP=0.0
HEAT_2_DUTY=0
HEAT_3_TEMP=0.0
HEAT_3_DUTY=0
HEAT_4_TEMP=0.0
HEAT_4_DUTY=0

[22:28:45.884 EBOX]
TS=1786121103.934
V_SENSE5=1.0400390625
V_SENSE9=0.0341796875
V_SENSE12=0.1123046875
ADC_V5=4.94720458984375
ADC_V9=9.01824951171875
ADC_V12=11.9122314453125
ADC_V28=27.24945068359375
PG_5=0
PG_9=0
PG_12=0
FLT_P2=0
FLT_P3=0
HEAT_1_TEMP=0.0
HEAT_1_DUTY=50.0
HEAT_2_TEMP=0.0
HEAT_2_DUTY=0
HEAT_3_TEMP=0.0
HEAT_3_DUTY=0
HEAT_4_TEMP=0.0
HEAT_4_DUTY=0

[22:28:46.305 EBOX]
TS=1786121104.430
V_SENSE5=1.11572265625
V_SENSE9=0.0390625
V_SENSE12=0.1123046875
ADC_V5=4.8675537109375
ADC_V9=9.19525146484375
ADC_V12=11.6290283203125
ADC_V28=27.68310546875
PG_5=0
PG_9=0
PG_12=0
FLT_P2=0
FLT_P3=0
HEAT_1_TEMP=0.0
HEAT_1_DUTY=0
HEAT_2_TEMP=0.0
HEAT_2_DUTY=50.0
HEAT_3_TEMP=0.0
HEAT_3_DUTY=0
HEAT_4_TEMP=0.0
HEAT_4_DUTY=0

[22:28:46.845 EBOX]
TS=1786121104.931
V_SENSE5=1.1328125
V_SENSE9=0.0341796875
V_SENSE12=0.126953125
ADC_V5=5.00030517578125
ADC_V9=9.0447998046875
ADC_V12=11.82373046875
ADC_V28=27.0635986328125
PG_5=0
PG_9=0
PG_12=0
FLT_P2=0
FLT_P3=0
HEAT_1_TEMP=0.0
HEAT_1_DUTY=0
HEAT_2_TEMP=0.0
HEAT_2_DUTY=50.0
HEAT_3_TEMP=0.0
HEAT_3_DUTY=0
HEAT_4_TEMP=0.0
HEAT_4_DUTY=0

[22:28:47.388 EBOX]
TS=1786121105.432
V_SENSE5=1.0986328125
V_SENSE9=0.03662109375
V_SENSE12=0.1025390625
ADC_V5=4.920654296875
ADC_V9=9.1156005859375
ADC_V12=11.717529296875
ADC_V28=27.8955078125
PG_5=0
PG_9=0
PG_12=0
FLT_P2=0
FLT_P3=0
HEAT_1_TEMP=0.0
HEAT_1_DUTY=0
HEAT_2_TEMP=0.0
HEAT_2_DUTY=0
HEAT_3_TEMP=0.0
HEAT_3_DUTY=50.0
HEAT_4_TEMP=0.0
HEAT_4_DUTY=0

[22:28:47.812 EBOX]
TS=1786121105.934
V_SENSE5=1.1474609375
V_SENSE9=0.0390625
V_SENSE12=0.1025390625
ADC_V5=4.991455078125
ADC_V9=9.33685302734375
ADC_V12=11.67327880859375
ADC_V28=27.4176025390625
PG_5=0
PG_9=0
PG_12=0
FLT_P2=0
FLT_P3=0
HEAT_1_TEMP=0.0
HEAT_1_DUTY=0
HEAT_2_TEMP=0.0
HEAT_2_DUTY=0
HEAT_3_TEMP=0.0
HEAT_3_DUTY=50.0
HEAT_4_TEMP=0.0
HEAT_4_DUTY=0

[22:28:48.416 EBOX]
TS=1786121106.439
V_SENSE5=1.07421875
V_SENSE9=0.03662109375
V_SENSE12=0.1220703125
ADC_V5=4.849853515625
ADC_V9=9.33685302734375
ADC_V12=11.88568115234375
ADC_V28=27.30255126953125
PG_5=0
PG_9=0
PG_12=0
FLT_P2=0
FLT_P3=0
HEAT_1_TEMP=0.0
HEAT_1_DUTY=0
HEAT_2_TEMP=0.0
HEAT_2_DUTY=0
HEAT_3_TEMP=0.0
HEAT_3_DUTY=0
HEAT_4_TEMP=0.0
HEAT_4_DUTY=50.0

[22:28:48.840 EBOX]
TS=1786121106.940
V_SENSE5=1.025390625
V_SENSE9=0.04150390625
V_SENSE12=0.12939453125
ADC_V5=4.92950439453125
ADC_V9=8.9385986328125
ADC_V12=11.70867919921875
ADC_V28=27.72735595703125
PG_5=0
PG_9=0
PG_12=0
FLT_P2=0
FLT_P3=0
HEAT_1_TEMP=0.0
HEAT_1_DUTY=0
HEAT_2_TEMP=0.0
HEAT_2_DUTY=0
HEAT_3_TEMP=0.0
HEAT_3_DUTY=0
HEAT_4_TEMP=0.0
HEAT_4_DUTY=50.0

[22:28:49.375 EBOX]
TS=1786121107.440
V_SENSE5=1.083984375
V_SENSE9=0.0390625
V_SENSE12=0.107421875
ADC_V5=4.96490478515625
ADC_V9=9.21295166015625
ADC_V12=11.70867919921875
ADC_V28=27.8955078125
PG_5=0
PG_9=0
PG_12=0
FLT_P2=0
FLT_P3=0
HEAT_1_TEMP=0.0
HEAT_1_DUTY=50.0
HEAT_2_TEMP=0.0
HEAT_2_DUTY=0
HEAT_3_TEMP=0.0
HEAT_3_DUTY=0
HEAT_4_TEMP=0.0
HEAT_4_DUTY=0

[22:28:49.925 EBOX]
TS=1786121107.943
V_SENSE5=1.0888671875
V_SENSE9=0.0390625
V_SENSE12=0.1025390625
ADC_V5=4.9560546875
ADC_V9=9.4873046875
ADC_V12=11.646728515625
ADC_V28=27.222900390625
PG_5=0
PG_9=0
PG_12=0
FLT_P2=0
FLT_P3=0
HEAT_1_TEMP=0.0
HEAT_1_DUTY=50.0
HEAT_2_TEMP=0.0
HEAT_2_DUTY=0
HEAT_3_TEMP=0.0
HEAT_3_DUTY=0
HEAT_4_TEMP=0.0
HEAT_4_DUTY=0

[22:28:50.359 EBOX]
TS=1786121108.444
V_SENSE5=1.064453125
V_SENSE9=0.07080078125
V_SENSE12=0.11962890625
ADC_V5=4.89410400390625
ADC_V9=9.2926025390625
ADC_V12=11.8768310546875
ADC_V28=27.99285888671875
PG_5=0
PG_9=0
PG_12=0
FLT_P2=0
FLT_P3=0
HEAT_1_TEMP=0.0
HEAT_1_DUTY=0
HEAT_2_TEMP=0.0
HEAT_2_DUTY=50.0
HEAT_3_TEMP=0.0
HEAT_3_DUTY=0
HEAT_4_TEMP=0.0
HEAT_4_DUTY=0

[22:28:50.892 EBOX]
TS=1786121108.947
V_SENSE5=1.025390625
V_SENSE9=0.0341796875
V_SENSE12=0.1123046875
ADC_V5=5.00030517578125
ADC_V9=9.42535400390625
ADC_V12=11.9476318359375
ADC_V28=27.68310546875
PG_5=0
PG_9=0
PG_12=0
FLT_P2=0
FLT_P3=0
HEAT_1_TEMP=0.0
HEAT_1_DUTY=0
HEAT_2_TEMP=0.0
HEAT_2_DUTY=50.0
HEAT_3_TEMP=0.0
HEAT_3_DUTY=0
HEAT_4_TEMP=0.0
HEAT_4_DUTY=0

[22:28:51.428 EBOX]
TS=1786121109.445
V_SENSE5=1.11328125
V_SENSE9=0.0390625
V_SENSE12=0.1171875
ADC_V5=5.0091552734375
ADC_V9=9.1510009765625
ADC_V12=11.54937744140625
ADC_V28=27.8070068359375
PG_5=0
PG_9=0
PG_12=0
FLT_P2=0
FLT_P3=0
HEAT_1_TEMP=0.0
HEAT_1_DUTY=0
HEAT_2_TEMP=0.0
HEAT_2_DUTY=0
HEAT_3_TEMP=0.0
HEAT_3_DUTY=50.0
HEAT_4_TEMP=0.0
HEAT_4_DUTY=0

[22:28:51.927 EBOX]
TS=1786121109.946
V_SENSE5=1.09619140625
V_SENSE9=0.0390625
V_SENSE12=0.1171875
ADC_V5=5.0091552734375
ADC_V9=9.310302734375
ADC_V12=11.62017822265625
ADC_V28=27.85125732421875
PG_5=0
PG_9=0
PG_12=0
FLT_P2=0
FLT_P3=0
HEAT_1_TEMP=0.0
HEAT_1_DUTY=0
HEAT_2_TEMP=0.0
HEAT_2_DUTY=0
HEAT_3_TEMP=0.0
HEAT_3_DUTY=50.0
HEAT_4_TEMP=0.0
HEAT_4_DUTY=0

[22:28:52.351 EBOX]
TS=1786121110.448
V_SENSE5=1.15966796875
V_SENSE9=0.0390625
V_SENSE12=0.1171875
ADC_V5=5.0091552734375
ADC_V9=9.19525146484375
ADC_V12=11.646728515625
ADC_V28=27.3822021484375
PG_5=0
PG_9=0
PG_12=0
FLT_P2=0
FLT_P3=0
HEAT_1_TEMP=0.0
HEAT_1_DUTY=0
HEAT_2_TEMP=0.0
HEAT_2_DUTY=0
HEAT_3_TEMP=0.0
HEAT_3_DUTY=0
HEAT_4_TEMP=0.0
HEAT_4_DUTY=50.0

[22:28:52.918 EBOX]
TS=1786121110.948
V_SENSE5=1.11083984375
V_SENSE9=0.0341796875
V_SENSE12=0.1123046875
ADC_V5=4.88525390625
ADC_V9=9.1156005859375
ADC_V12=11.54052734375
ADC_V28=27.9132080078125
PG_5=0
PG_9=0
PG_12=0
FLT_P2=0
FLT_P3=0
HEAT_1_TEMP=0.0
HEAT_1_DUTY=0
HEAT_2_TEMP=0.0
HEAT_2_DUTY=0
HEAT_3_TEMP=0.0
HEAT_3_DUTY=0
HEAT_4_TEMP=0.0
HEAT_4_DUTY=50.0

[22:28:53.346 EBOX]
TS=1786121111.456
V_SENSE5=0.9814453125
V_SENSE9=0.0390625
V_SENSE12=0.10498046875
ADC_V5=5.08880615234375
ADC_V9=9.5050048828125
ADC_V12=11.88568115234375
ADC_V28=27.96630859375
PG_5=0
PG_9=0
PG_12=0
FLT_P2=0
FLT_P3=0
HEAT_1_TEMP=0.0
HEAT_1_DUTY=50.0
HEAT_2_TEMP=0.0
HEAT_2_DUTY=0
HEAT_3_TEMP=0.0
HEAT_3_DUTY=0
HEAT_4_TEMP=0.0
HEAT_4_DUTY=0

[22:28:53.871 EBOX]
TS=1786121111.951
V_SENSE5=1.12060546875
V_SENSE9=0.0390625
V_SENSE12=0.107421875
ADC_V5=4.88525390625
ADC_V9=8.94744873046875
ADC_V12=11.74407958984375
ADC_V28=27.7008056640625
PG_5=0
PG_9=0
PG_12=0
FLT_P2=0
FLT_P3=0
HEAT_1_TEMP=0.0
HEAT_1_DUTY=50.0
HEAT_2_TEMP=0.0
HEAT_2_DUTY=0
HEAT_3_TEMP=0.0
HEAT_3_DUTY=0
HEAT_4_TEMP=0.0
HEAT_4_DUTY=0

[22:28:54.426 EBOX]
TS=1786121112.453
V_SENSE5=1.13037109375
V_SENSE9=0.0341796875
V_SENSE12=0.1171875
ADC_V5=4.88525390625
ADC_V9=8.8677978515625
ADC_V12=11.76177978515625
ADC_V28=27.70965576171875
PG_5=0
PG_9=0
PG_12=0
FLT_P2=0
FLT_P3=0
HEAT_1_TEMP=0.0
HEAT_1_DUTY=0
HEAT_2_TEMP=0.0
HEAT_2_DUTY=50.0
HEAT_3_TEMP=0.0
HEAT_3_DUTY=0
HEAT_4_TEMP=0.0
HEAT_4_DUTY=0

[22:28:54.856 EBOX]
TS=1786121112.953
V_SENSE5=1.08642578125
V_SENSE9=0.0390625
V_SENSE12=0.10986328125
ADC_V5=4.9737548828125
ADC_V9=9.12445068359375
ADC_V12=11.859130859375
ADC_V28=27.79815673828125
PG_5=0
PG_9=0
PG_12=0
FLT_P2=0
FLT_P3=0
HEAT_1_TEMP=0.0
HEAT_1_DUTY=0
HEAT_2_TEMP=0.0
HEAT_2_DUTY=50.0
HEAT_3_TEMP=0.0
HEAT_3_DUTY=0
HEAT_4_TEMP=0.0
HEAT_4_DUTY=0

[22:28:55.395 EBOX]
TS=1786121113.454
V_SENSE5=1.1328125
V_SENSE9=0.03173828125
V_SENSE12=0.10986328125
ADC_V5=4.9737548828125
ADC_V9=8.779296875
ADC_V12=11.83258056640625
ADC_V28=27.10784912109375
PG_5=0
PG_9=0
PG_12=0
FLT_P2=0
FLT_P3=0
HEAT_1_TEMP=0.0
HEAT_1_DUTY=0
HEAT_2_TEMP=0.0
HEAT_2_DUTY=0
HEAT_3_TEMP=0.0
HEAT_3_DUTY=50.0
HEAT_4_TEMP=0.0
HEAT_4_DUTY=0

[22:28:55.919 EBOX]
TS=1786121113.958
V_SENSE5=0.98388671875
V_SENSE9=0.0341796875
V_SENSE12=0.13427734375
ADC_V5=4.9560546875
ADC_V9=8.814697265625
ADC_V12=11.95648193359375
ADC_V28=27.0989990234375
PG_5=0
PG_9=0
PG_12=0
FLT_P2=0
FLT_P3=0
HEAT_1_TEMP=0.0
HEAT_1_DUTY=0
HEAT_2_TEMP=0.0
HEAT_2_DUTY=0
HEAT_3_TEMP=0.0
HEAT_3_DUTY=50.0
HEAT_4_TEMP=0.0
HEAT_4_DUTY=0

[22:28:56.352 EBOX]
TS=1786121114.461
V_SENSE5=1.083984375
V_SENSE9=0.0390625
V_SENSE12=0.13671875
ADC_V5=4.98260498046875
ADC_V9=9.08905029296875
ADC_V12=11.82373046875
ADC_V28=27.8424072265625
PG_5=0
PG_9=0
PG_12=0
FLT_P2=0
FLT_P3=0
HEAT_1_TEMP=0.0
HEAT_1_DUTY=0
HEAT_2_TEMP=0.0
HEAT_2_DUTY=0
HEAT_3_TEMP=0.0
HEAT_3_DUTY=0
HEAT_4_TEMP=0.0
HEAT_4_DUTY=50.0

[22:28:56.903 EBOX]
TS=1786121114.962
V_SENSE5=1.03515625
V_SENSE9=0.0390625
V_SENSE12=0.1171875
ADC_V5=4.9560546875
ADC_V9=9.1156005859375
ADC_V12=11.54052734375
ADC_V28=27.435302734375
PG_5=0
PG_9=0
PG_12=0
FLT_P2=0
FLT_P3=0
HEAT_1_TEMP=0.0
HEAT_1_DUTY=0
HEAT_2_TEMP=0.0
HEAT_2_DUTY=0
HEAT_3_TEMP=0.0
HEAT_3_DUTY=0
HEAT_4_TEMP=0.0
HEAT_4_DUTY=50.0

[22:28:57.443 EBOX]
TS=1786121115.464
V_SENSE5=1.0400390625
V_SENSE9=0.0341796875
V_SENSE12=0.1171875
ADC_V5=4.8675537109375
ADC_V9=9.027099609375
ADC_V12=11.90338134765625
ADC_V28=27.9486083984375
PG_5=0
PG_9=0
PG_12=0
FLT_P2=0
FLT_P3=0
HEAT_1_TEMP=0.0
HEAT_1_DUTY=50.0
HEAT_2_TEMP=0.0
HEAT_2_DUTY=0
HEAT_3_TEMP=0.0
HEAT_3_DUTY=0
HEAT_4_TEMP=0.0
HEAT_4_DUTY=0

[22:28:57.878 EBOX]
TS=1786121115.962
V_SENSE5=1.13525390625
V_SENSE9=0.0341796875
V_SENSE12=0.10009765625
ADC_V5=4.98260498046875
ADC_V9=9.38995361328125
ADC_V12=11.88568115234375
ADC_V28=27.930908203125
PG_5=0
PG_9=0
PG_12=0
FLT_P2=0
FLT_P3=0
HEAT_1_TEMP=0.0
HEAT_1_DUTY=50.0
HEAT_2_TEMP=0.0
HEAT_2_DUTY=0
HEAT_3_TEMP=0.0
HEAT_3_DUTY=0
HEAT_4_TEMP=0.0
HEAT_4_DUTY=0

[22:28:58.423 EBOX]
TS=1786121116.463
V_SENSE5=1.083984375
V_SENSE9=0.0390625
V_SENSE12=0.1318359375
ADC_V5=4.9560546875
ADC_V9=9.2218017578125
ADC_V12=12.00958251953125
ADC_V28=27.14324951171875
PG_5=0
PG_9=0
PG_12=0
FLT_P2=0
FLT_P3=0
HEAT_1_TEMP=0.0
HEAT_1_DUTY=0
HEAT_2_TEMP=0.0
HEAT_2_DUTY=50.0
HEAT_3_TEMP=0.0
HEAT_3_DUTY=0
HEAT_4_TEMP=0.0
HEAT_4_DUTY=0

[22:28:58.870 EBOX]
TS=1786121116.964
V_SENSE5=1.1181640625
V_SENSE9=0.0390625
V_SENSE12=0.1171875
ADC_V5=4.991455078125
ADC_V9=9.345703125
ADC_V12=11.85028076171875
ADC_V28=27.1697998046875
PG_5=0
PG_9=0
PG_12=0
FLT_P2=0
FLT_P3=0
HEAT_1_TEMP=0.0
HEAT_1_DUTY=0
HEAT_2_TEMP=0.0
HEAT_2_DUTY=50.0
HEAT_3_TEMP=0.0
HEAT_3_DUTY=0
HEAT_4_TEMP=0.0
HEAT_4_DUTY=0

[22:28:59.397 EBOX]
TS=1786121117.465
V_SENSE5=1.1083984375
V_SENSE9=0.03662109375
V_SENSE12=0.11474609375
ADC_V5=4.9029541015625
ADC_V9=9.24835205078125
ADC_V12=11.717529296875
ADC_V28=27.930908203125
PG_5=0
PG_9=0
PG_12=0
FLT_P2=0
FLT_P3=0
HEAT_1_TEMP=0.0
HEAT_1_DUTY=0
HEAT_2_TEMP=0.0
HEAT_2_DUTY=0
HEAT_3_TEMP=0.0
HEAT_3_DUTY=50.0
HEAT_4_TEMP=0.0
HEAT_4_DUTY=0

[22:28:59.929 EBOX]
TS=1786121117.969
V_SENSE5=1.00830078125
V_SENSE9=0.0390625
V_SENSE12=0.10986328125
ADC_V5=4.849853515625
ADC_V9=9.2041015625
ADC_V12=11.63787841796875
ADC_V28=27.3468017578125
PG_5=0
PG_9=0
PG_12=0
FLT_P2=0
FLT_P3=0
HEAT_1_TEMP=0.0
HEAT_1_DUTY=0
HEAT_2_TEMP=0.0
HEAT_2_DUTY=0
HEAT_3_TEMP=0.0
HEAT_3_DUTY=50.0
HEAT_4_TEMP=0.0
HEAT_4_DUTY=0

[22:29:00.356 EBOX]
TS=1786121118.474
V_SENSE5=1.03271484375
V_SENSE9=0.0390625
V_SENSE12=0.1318359375
ADC_V5=5.23040771484375
ADC_V9=9.28375244140625
ADC_V12=11.68212890625
ADC_V28=27.03704833984375
PG_5=0
PG_9=0
PG_12=0
FLT_P2=0
FLT_P3=0
HEAT_1_TEMP=0.0
HEAT_1_DUTY=0
HEAT_2_TEMP=0.0
HEAT_2_DUTY=0
HEAT_3_TEMP=0.0
HEAT_3_DUTY=0
HEAT_4_TEMP=0.0
HEAT_4_DUTY=50.0

[22:29:00.913 EBOX]
TS=1786121118.976
V_SENSE5=1.025390625
V_SENSE9=0.0390625
V_SENSE12=0.126953125
ADC_V5=4.849853515625
ADC_V9=9.35455322265625
ADC_V12=11.62017822265625
ADC_V28=27.21405029296875
PG_5=0
PG_9=0
PG_12=0
FLT_P2=0
FLT_P3=0
HEAT_1_TEMP=0.0
HEAT_1_DUTY=0
HEAT_2_TEMP=0.0
HEAT_2_DUTY=0
HEAT_3_TEMP=0.0
HEAT_3_DUTY=0
HEAT_4_TEMP=0.0
HEAT_4_DUTY=50.0

[22:29:01.445 EBOX]
TS=1786121119.473
V_SENSE5=1.044921875
V_SENSE9=0.05615234375
V_SENSE12=0.1123046875
ADC_V5=4.84100341796875
ADC_V9=9.30145263671875
ADC_V12=11.92108154296875
ADC_V28=27.6300048828125
PG_5=0
PG_9=0
PG_12=0
FLT_P2=0
FLT_P3=0
HEAT_1_TEMP=0.0
HEAT_1_DUTY=50.0
HEAT_2_TEMP=0.0
HEAT_2_DUTY=0
HEAT_3_TEMP=0.0
HEAT_3_DUTY=0
HEAT_4_TEMP=0.0
HEAT_4_DUTY=0

[22:29:01.888 EBOX]
TS=1786121119.974
V_SENSE5=1.11328125
V_SENSE9=0.0390625
V_SENSE12=0.1025390625
ADC_V5=4.94720458984375
ADC_V9=9.47845458984375
ADC_V12=11.54052734375
ADC_V28=27.70965576171875
PG_5=0
PG_9=0
PG_12=0
FLT_P2=0
FLT_P3=0
HEAT_1_TEMP=0.0
HEAT_1_DUTY=50.0
HEAT_2_TEMP=0.0
HEAT_2_DUTY=0
HEAT_3_TEMP=0.0
HEAT_3_DUTY=0
HEAT_4_TEMP=0.0
HEAT_4_DUTY=0

[22:29:02.419 EBOX]
TS=1786121120.476
V_SENSE5=1.10595703125
V_SENSE9=0.03173828125
V_SENSE12=0.1123046875
ADC_V5=4.9383544921875
ADC_V9=9.3634033203125
ADC_V12=11.8768310546875
ADC_V28=27.90435791015625
PG_5=0
PG_9=0
PG_12=0
FLT_P2=0
FLT_P3=0
HEAT_1_TEMP=0.0
HEAT_1_DUTY=0
HEAT_2_TEMP=0.0
HEAT_2_DUTY=50.0
HEAT_3_TEMP=0.0
HEAT_3_DUTY=0
HEAT_4_TEMP=0.0
HEAT_4_DUTY=0

[22:29:02.957 EBOX]
TS=1786121120.976
V_SENSE5=1.1083984375
V_SENSE9=0.0390625
V_SENSE12=0.1123046875
ADC_V5=4.94720458984375
ADC_V9=9.41650390625
ADC_V12=11.7529296875
ADC_V28=27.88665771484375
PG_5=0
PG_9=0
PG_12=0
FLT_P2=0
FLT_P3=0
HEAT_1_TEMP=0.0
HEAT_1_DUTY=0
HEAT_2_TEMP=0.0
HEAT_2_DUTY=50.0
HEAT_3_TEMP=0.0
HEAT_3_DUTY=0
HEAT_4_TEMP=0.0
HEAT_4_DUTY=0

[22:29:03.408 EBOX]
TS=1786121121.477
V_SENSE5=1.12060546875
V_SENSE9=0.0341796875
V_SENSE12=0.1123046875
ADC_V5=4.991455078125
ADC_V9=9.40765380859375
ADC_V12=11.67327880859375
ADC_V28=27.9486083984375
PG_5=0
PG_9=0
PG_12=0
FLT_P2=0
FLT_P3=0
HEAT_1_TEMP=0.0
HEAT_1_DUTY=0
HEAT_2_TEMP=0.0
HEAT_2_DUTY=0
HEAT_3_TEMP=0.0
HEAT_3_DUTY=50.0
HEAT_4_TEMP=0.0
HEAT_4_DUTY=0

[22:29:03.964 EBOX]
TS=1786121121.985
V_SENSE5=0.99365234375
V_SENSE9=0.0439453125
V_SENSE12=0.12939453125
ADC_V5=4.84100341796875
ADC_V9=9.14215087890625
ADC_V12=11.53167724609375
ADC_V28=26.93084716796875
PG_5=0
PG_9=0
PG_12=0
FLT_P2=0
FLT_P3=0
HEAT_1_TEMP=0.0
HEAT_1_DUTY=0
HEAT_2_TEMP=0.0
HEAT_2_DUTY=0
HEAT_3_TEMP=0.0
HEAT_3_DUTY=50.0
HEAT_4_TEMP=0.0
HEAT_4_DUTY=0

[22:29:04.394 EBOX]
TS=1786121122.484
V_SENSE5=0.9912109375
V_SENSE9=0.0341796875
V_SENSE12=0.1123046875
ADC_V5=4.8675537109375
ADC_V9=9.0802001953125
ADC_V12=11.8060302734375
ADC_V28=27.7362060546875
PG_5=0
PG_9=0
PG_12=0
FLT_P2=0
FLT_P3=0
HEAT_1_TEMP=0.0
HEAT_1_DUTY=0
HEAT_2_TEMP=0.0
HEAT_2_DUTY=0
HEAT_3_TEMP=0.0
HEAT_3_DUTY=0
HEAT_4_TEMP=0.0
HEAT_4_DUTY=50.0

[22:29:04.929 EBOX]
TS=1786121122.983
V_SENSE5=1.015625
V_SENSE9=0.04638671875
V_SENSE12=0.1171875
ADC_V5=5.0091552734375
ADC_V9=9.2041015625
ADC_V12=11.67327880859375
ADC_V28=27.4176025390625
PG_5=0
PG_9=0
PG_12=0
FLT_P2=0
FLT_P3=0
HEAT_1_TEMP=0.0
HEAT_1_DUTY=0
HEAT_2_TEMP=0.0
HEAT_2_DUTY=0
HEAT_3_TEMP=0.0
HEAT_3_DUTY=0
HEAT_4_TEMP=0.0
HEAT_4_DUTY=50.0

[22:29:05.481 EBOX]
TS=1786121123.488
V_SENSE5=1.0205078125
V_SENSE9=0.03662109375
V_SENSE12=0.1123046875
ADC_V5=4.8675537109375
ADC_V9=8.7261962890625
ADC_V12=11.69097900390625
ADC_V28=27.1343994140625
PG_5=0
PG_9=0
PG_12=0
FLT_P2=0
FLT_P3=0
HEAT_1_TEMP=0.0
HEAT_1_DUTY=50.0
HEAT_2_TEMP=0.0
HEAT_2_DUTY=0
HEAT_3_TEMP=0.0
HEAT_3_DUTY=0
HEAT_4_TEMP=0.0
HEAT_4_DUTY=0

[22:29:05.911 EBOX]
TS=1786121123.988
V_SENSE5=1.01318359375
V_SENSE9=0.0390625
V_SENSE12=0.12451171875
ADC_V5=5.0091552734375
ADC_V9=9.00054931640625
ADC_V12=11.575927734375
ADC_V28=27.76275634765625
PG_5=0
PG_9=0
PG_12=0
FLT_P2=0
FLT_P3=0
HEAT_1_TEMP=0.0
HEAT_1_DUTY=50.0
HEAT_2_TEMP=0.0
HEAT_2_DUTY=0
HEAT_3_TEMP=0.0
HEAT_3_DUTY=0
HEAT_4_TEMP=0.0
HEAT_4_DUTY=0

[22:29:06.443 EBOX]
TS=1786121124.486
V_SENSE5=1.08642578125
V_SENSE9=0.0341796875
V_SENSE12=0.12451171875
ADC_V5=5.0091552734375
ADC_V9=9.0447998046875
ADC_V12=11.6644287109375
ADC_V28=27.93975830078125
PG_5=0
PG_9=0
PG_12=0
FLT_P2=0
FLT_P3=0
HEAT_1_TEMP=0.0
HEAT_1_DUTY=0
HEAT_2_TEMP=0.0
HEAT_2_DUTY=50.0
HEAT_3_TEMP=0.0
HEAT_3_DUTY=0
HEAT_4_TEMP=0.0
HEAT_4_DUTY=0

[22:29:06.891 EBOX]
TS=1786121124.988
V_SENSE5=1.13525390625
V_SENSE9=0.0341796875
V_SENSE12=0.15380859375
ADC_V5=4.991455078125
ADC_V9=9.0625
ADC_V12=11.6998291015625
ADC_V28=27.17864990234375
PG_5=0
PG_9=0
PG_12=0
FLT_P2=0
FLT_P3=0
HEAT_1_TEMP=0.0
HEAT_1_DUTY=0
HEAT_2_TEMP=0.0
HEAT_2_DUTY=50.0
HEAT_3_TEMP=0.0
HEAT_3_DUTY=0
HEAT_4_TEMP=0.0
HEAT_4_DUTY=0

[22:29:07.422 EBOX]
TS=1786121125.488
V_SENSE5=1.11328125
V_SENSE9=0.0341796875
V_SENSE12=0.11962890625
ADC_V5=5.0091552734375
ADC_V9=8.89434814453125
ADC_V12=11.788330078125
ADC_V28=27.2760009765625
PG_5=0
PG_9=0
PG_12=0
FLT_P2=0
FLT_P3=0
HEAT_1_TEMP=0.0
HEAT_1_DUTY=0
HEAT_2_TEMP=0.0
HEAT_2_DUTY=0
HEAT_3_TEMP=0.0
HEAT_3_DUTY=50.0
HEAT_4_TEMP=0.0
HEAT_4_DUTY=0

[22:29:07.958 EBOX]
TS=1786121125.989
V_SENSE5=1.15966796875
V_SENSE9=0.0341796875
V_SENSE12=0.11962890625
ADC_V5=4.9737548828125
ADC_V9=9.05364990234375
ADC_V12=11.6998291015625
ADC_V28=27.75390625
PG_5=0
PG_9=0
PG_12=0
FLT_P2=0
FLT_P3=0
HEAT_1_TEMP=0.0
HEAT_1_DUTY=0
HEAT_2_TEMP=0.0
HEAT_2_DUTY=0
HEAT_3_TEMP=0.0
HEAT_3_DUTY=50.0
HEAT_4_TEMP=0.0
HEAT_4_DUTY=0

[22:29:08.395 EBOX]
TS=1786121126.493
V_SENSE5=1.005859375
V_SENSE9=0.05126953125
V_SENSE12=0.1416015625
ADC_V5=5.08880615234375
ADC_V9=9.23065185546875
ADC_V12=11.86798095703125
ADC_V28=27.51495361328125
PG_5=0
PG_9=0
PG_12=0
FLT_P2=0
FLT_P3=0
HEAT_1_TEMP=0.0
HEAT_1_DUTY=0
HEAT_2_TEMP=0.0
HEAT_2_DUTY=0
HEAT_3_TEMP=0.0
HEAT_3_DUTY=0
HEAT_4_TEMP=0.0
HEAT_4_DUTY=50.0

[22:29:08.939 EBOX]
TS=1786121126.995
V_SENSE5=1.05712890625
V_SENSE9=0.0390625
V_SENSE12=0.11474609375
ADC_V5=4.849853515625
ADC_V9=9.31915283203125
ADC_V12=11.89453125
ADC_V28=27.42645263671875
PG_5=0
PG_9=0
PG_12=0
FLT_P2=0
FLT_P3=0
HEAT_1_TEMP=0.0
HEAT_1_DUTY=0
HEAT_2_TEMP=0.0
HEAT_2_DUTY=0
HEAT_3_TEMP=0.0
HEAT_3_DUTY=0
HEAT_4_TEMP=0.0
HEAT_4_DUTY=50.0

[22:29:09.486 EBOX]
TS=1786121127.497
V_SENSE5=1.03271484375
V_SENSE9=0.03662109375
V_SENSE12=0.11962890625
ADC_V5=5.01800537109375
ADC_V9=9.08905029296875
ADC_V12=11.62017822265625
ADC_V28=28.001708984375
PG_5=0
PG_9=0
PG_12=0
FLT_P2=0
FLT_P3=0
HEAT_1_TEMP=0.0
HEAT_1_DUTY=50.0
HEAT_2_TEMP=0.0
HEAT_2_DUTY=0
HEAT_3_TEMP=0.0
HEAT_3_DUTY=0
HEAT_4_TEMP=0.0
HEAT_4_DUTY=0

[22:29:09.922 EBOX]
TS=1786121127.998
V_SENSE5=1.03271484375
V_SENSE9=0.03662109375
V_SENSE12=0.1123046875
ADC_V5=4.91180419921875
ADC_V9=9.31915283203125
ADC_V12=11.9122314453125
ADC_V28=27.92205810546875
PG_5=0
PG_9=0
PG_12=0
FLT_P2=0
FLT_P3=0
HEAT_1_TEMP=0.0
HEAT_1_DUTY=50.0
HEAT_2_TEMP=0.0
HEAT_2_DUTY=0
HEAT_3_TEMP=0.0
HEAT_3_DUTY=0
HEAT_4_TEMP=0.0
HEAT_4_DUTY=0

[22:29:10.476 EBOX]
TS=1786121128.498
V_SENSE5=1.12548828125
V_SENSE9=0.03662109375
V_SENSE12=0.1123046875
ADC_V5=4.9560546875
ADC_V9=9.1156005859375
ADC_V12=11.7529296875
ADC_V28=27.55035400390625
PG_5=0
PG_9=0
PG_12=0
FLT_P2=0
FLT_P3=0
HEAT_1_TEMP=0.0
HEAT_1_DUTY=0
HEAT_2_TEMP=0.0
HEAT_2_DUTY=50.0
HEAT_3_TEMP=0.0
HEAT_3_DUTY=0
HEAT_4_TEMP=0.0
HEAT_4_DUTY=0

[22:29:10.914 EBOX]
TS=1786121128.999
V_SENSE5=1.064453125
V_SENSE9=0.0341796875
V_SENSE12=0.12451171875
ADC_V5=4.9029541015625
ADC_V9=9.24835205078125
ADC_V12=11.77947998046875
ADC_V28=27.3114013671875
PG_5=0
PG_9=0
PG_12=0
FLT_P2=0
FLT_P3=0
HEAT_1_TEMP=0.0
HEAT_1_DUTY=0
HEAT_2_TEMP=0.0
HEAT_2_DUTY=50.0
HEAT_3_TEMP=0.0
HEAT_3_DUTY=0
HEAT_4_TEMP=0.0
HEAT_4_DUTY=0

[22:29:11.447 EBOX]
TS=1786121129.500
V_SENSE5=1.083984375
V_SENSE9=0.0390625
V_SENSE12=0.10986328125
ADC_V5=4.98260498046875
ADC_V9=8.92974853515625
ADC_V12=11.788330078125
ADC_V28=27.4530029296875
PG_5=0
PG_9=0
PG_12=0
FLT_P2=0
FLT_P3=0
HEAT_1_TEMP=0.0
HEAT_1_DUTY=0
HEAT_2_TEMP=0.0
HEAT_2_DUTY=0
HEAT_3_TEMP=0.0
HEAT_3_DUTY=50.0
HEAT_4_TEMP=0.0
HEAT_4_DUTY=0

[22:29:12.000 EBOX]
TS=1786121130.001
V_SENSE5=1.09130859375
V_SENSE9=0.0439453125
V_SENSE12=0.10986328125
ADC_V5=5.03570556640625
ADC_V9=9.0802001953125
ADC_V12=11.93878173828125
ADC_V28=27.506103515625
PG_5=0
PG_9=0
PG_12=0
FLT_P2=0
FLT_P3=0
HEAT_1_TEMP=0.0
HEAT_1_DUTY=0
HEAT_2_TEMP=0.0
HEAT_2_DUTY=0
HEAT_3_TEMP=0.0
HEAT_3_DUTY=50.0
HEAT_4_TEMP=0.0
HEAT_4_DUTY=0

[22:29:12.431 EBOX]
TS=1786121130.505
V_SENSE5=0.99853515625
V_SENSE9=0.0390625
V_SENSE12=0.1220703125
ADC_V5=4.98260498046875
ADC_V9=9.38995361328125
ADC_V12=11.86798095703125
ADC_V28=27.8955078125
PG_5=0
PG_9=0
PG_12=0
FLT_P2=0
FLT_P3=0
HEAT_1_TEMP=0.0
HEAT_1_DUTY=0
HEAT_2_TEMP=0.0
HEAT_2_DUTY=0
HEAT_3_TEMP=0.0
HEAT_3_DUTY=0
HEAT_4_TEMP=0.0
HEAT_4_DUTY=50.0

[22:29:12.970 EBOX]
TS=1786121131.007
V_SENSE5=0.99365234375
V_SENSE9=0.03662109375
V_SENSE12=0.1123046875
ADC_V5=4.8321533203125
ADC_V9=9.42535400390625
ADC_V12=11.92108154296875
ADC_V28=27.81585693359375
PG_5=0
PG_9=0
PG_12=0
FLT_P2=0
FLT_P3=0
HEAT_1_TEMP=0.0
HEAT_1_DUTY=0
HEAT_2_TEMP=0.0
HEAT_2_DUTY=0
HEAT_3_TEMP=0.0
HEAT_3_DUTY=0
HEAT_4_TEMP=0.0
HEAT_4_DUTY=50.0

[22:29:13.401 EBOX]
TS=1786121131.506
V_SENSE5=1.14501953125
V_SENSE9=0.0390625
V_SENSE12=0.1171875
ADC_V5=4.98260498046875
ADC_V9=9.2926025390625
ADC_V12=11.9122314453125
ADC_V28=27.28485107421875
PG_5=0
PG_9=0
PG_12=0
FLT_P2=0
FLT_P3=0
HEAT_1_TEMP=0.0
HEAT_1_DUTY=50.0
HEAT_2_TEMP=0.0
HEAT_2_DUTY=0
HEAT_3_TEMP=0.0
HEAT_3_DUTY=0
HEAT_4_TEMP=0.0
HEAT_4_DUTY=0

[22:29:13.938 EBOX]
TS=1786121132.007
V_SENSE5=1.11572265625
V_SENSE9=0.03662109375
V_SENSE12=0.1123046875
ADC_V5=5.08880615234375
ADC_V9=9.5404052734375
ADC_V12=11.575927734375
ADC_V28=27.5946044921875
PG_5=0
PG_9=0
PG_12=0
FLT_P2=0
FLT_P3=0
HEAT_1_TEMP=0.0
HEAT_1_DUTY=50.0
HEAT_2_TEMP=0.0
HEAT_2_DUTY=0
HEAT_3_TEMP=0.0
HEAT_3_DUTY=0
HEAT_4_TEMP=0.0
HEAT_4_DUTY=0

[22:29:14.466 EBOX]
TS=1786121132.508
V_SENSE5=1.1083984375
V_SENSE9=0.0390625
V_SENSE12=0.11962890625
ADC_V5=4.9560546875
ADC_V9=9.097900390625
ADC_V12=11.92108154296875
ADC_V28=27.435302734375
PG_5=0
PG_9=0
PG_12=0
FLT_P2=0
FLT_P3=0
HEAT_1_TEMP=0.0
HEAT_1_DUTY=0
HEAT_2_TEMP=0.0
HEAT_2_DUTY=50.0
HEAT_3_TEMP=0.0
HEAT_3_DUTY=0
HEAT_4_TEMP=0.0
HEAT_4_DUTY=0

[22:29:14.906 EBOX]
TS=1786121133.009
V_SENSE5=1.09375
V_SENSE9=0.03662109375
V_SENSE12=0.14404296875
ADC_V5=4.9029541015625
ADC_V9=9.3634033203125
ADC_V12=11.929931640625
ADC_V28=27.6123046875
PG_5=0
PG_9=0
PG_12=0
FLT_P2=0
FLT_P3=0
HEAT_1_TEMP=0.0
HEAT_1_DUTY=0
HEAT_2_TEMP=0.0
HEAT_2_DUTY=50.0
HEAT_3_TEMP=0.0
HEAT_3_DUTY=0
HEAT_4_TEMP=0.0
HEAT_4_DUTY=0

[22:29:15.467 EBOX]
TS=1786121133.515
V_SENSE5=1.0009765625
V_SENSE9=0.03662109375
V_SENSE12=0.107421875
ADC_V5=4.9029541015625
ADC_V9=9.2218017578125
ADC_V12=11.8060302734375
ADC_V28=27.78045654296875
PG_5=0
PG_9=0
PG_12=0
FLT_P2=0
FLT_P3=0
HEAT_1_TEMP=0.0
HEAT_1_DUTY=0
HEAT_2_TEMP=0.0
HEAT_2_DUTY=0
HEAT_3_TEMP=0.0
HEAT_3_DUTY=50.0
HEAT_4_TEMP=0.0
HEAT_4_DUTY=0

[22:29:15.901 EBOX]
TS=1786121134.012
V_SENSE5=1.09130859375
V_SENSE9=0.03662109375
V_SENSE12=0.107421875
ADC_V5=5.0091552734375
ADC_V9=9.40765380859375
ADC_V12=11.77947998046875
ADC_V28=27.647705078125
PG_5=0
PG_9=0
PG_12=0
FLT_P2=0
FLT_P3=0
HEAT_1_TEMP=0.0
HEAT_1_DUTY=0
HEAT_2_TEMP=0.0
HEAT_2_DUTY=0
HEAT_3_TEMP=0.0
HEAT_3_DUTY=50.0
HEAT_4_TEMP=0.0
HEAT_4_DUTY=0

[22:29:16.444 EBOX]
TS=1786121134.513
V_SENSE5=1.07421875
V_SENSE9=0.0341796875
V_SENSE12=0.15380859375
ADC_V5=4.98260498046875
ADC_V9=8.91204833984375
ADC_V12=11.83258056640625
ADC_V28=27.010498046875
PG_5=0
PG_9=0
PG_12=0
FLT_P2=0
FLT_P3=0
HEAT_1_TEMP=0.0
HEAT_1_DUTY=0
HEAT_2_TEMP=0.0
HEAT_2_DUTY=0
HEAT_3_TEMP=0.0
HEAT_3_DUTY=0
HEAT_4_TEMP=0.0
HEAT_4_DUTY=50.0

[22:29:16.977 EBOX]
TS=1786121135.014
V_SENSE5=1.0693359375
V_SENSE9=0.0390625
V_SENSE12=0.10986328125
ADC_V5=4.98260498046875
ADC_V9=9.2041015625
ADC_V12=11.6644287109375
ADC_V28=27.222900390625
PG_5=0
PG_9=0
PG_12=0
FLT_P2=0
FLT_P3=0
HEAT_1_TEMP=0.0
HEAT_1_DUTY=0
HEAT_2_TEMP=0.0
HEAT_2_DUTY=0
HEAT_3_TEMP=0.0
HEAT_3_DUTY=0
HEAT_4_TEMP=0.0
HEAT_4_DUTY=50.0

[22:29:17.422 EBOX]
TS=1786121135.515
V_SENSE5=1.07421875
V_SENSE9=0.0390625
V_SENSE12=0.10498046875
ADC_V5=4.85870361328125
ADC_V9=9.10675048828125
ADC_V12=11.6290283203125
ADC_V28=27.860107421875
PG_5=0
PG_9=0
PG_12=0
FLT_P2=0
FLT_P3=0
HEAT_1_TEMP=0.0
HEAT_1_DUTY=50.0
HEAT_2_TEMP=0.0
HEAT_2_DUTY=0
HEAT_3_TEMP=0.0
HEAT_3_DUTY=0
HEAT_4_TEMP=0.0
HEAT_4_DUTY=0

[22:29:17.953 EBOX]
TS=1786121136.019
V_SENSE5=1.03271484375
V_SENSE9=0.0634765625
V_SENSE12=0.10009765625
ADC_V5=4.94720458984375
ADC_V9=9.239501953125
ADC_V12=11.611328125
ADC_V28=27.789306640625
PG_5=0
PG_9=0
PG_12=0
FLT_P2=0
FLT_P3=0
HEAT_1_TEMP=0.0
HEAT_1_DUTY=50.0
HEAT_2_TEMP=0.0
HEAT_2_DUTY=0
HEAT_3_TEMP=0.0
HEAT_3_DUTY=0
HEAT_4_TEMP=0.0
HEAT_4_DUTY=0

[22:29:18.496 EBOX]
TS=1786121136.521
V_SENSE5=1.02294921875
V_SENSE9=0.0390625
V_SENSE12=0.11962890625
ADC_V5=4.991455078125
ADC_V9=9.0093994140625
ADC_V12=11.70867919921875
ADC_V28=27.78045654296875
PG_5=0
PG_9=0
PG_12=0
FLT_P2=0
FLT_P3=0
HEAT_1_TEMP=0.0
HEAT_1_DUTY=0
HEAT_2_TEMP=0.0
HEAT_2_DUTY=50.0
HEAT_3_TEMP=0.0
HEAT_3_DUTY=0
HEAT_4_TEMP=0.0
HEAT_4_DUTY=0

[22:29:18.954 EBOX]
TS=1786121137.020
V_SENSE5=1.08642578125
V_SENSE9=0.0341796875
V_SENSE12=0.12451171875
ADC_V5=4.94720458984375
ADC_V9=9.17755126953125
ADC_V12=11.60247802734375
ADC_V28=27.8778076171875
PG_5=0
PG_9=0
PG_12=0
FLT_P2=0
FLT_P3=0
HEAT_1_TEMP=0.0
HEAT_1_DUTY=0
HEAT_2_TEMP=0.0
HEAT_2_DUTY=50.0
HEAT_3_TEMP=0.0
HEAT_3_DUTY=0
HEAT_4_TEMP=0.0
HEAT_4_DUTY=0

[22:29:19.503 EBOX]
TS=1786121137.521
V_SENSE5=1.1083984375
V_SENSE9=0.03662109375
V_SENSE12=0.10986328125
ADC_V5=4.85870361328125
ADC_V9=9.027099609375
ADC_V12=11.85028076171875
ADC_V28=27.1697998046875
PG_5=0
PG_9=0
PG_12=0
FLT_P2=0
FLT_P3=0
HEAT_1_TEMP=0.0
HEAT_1_DUTY=0
HEAT_2_TEMP=0.0
HEAT_2_DUTY=0
HEAT_3_TEMP=0.0
HEAT_3_DUTY=50.0
HEAT_4_TEMP=0.0
HEAT_4_DUTY=0

[22:29:19.946 EBOX]
TS=1786121138.022
V_SENSE5=1.09375
V_SENSE9=0.0390625
V_SENSE12=0.1123046875
ADC_V5=4.96490478515625
ADC_V9=9.0625
ADC_V12=11.8768310546875
ADC_V28=27.8070068359375
PG_5=0
PG_9=0
PG_12=0
FLT_P2=0
FLT_P3=0
HEAT_1_TEMP=0.0
HEAT_1_DUTY=0
HEAT_2_TEMP=0.0
HEAT_2_DUTY=0
HEAT_3_TEMP=0.0
HEAT_3_DUTY=50.0
HEAT_4_TEMP=0.0
HEAT_4_DUTY=0

[22:29:20.487 EBOX]
TS=1786121138.523
V_SENSE5=1.12060546875
V_SENSE9=0.0341796875
V_SENSE12=0.126953125
ADC_V5=4.849853515625
ADC_V9=9.35455322265625
ADC_V12=11.79718017578125
ADC_V28=27.9486083984375
PG_5=0
PG_9=0
PG_12=0
FLT_P2=0
FLT_P3=0
HEAT_1_TEMP=0.0
HEAT_1_DUTY=0
HEAT_2_TEMP=0.0
HEAT_2_DUTY=0
HEAT_3_TEMP=0.0
HEAT_3_DUTY=0
HEAT_4_TEMP=0.0
HEAT_4_DUTY=50.0

[22:29:20.931 EBOX]
TS=1786121139.027
V_SENSE5=0.99609375
V_SENSE9=0.03662109375
V_SENSE12=0.1220703125
ADC_V5=4.9560546875
ADC_V9=9.42535400390625
ADC_V12=11.6290283203125
ADC_V28=27.39105224609375
PG_5=0
PG_9=0
PG_12=0
FLT_P2=0
FLT_P3=0
HEAT_1_TEMP=0.0
HEAT_1_DUTY=0
HEAT_2_TEMP=0.0
HEAT_2_DUTY=0
HEAT_3_TEMP=0.0
HEAT_3_DUTY=0
HEAT_4_TEMP=0.0
HEAT_4_DUTY=50.0

[22:29:21.470 EBOX]
TS=1786121139.529
V_SENSE5=1.04248046875
V_SENSE9=0.0341796875
V_SENSE12=0.1123046875
ADC_V5=5.01800537109375
ADC_V9=9.27490234375
ADC_V12=12.02728271484375
ADC_V28=27.81585693359375
PG_5=0
PG_9=0
PG_12=0
FLT_P2=0
FLT_P3=0
HEAT_1_TEMP=0.0
HEAT_1_DUTY=50.0
HEAT_2_TEMP=0.0
HEAT_2_DUTY=0
HEAT_3_TEMP=0.0
HEAT_3_DUTY=0
HEAT_4_TEMP=0.0
HEAT_4_DUTY=0

[22:29:22.016 EBOX]
TS=1786121140.028
V_SENSE5=1.12548828125
V_SENSE9=0.0390625
V_SENSE12=0.1123046875
ADC_V5=4.849853515625
ADC_V9=9.44305419921875
ADC_V12=11.56707763671875
ADC_V28=27.6654052734375
PG_5=0
PG_9=0
PG_12=0
FLT_P2=0
FLT_P3=0
HEAT_1_TEMP=0.0
HEAT_1_DUTY=50.0
HEAT_2_TEMP=0.0
HEAT_2_DUTY=0
HEAT_3_TEMP=0.0
HEAT_3_DUTY=0
HEAT_4_TEMP=0.0
HEAT_4_DUTY=0

[22:29:22.455 EBOX]
TS=1786121140.529
V_SENSE5=1.171875
V_SENSE9=0.0341796875
V_SENSE12=0.1171875
ADC_V5=4.89410400390625
ADC_V9=9.168701171875
ADC_V12=11.95648193359375
ADC_V28=27.46185302734375
PG_5=0
PG_9=0
PG_12=0
FLT_P2=0
FLT_P3=0
HEAT_1_TEMP=0.0
HEAT_1_DUTY=0
HEAT_2_TEMP=0.0
HEAT_2_DUTY=50.0
HEAT_3_TEMP=0.0
HEAT_3_DUTY=0
HEAT_4_TEMP=0.0
HEAT_4_DUTY=0

[22:29:23.004 EBOX]
TS=1786121141.030
V_SENSE5=1.10595703125
V_SENSE9=0.0341796875
V_SENSE12=0.12451171875
ADC_V5=5.07110595703125
ADC_V9=9.47845458984375
ADC_V12=11.6644287109375
ADC_V28=27.11669921875
PG_5=0
PG_9=0
PG_12=0
FLT_P2=0
FLT_P3=0
HEAT_1_TEMP=0.0
HEAT_1_DUTY=0
HEAT_2_TEMP=0.0
HEAT_2_DUTY=50.0
HEAT_3_TEMP=0.0
HEAT_3_DUTY=0
HEAT_4_TEMP=0.0
HEAT_4_DUTY=0

[22:29:23.438 EBOX]
TS=1786121141.531
V_SENSE5=1.14990234375
V_SENSE9=0.04150390625
V_SENSE12=0.10986328125
ADC_V5=5.01800537109375
ADC_V9=9.2926025390625
ADC_V12=11.611328125
ADC_V28=27.99285888671875
PG_5=0
PG_9=0
PG_12=0
FLT_P2=0
FLT_P3=0
HEAT_1_TEMP=0.0
HEAT_1_DUTY=0
HEAT_2_TEMP=0.0
HEAT_2_DUTY=0
HEAT_3_TEMP=0.0
HEAT_3_DUTY=50.0
HEAT_4_TEMP=0.0
HEAT_4_DUTY=0

[22:29:23.987 EBOX]
TS=1786121142.034
V_SENSE5=1.08642578125
V_SENSE9=0.0390625
V_SENSE12=0.10986328125
ADC_V5=5.0091552734375
ADC_V9=9.42535400390625
ADC_V12=11.7706298828125
ADC_V28=27.75390625
PG_5=0
PG_9=0
PG_12=0
FLT_P2=0
FLT_P3=0
HEAT_1_TEMP=0.0
HEAT_1_DUTY=0
HEAT_2_TEMP=0.0
HEAT_2_DUTY=0
HEAT_3_TEMP=0.0
HEAT_3_DUTY=50.0
HEAT_4_TEMP=0.0
HEAT_4_DUTY=0

[22:29:24.443 EBOX]
TS=1786121142.534
V_SENSE5=1.10595703125
V_SENSE9=0.0341796875
V_SENSE12=0.11962890625
ADC_V5=4.87640380859375
ADC_V9=9.23065185546875
ADC_V12=11.6290283203125
ADC_V28=27.49725341796875
PG_5=0
PG_9=0
PG_12=0
FLT_P2=0
FLT_P3=0
HEAT_1_TEMP=0.0
HEAT_1_DUTY=0
HEAT_2_TEMP=0.0
HEAT_2_DUTY=0
HEAT_3_TEMP=0.0
HEAT_3_DUTY=0
HEAT_4_TEMP=0.0
HEAT_4_DUTY=50.0

[22:29:24.979 EBOX]
TS=1786121143.035
V_SENSE5=1.103515625
V_SENSE9=0.0390625
V_SENSE12=0.1171875
ADC_V5=4.96490478515625
ADC_V9=9.12445068359375
ADC_V12=11.6644287109375
ADC_V28=27.3822021484375
PG_5=0
PG_9=0
PG_12=0
FLT_P2=0
FLT_P3=0
HEAT_1_TEMP=0.0
HEAT_1_DUTY=0
HEAT_2_TEMP=0.0
HEAT_2_DUTY=0
HEAT_3_TEMP=0.0
HEAT_3_DUTY=0
HEAT_4_TEMP=0.0
HEAT_4_DUTY=50.0

[22:29:25.522 EBOX]
TS=1786121143.536
V_SENSE5=1.0791015625
V_SENSE9=0.0390625
V_SENSE12=0.1123046875
ADC_V5=4.91180419921875
ADC_V9=8.85009765625
ADC_V12=11.90338134765625
ADC_V28=27.62115478515625
PG_5=0
PG_9=0
PG_12=0
FLT_P2=0
FLT_P3=0
HEAT_1_TEMP=0.0
HEAT_1_DUTY=50.0
HEAT_2_TEMP=0.0
HEAT_2_DUTY=0
HEAT_3_TEMP=0.0
HEAT_3_DUTY=0
HEAT_4_TEMP=0.0
HEAT_4_DUTY=0

[22:29:25.960 EBOX]
TS=1786121144.041
V_SENSE5=1.015625
V_SENSE9=0.0390625
V_SENSE12=0.15380859375
ADC_V5=4.8321533203125
ADC_V9=8.94744873046875
ADC_V12=11.54052734375
ADC_V28=27.28485107421875
PG_5=0
PG_9=0
PG_12=0
FLT_P2=0
FLT_P3=0
HEAT_1_TEMP=0.0
HEAT_1_DUTY=50.0
HEAT_2_TEMP=0.0
HEAT_2_DUTY=0
HEAT_3_TEMP=0.0
HEAT_3_DUTY=0
HEAT_4_TEMP=0.0
HEAT_4_DUTY=0

[22:29:26.502 EBOX]
TS=1786121144.541
V_SENSE5=1.025390625
V_SENSE9=0.0341796875
V_SENSE12=0.1318359375
ADC_V5=4.9737548828125
ADC_V9=8.8323974609375
ADC_V12=11.81488037109375
ADC_V28=27.07244873046875
PG_5=0
PG_9=0
PG_12=0
FLT_P2=0
FLT_P3=0
HEAT_1_TEMP=0.0
HEAT_1_DUTY=0
HEAT_2_TEMP=0.0
HEAT_2_DUTY=50.0
HEAT_3_TEMP=0.0
HEAT_3_DUTY=0
HEAT_4_TEMP=0.0
HEAT_4_DUTY=0

[22:29:26.933 EBOX]
TS=1786121145.044
V_SENSE5=1.03271484375
V_SENSE9=0.0390625
V_SENSE12=0.126953125
ADC_V5=4.920654296875
ADC_V9=9.03594970703125
ADC_V12=11.70867919921875
ADC_V28=26.87774658203125
PG_5=0
PG_9=0
PG_12=0
FLT_P2=0
FLT_P3=0
HEAT_1_TEMP=0.0
HEAT_1_DUTY=0
HEAT_2_TEMP=0.0
HEAT_2_DUTY=50.0
HEAT_3_TEMP=0.0
HEAT_3_DUTY=0
HEAT_4_TEMP=0.0
HEAT_4_DUTY=0

[22:29:27.473 EBOX]
TS=1786121145.545
V_SENSE5=1.0302734375
V_SENSE9=0.0341796875
V_SENSE12=0.11474609375
ADC_V5=4.92950439453125
ADC_V9=9.027099609375
ADC_V12=11.86798095703125
ADC_V28=27.88665771484375
PG_5=0
PG_9=0
PG_12=0
FLT_P2=0
FLT_P3=0
HEAT_1_TEMP=0.0
HEAT_1_DUTY=0
HEAT_2_TEMP=0.0
HEAT_2_DUTY=0
HEAT_3_TEMP=0.0
HEAT_3_DUTY=50.0
HEAT_4_TEMP=0.0
HEAT_4_DUTY=0

[22:29:28.008 EBOX]
TS=1786121146.048
V_SENSE5=1.0595703125
V_SENSE9=0.0390625
V_SENSE12=0.1123046875
ADC_V5=4.84100341796875
ADC_V9=9.14215087890625
ADC_V12=11.79718017578125
ADC_V28=27.5592041015625
PG_5=0
PG_9=0
PG_12=0
FLT_P2=0
FLT_P3=0
HEAT_1_TEMP=0.0
HEAT_1_DUTY=0
HEAT_2_TEMP=0.0
HEAT_2_DUTY=0
HEAT_3_TEMP=0.0
HEAT_3_DUTY=50.0
HEAT_4_TEMP=0.0
HEAT_4_DUTY=0

[22:29:28.439 EBOX]
TS=1786121146.548
V_SENSE5=1.044921875
V_SENSE9=0.07568359375
V_SENSE12=0.1171875
ADC_V5=5.0091552734375
ADC_V9=9.08905029296875
ADC_V12=11.717529296875
ADC_V28=27.930908203125
PG_5=0
PG_9=0
PG_12=0
FLT_P2=0
FLT_P3=0
HEAT_1_TEMP=0.0
HEAT_1_DUTY=0
HEAT_2_TEMP=0.0
HEAT_2_DUTY=0
HEAT_3_TEMP=0.0
HEAT_3_DUTY=0
HEAT_4_TEMP=0.0
HEAT_4_DUTY=50.0

[22:29:28.998 EBOX]
TS=1786121147.050
V_SENSE5=1.025390625
V_SENSE9=0.03662109375
V_SENSE12=0.12451171875
ADC_V5=4.88525390625
ADC_V9=9.4696044921875
ADC_V12=11.82373046875
ADC_V28=27.58575439453125
PG_5=0
PG_9=0
PG_12=0
FLT_P2=0
FLT_P3=0
HEAT_1_TEMP=0.0
HEAT_1_DUTY=0
HEAT_2_TEMP=0.0
HEAT_2_DUTY=0
HEAT_3_TEMP=0.0
HEAT_3_DUTY=0
HEAT_4_TEMP=0.0
HEAT_4_DUTY=50.0

[22:29:29.429 EBOX]
TS=1786121147.549
V_SENSE5=1.103515625
V_SENSE9=0.0390625
V_SENSE12=0.10986328125
ADC_V5=4.9560546875
ADC_V9=9.3280029296875
ADC_V12=11.90338134765625
ADC_V28=27.95745849609375
PG_5=0
PG_9=0
PG_12=0
FLT_P2=0
FLT_P3=0
HEAT_1_TEMP=0.0
HEAT_1_DUTY=50.0
HEAT_2_TEMP=0.0
HEAT_2_DUTY=0
HEAT_3_TEMP=0.0
HEAT_3_DUTY=0
HEAT_4_TEMP=0.0
HEAT_4_DUTY=0

[22:29:29.986 EBOX]
TS=1786121148.050
V_SENSE5=1.1181640625
V_SENSE9=0.03662109375
V_SENSE12=0.1171875
ADC_V5=4.98260498046875
ADC_V9=9.5050048828125
ADC_V12=12.00958251953125
ADC_V28=27.19635009765625
PG_5=0
PG_9=0
PG_12=0
FLT_P2=0
FLT_P3=0
HEAT_1_TEMP=0.0
HEAT_1_DUTY=50.0
HEAT_2_TEMP=0.0
HEAT_2_DUTY=0
HEAT_3_TEMP=0.0
HEAT_3_DUTY=0
HEAT_4_TEMP=0.0
HEAT_4_DUTY=0

[22:29:30.515 EBOX]
TS=1786121148.551
V_SENSE5=1.10107421875
V_SENSE9=0.03662109375
V_SENSE12=0.11962890625
ADC_V5=4.89410400390625
ADC_V9=9.2041015625
ADC_V12=11.788330078125
ADC_V28=27.21405029296875
PG_5=0
PG_9=0
PG_12=0
FLT_P2=0
FLT_P3=0
HEAT_1_TEMP=0.0
HEAT_1_DUTY=0
HEAT_2_TEMP=0.0
HEAT_2_DUTY=50.0
HEAT_3_TEMP=0.0
HEAT_3_DUTY=0
HEAT_4_TEMP=0.0
HEAT_4_DUTY=0

[22:29:30.952 EBOX]
TS=1786121149.052
V_SENSE5=1.12548828125
V_SENSE9=0.0390625
V_SENSE12=0.12451171875
ADC_V5=4.98260498046875
ADC_V9=9.4342041015625
ADC_V12=11.54052734375
ADC_V28=27.647705078125
PG_5=0
PG_9=0
PG_12=0
FLT_P2=0
FLT_P3=0
HEAT_1_TEMP=0.0
HEAT_1_DUTY=0
HEAT_2_TEMP=0.0
HEAT_2_DUTY=50.0
HEAT_3_TEMP=0.0
HEAT_3_DUTY=0
HEAT_4_TEMP=0.0
HEAT_4_DUTY=0

[22:29:31.482 EBOX]
TS=1786121149.554
V_SENSE5=1.09375
V_SENSE9=0.0341796875
V_SENSE12=0.1123046875
ADC_V5=4.88525390625
ADC_V9=9.1510009765625
ADC_V12=11.7706298828125
ADC_V28=27.7008056640625
PG_5=0
PG_9=0
PG_12=0
FLT_P2=0
FLT_P3=0
HEAT_1_TEMP=0.0
HEAT_1_DUTY=0
HEAT_2_TEMP=0.0
HEAT_2_DUTY=0
HEAT_3_TEMP=0.0
HEAT_3_DUTY=50.0
HEAT_4_TEMP=0.0
HEAT_4_DUTY=0

[22:29:32.027 EBOX]
TS=1786121150.055
V_SENSE5=1.09375
V_SENSE9=0.0634765625
V_SENSE12=0.1123046875
ADC_V5=4.920654296875
ADC_V9=9.3988037109375
ADC_V12=11.62017822265625
ADC_V28=27.90435791015625
PG_5=0
PG_9=0
PG_12=0
FLT_P2=0
FLT_P3=0
HEAT_1_TEMP=0.0
HEAT_1_DUTY=0
HEAT_2_TEMP=0.0
HEAT_2_DUTY=0
HEAT_3_TEMP=0.0
HEAT_3_DUTY=50.0
HEAT_4_TEMP=0.0
HEAT_4_DUTY=0

[22:29:32.461 EBOX]
TS=1786121150.556
V_SENSE5=1.09130859375
V_SENSE9=0.03662109375
V_SENSE12=0.1171875
ADC_V5=4.9737548828125
ADC_V9=9.12445068359375
ADC_V12=12.0184326171875
ADC_V28=27.2052001953125
PG_5=0
PG_9=0
PG_12=0
FLT_P2=0
FLT_P3=0
HEAT_1_TEMP=0.0
HEAT_1_DUTY=0
HEAT_2_TEMP=0.0
HEAT_2_DUTY=0
HEAT_3_TEMP=0.0
HEAT_3_DUTY=0
HEAT_4_TEMP=0.0
HEAT_4_DUTY=50.0

[22:29:32.991 EBOX]
TS=1786121151.057
V_SENSE5=1.0498046875
V_SENSE9=0.0390625
V_SENSE12=0.1171875
ADC_V5=5.0091552734375
ADC_V9=9.31915283203125
ADC_V12=11.82373046875
ADC_V28=27.7362060546875
PG_5=0
PG_9=0
PG_12=0
FLT_P2=0
FLT_P3=0
HEAT_1_TEMP=0.0
HEAT_1_DUTY=50.0
HEAT_2_TEMP=0.0
HEAT_2_DUTY=0
HEAT_3_TEMP=0.0
HEAT_3_DUTY=0
HEAT_4_TEMP=0.0
HEAT_4_DUTY=0

[22:29:33.522 EBOX]
TS=1786121151.562
V_SENSE5=1.03759765625
V_SENSE9=0.0390625
V_SENSE12=0.107421875
ADC_V5=5.00030517578125
ADC_V9=9.310302734375
ADC_V12=11.7529296875
ADC_V28=27.0458984375
PG_5=0
PG_9=0
PG_12=0
FLT_P2=0
FLT_P3=0
HEAT_1_TEMP=0.0
HEAT_1_DUTY=50.0
HEAT_2_TEMP=0.0
HEAT_2_DUTY=0
HEAT_3_TEMP=0.0
HEAT_3_DUTY=0
HEAT_4_TEMP=0.0
HEAT_4_DUTY=0

[22:29:33.957 EBOX]
TS=1786121152.063
V_SENSE5=1.06201171875
V_SENSE9=0.03662109375
V_SENSE12=0.10986328125
ADC_V5=5.03570556640625
ADC_V9=9.2572021484375
ADC_V12=11.86798095703125
ADC_V28=27.8070068359375
PG_5=0
PG_9=0
PG_12=0
FLT_P2=0
FLT_P3=0
HEAT_1_TEMP=0.0
HEAT_1_DUTY=0
HEAT_2_TEMP=0.0
HEAT_2_DUTY=50.0
HEAT_3_TEMP=0.0
HEAT_3_DUTY=0
HEAT_4_TEMP=0.0
HEAT_4_DUTY=0

[22:29:34.490 EBOX]
TS=1786121152.563
V_SENSE5=1.01806640625
V_SENSE9=0.0341796875
V_SENSE12=0.1123046875
ADC_V5=4.9560546875
ADC_V9=9.345703125
ADC_V12=11.9476318359375
ADC_V28=27.05474853515625
PG_5=0
PG_9=0
PG_12=0
FLT_P2=0
FLT_P3=0
HEAT_1_TEMP=0.0
HEAT_1_DUTY=0
HEAT_2_TEMP=0.0
HEAT_2_DUTY=50.0
HEAT_3_TEMP=0.0
HEAT_3_DUTY=0
HEAT_4_TEMP=0.0
HEAT_4_DUTY=0

[22:29:35.046 EBOX]
TS=1786121153.066
V_SENSE5=1.00830078125
V_SENSE9=0.0341796875
V_SENSE12=0.12451171875
ADC_V5=4.94720458984375
ADC_V9=9.15985107421875
ADC_V12=11.8060302734375
ADC_V28=27.63885498046875
PG_5=0
PG_9=0
PG_12=0
FLT_P2=0
FLT_P3=0
HEAT_1_TEMP=0.0
HEAT_1_DUTY=0
HEAT_2_TEMP=0.0
HEAT_2_DUTY=0
HEAT_3_TEMP=0.0
HEAT_3_DUTY=50.0
HEAT_4_TEMP=0.0
HEAT_4_DUTY=0

[22:29:35.483 EBOX]
TS=1786121153.565
V_SENSE5=1.044921875
V_SENSE9=0.0390625
V_SENSE12=0.15380859375
ADC_V5=4.85870361328125
ADC_V9=9.1156005859375
ADC_V12=11.6998291015625
ADC_V28=27.16094970703125
PG_5=0
PG_9=0
PG_12=0
FLT_P2=0
FLT_P3=0
HEAT_1_TEMP=0.0
HEAT_1_DUTY=0
HEAT_2_TEMP=0.0
HEAT_2_DUTY=0
HEAT_3_TEMP=0.0
HEAT_3_DUTY=50.0
HEAT_4_TEMP=0.0
HEAT_4_DUTY=0

[22:29:36.029 EBOX]
TS=1786121154.066
V_SENSE5=1.11328125
V_SENSE9=0.0390625
V_SENSE12=0.1123046875
ADC_V5=4.92950439453125
ADC_V9=9.05364990234375
ADC_V12=11.88568115234375
ADC_V28=27.95745849609375
PG_5=0
PG_9=0
PG_12=0
FLT_P2=0
FLT_P3=0
HEAT_1_TEMP=0.0
HEAT_1_DUTY=0
HEAT_2_TEMP=0.0
HEAT_2_DUTY=0
HEAT_3_TEMP=0.0
HEAT_3_DUTY=0
HEAT_4_TEMP=0.0
HEAT_4_DUTY=50.0

[22:29:36.463 EBOX]
TS=1786121154.567
V_SENSE5=1.08642578125
V_SENSE9=0.03662109375
V_SENSE12=0.126953125
ADC_V5=5.01800537109375
ADC_V9=8.956298828125
ADC_V12=11.7352294921875
ADC_V28=27.32025146484375
PG_5=0
PG_9=0
PG_12=0
FLT_P2=0
FLT_P3=0
HEAT_1_TEMP=0.0
HEAT_1_DUTY=0
HEAT_2_TEMP=0.0
HEAT_2_DUTY=0
HEAT_3_TEMP=0.0
HEAT_3_DUTY=0
HEAT_4_TEMP=0.0
HEAT_4_DUTY=50.0

[22:29:36.991 EBOX]
TS=1786121155.068
V_SENSE5=1.1328125
V_SENSE9=0.03662109375
V_SENSE12=0.1171875
ADC_V5=4.920654296875
ADC_V9=8.8677978515625
ADC_V12=11.83258056640625
ADC_V28=27.58575439453125
PG_5=0
PG_9=0
PG_12=0
FLT_P2=0
FLT_P3=0
HEAT_1_TEMP=0.0
HEAT_1_DUTY=50.0
HEAT_2_TEMP=0.0
HEAT_2_DUTY=0
HEAT_3_TEMP=0.0
HEAT_3_DUTY=0
HEAT_4_TEMP=0.0
HEAT_4_DUTY=0

[22:29:37.524 EBOX]
TS=1786121155.573
V_SENSE5=1.0302734375
V_SENSE9=0.0390625
V_SENSE12=0.1123046875
ADC_V5=4.92950439453125
ADC_V9=9.0093994140625
ADC_V12=11.9122314453125
ADC_V28=27.85125732421875
PG_5=0
PG_9=0
PG_12=0
FLT_P2=0
FLT_P3=0
HEAT_1_TEMP=0.0
HEAT_1_DUTY=50.0
HEAT_2_TEMP=0.0
HEAT_2_DUTY=0
HEAT_3_TEMP=0.0
HEAT_3_DUTY=0
HEAT_4_TEMP=0.0
HEAT_4_DUTY=0

[22:29:37.959 EBOX]
TS=1786121156.073
V_SENSE5=1.02783203125
V_SENSE9=0.0390625
V_SENSE12=0.15380859375
ADC_V5=4.9737548828125
ADC_V9=8.7969970703125
ADC_V12=11.8060302734375
ADC_V28=27.28485107421875
PG_5=0
PG_9=0
PG_12=0
FLT_P2=0
FLT_P3=0
HEAT_1_TEMP=0.0
HEAT_1_DUTY=0
HEAT_2_TEMP=0.0
HEAT_2_DUTY=50.0
HEAT_3_TEMP=0.0
HEAT_3_DUTY=0
HEAT_4_TEMP=0.0
HEAT_4_DUTY=0

[22:29:38.495 EBOX]
TS=1786121156.576
V_SENSE5=1.0205078125
V_SENSE9=0.0341796875
V_SENSE12=0.126953125
ADC_V5=5.01800537109375
ADC_V9=8.98284912109375
ADC_V12=11.54052734375
ADC_V28=27.8424072265625
PG_5=0
PG_9=0
PG_12=0
FLT_P2=0
FLT_P3=0
HEAT_1_TEMP=0.0
HEAT_1_DUTY=0
HEAT_2_TEMP=0.0
HEAT_2_DUTY=50.0
HEAT_3_TEMP=0.0
HEAT_3_DUTY=0
HEAT_4_TEMP=0.0
HEAT_4_DUTY=0

[22:29:39.044 EBOX]
TS=1786121157.079
V_SENSE5=1.0107421875
V_SENSE9=0.0341796875
V_SENSE12=0.1171875
ADC_V5=4.96490478515625
ADC_V9=9.4873046875
ADC_V12=11.70867919921875
ADC_V28=27.81585693359375
PG_5=0
PG_9=0
PG_12=0
FLT_P2=0
FLT_P3=0
HEAT_1_TEMP=0.0
HEAT_1_DUTY=0
HEAT_2_TEMP=0.0
HEAT_2_DUTY=0
HEAT_3_TEMP=0.0
HEAT_3_DUTY=50.0
HEAT_4_TEMP=0.0
HEAT_4_DUTY=0

[22:29:39.476 EBOX]
TS=1786121157.580
V_SENSE5=1.0107421875
V_SENSE9=0.03662109375
V_SENSE12=0.10498046875
ADC_V5=4.84100341796875
ADC_V9=9.0447998046875
ADC_V12=11.54052734375
ADC_V28=28.001708984375
PG_5=0
PG_9=0
PG_12=0
FLT_P2=0
FLT_P3=0
HEAT_1_TEMP=0.0
HEAT_1_DUTY=0
HEAT_2_TEMP=0.0
HEAT_2_DUTY=0
HEAT_3_TEMP=0.0
HEAT_3_DUTY=50.0
HEAT_4_TEMP=0.0
HEAT_4_DUTY=0

[22:29:40.010 EBOX]
TS=1786121158.077
V_SENSE5=1.0546875
V_SENSE9=0.0390625
V_SENSE12=0.11474609375
ADC_V5=4.9029541015625
ADC_V9=9.30145263671875
ADC_V12=11.717529296875
ADC_V28=27.58575439453125
PG_5=0
PG_9=0
PG_12=0
FLT_P2=0
FLT_P3=0
HEAT_1_TEMP=0.0
HEAT_1_DUTY=0
HEAT_2_TEMP=0.0
HEAT_2_DUTY=0
HEAT_3_TEMP=0.0
HEAT_3_DUTY=0
HEAT_4_TEMP=0.0
HEAT_4_DUTY=50.0

[22:29:40.556 EBOX]
TS=1786121158.578
V_SENSE5=1.1669921875
V_SENSE9=0.03662109375
V_SENSE12=0.1171875
ADC_V5=4.991455078125
ADC_V9=9.381103515625
ADC_V12=11.77947998046875
ADC_V28=27.3291015625
PG_5=0
PG_9=0
PG_12=0
FLT_P2=0
FLT_P3=0
HEAT_1_TEMP=0.0
HEAT_1_DUTY=0
HEAT_2_TEMP=0.0
HEAT_2_DUTY=0
HEAT_3_TEMP=0.0
HEAT_3_DUTY=0
HEAT_4_TEMP=0.0
HEAT_4_DUTY=50.0

[22:29:40.997 EBOX]
TS=1786121159.079
V_SENSE5=1.14013671875
V_SENSE9=0.0341796875
V_SENSE12=0.1220703125
ADC_V5=5.05340576171875
ADC_V9=9.10675048828125
ADC_V12=11.89453125
ADC_V28=27.4176025390625
PG_5=0
PG_9=0
PG_12=0
FLT_P2=0
FLT_P3=0
HEAT_1_TEMP=0.0
HEAT_1_DUTY=50.0
HEAT_2_TEMP=0.0
HEAT_2_DUTY=0
HEAT_3_TEMP=0.0
HEAT_3_DUTY=0
HEAT_4_TEMP=0.0
HEAT_4_DUTY=0

[22:29:41.526 EBOX]
TS=1786121159.580
V_SENSE5=1.13037109375
V_SENSE9=0.0390625
V_SENSE12=0.107421875
ADC_V5=4.89410400390625
ADC_V9=9.38995361328125
ADC_V12=11.85028076171875
ADC_V28=27.293701171875
PG_5=0
PG_9=0
PG_12=0
FLT_P2=0
FLT_P3=0
HEAT_1_TEMP=0.0
HEAT_1_DUTY=50.0
HEAT_2_TEMP=0.0
HEAT_2_DUTY=0
HEAT_3_TEMP=0.0
HEAT_3_DUTY=0
HEAT_4_TEMP=0.0
HEAT_4_DUTY=0

[22:29:42.065 EBOX]
TS=1786121160.083
V_SENSE5=1.03515625
V_SENSE9=0.0390625
V_SENSE12=0.13427734375
ADC_V5=5.08880615234375
ADC_V9=9.2218017578125
ADC_V12=11.90338134765625
ADC_V28=27.3822021484375
PG_5=0
PG_9=0
PG_12=0
FLT_P2=0
FLT_P3=0
HEAT_1_TEMP=0.0
HEAT_1_DUTY=0
HEAT_2_TEMP=0.0
HEAT_2_DUTY=50.0
HEAT_3_TEMP=0.0
HEAT_3_DUTY=0
HEAT_4_TEMP=0.0
HEAT_4_DUTY=0

[22:29:42.496 EBOX]
TS=1786121160.584
V_SENSE5=1.14990234375
V_SENSE9=0.03662109375
V_SENSE12=0.11962890625
ADC_V5=4.9029541015625
ADC_V9=9.1864013671875
ADC_V12=11.88568115234375
ADC_V28=27.53265380859375
PG_5=0
PG_9=0
PG_12=0
FLT_P2=0
FLT_P3=0
HEAT_1_TEMP=0.0
HEAT_1_DUTY=0
HEAT_2_TEMP=0.0
HEAT_2_DUTY=50.0
HEAT_3_TEMP=0.0
HEAT_3_DUTY=0
HEAT_4_TEMP=0.0
HEAT_4_DUTY=0

[22:29:43.033 EBOX]
TS=1786121161.086
V_SENSE5=1.16455078125
V_SENSE9=0.0390625
V_SENSE12=0.1123046875
ADC_V5=4.9560546875
ADC_V9=9.21295166015625
ADC_V12=11.8768310546875
ADC_V28=27.506103515625
PG_5=0
PG_9=0
PG_12=0
FLT_P2=0
FLT_P3=0
HEAT_1_TEMP=0.0
HEAT_1_DUTY=0
HEAT_2_TEMP=0.0
HEAT_2_DUTY=0
HEAT_3_TEMP=0.0
HEAT_3_DUTY=50.0
HEAT_4_TEMP=0.0
HEAT_4_DUTY=0

[22:29:43.465 EBOX]
TS=1786121161.586
V_SENSE5=1.1083984375
V_SENSE9=0.03662109375
V_SENSE12=0.1123046875
ADC_V5=4.9737548828125
ADC_V9=9.310302734375
ADC_V12=11.88568115234375
ADC_V28=27.88665771484375
PG_5=0
PG_9=0
PG_12=0
FLT_P2=0
FLT_P3=0
HEAT_1_TEMP=0.0
HEAT_1_DUTY=0
HEAT_2_TEMP=0.0
HEAT_2_DUTY=0
HEAT_3_TEMP=0.0
HEAT_3_DUTY=50.0
HEAT_4_TEMP=0.0
HEAT_4_DUTY=0

[22:29:44.000 EBOX]
TS=1786121162.088
V_SENSE5=1.044921875
V_SENSE9=0.03662109375
V_SENSE12=0.15380859375
ADC_V5=4.89410400390625
ADC_V9=8.98284912109375
ADC_V12=11.859130859375
ADC_V28=27.69195556640625
PG_5=0
PG_9=0
PG_12=0
FLT_P2=0
FLT_P3=0
HEAT_1_TEMP=0.0
HEAT_1_DUTY=0
HEAT_2_TEMP=0.0
HEAT_2_DUTY=0
HEAT_3_TEMP=0.0
HEAT_3_DUTY=0
HEAT_4_TEMP=0.0
HEAT_4_DUTY=50.0

[22:29:44.530 EBOX]
TS=1786121162.593
V_SENSE5=1.03271484375
V_SENSE9=0.03662109375
V_SENSE12=0.1123046875
ADC_V5=4.98260498046875
ADC_V9=9.0625
ADC_V12=11.89453125
ADC_V28=27.930908203125
PG_5=0
PG_9=0
PG_12=0
FLT_P2=0
FLT_P3=0
HEAT_1_TEMP=0.0
HEAT_1_DUTY=0
HEAT_2_TEMP=0.0
HEAT_2_DUTY=0
HEAT_3_TEMP=0.0
HEAT_3_DUTY=0
HEAT_4_TEMP=0.0
HEAT_4_DUTY=50.0

[22:29:45.070 EBOX]
TS=1786121163.091
V_SENSE5=1.14990234375
V_SENSE9=0.0341796875
V_SENSE12=0.126953125
ADC_V5=4.9560546875
ADC_V9=9.0802001953125
ADC_V12=11.89453125
ADC_V28=27.63885498046875
PG_5=0
PG_9=0
PG_12=0
FLT_P2=0
FLT_P3=0
HEAT_1_TEMP=0.0
HEAT_1_DUTY=50.0
HEAT_2_TEMP=0.0
HEAT_2_DUTY=0
HEAT_3_TEMP=0.0
HEAT_3_DUTY=0
HEAT_4_TEMP=0.0
HEAT_4_DUTY=0

[22:29:45.500 EBOX]
TS=1786121163.591
V_SENSE5=1.05712890625
V_SENSE9=0.0390625
V_SENSE12=0.12939453125
ADC_V5=4.9029541015625
ADC_V9=8.98284912109375
ADC_V12=11.788330078125
ADC_V28=27.74505615234375
PG_5=0
PG_9=0
PG_12=0
FLT_P2=0
FLT_P3=0
HEAT_1_TEMP=0.0
HEAT_1_DUTY=50.0
HEAT_2_TEMP=0.0
HEAT_2_DUTY=0
HEAT_3_TEMP=0.0
HEAT_3_DUTY=0
HEAT_4_TEMP=0.0
HEAT_4_DUTY=0

[22:29:46.035 EBOX]
TS=1786121164.093
V_SENSE5=1.09130859375
V_SENSE9=0.0341796875
V_SENSE12=0.1220703125
ADC_V5=4.9029541015625
ADC_V9=8.956298828125
ADC_V12=11.7529296875
ADC_V28=27.32025146484375
PG_5=0
PG_9=0
PG_12=0
FLT_P2=0
FLT_P3=0
HEAT_1_TEMP=0.0
HEAT_1_DUTY=0
HEAT_2_TEMP=0.0
HEAT_2_DUTY=50.0
HEAT_3_TEMP=0.0
HEAT_3_DUTY=0
HEAT_4_TEMP=0.0
HEAT_4_DUTY=0

[22:29:46.569 EBOX]
TS=1786121164.594
V_SENSE5=1.0546875
V_SENSE9=0.03662109375
V_SENSE12=0.1123046875
ADC_V5=4.991455078125
ADC_V9=9.1156005859375
ADC_V12=11.76177978515625
ADC_V28=27.4176025390625
PG_5=0
PG_9=0
PG_12=0
FLT_P2=0
FLT_P3=0
HEAT_1_TEMP=0.0
HEAT_1_DUTY=0
HEAT_2_TEMP=0.0
HEAT_2_DUTY=50.0
HEAT_3_TEMP=0.0
HEAT_3_DUTY=0
HEAT_4_TEMP=0.0
HEAT_4_DUTY=0

[22:29:47.012 EBOX]
TS=1786121165.097
V_SENSE5=1.0107421875
V_SENSE9=0.03662109375
V_SENSE12=0.1171875
ADC_V5=4.88525390625
ADC_V9=9.05364990234375
ADC_V12=11.63787841796875
ADC_V28=27.01934814453125
PG_5=0
PG_9=0
PG_12=0
FLT_P2=0
FLT_P3=0
HEAT_1_TEMP=0.0
HEAT_1_DUTY=0
HEAT_2_TEMP=0.0
HEAT_2_DUTY=0
HEAT_3_TEMP=0.0
HEAT_3_DUTY=50.0
HEAT_4_TEMP=0.0
HEAT_4_DUTY=0

[22:29:47.545 EBOX]
TS=1786121165.599
V_SENSE5=0.99365234375
V_SENSE9=0.0341796875
V_SENSE12=0.10986328125
ADC_V5=5.19500732421875
ADC_V9=9.07135009765625
ADC_V12=11.505126953125
ADC_V28=27.69195556640625
PG_5=0
PG_9=0
PG_12=0
FLT_P2=0
FLT_P3=0
HEAT_1_TEMP=0.0
HEAT_1_DUTY=0
HEAT_2_TEMP=0.0
HEAT_2_DUTY=0
HEAT_3_TEMP=0.0
HEAT_3_DUTY=50.0
HEAT_4_TEMP=0.0
HEAT_4_DUTY=0

[22:29:48.078 EBOX]
TS=1786121166.102
V_SENSE5=1.03515625
V_SENSE9=0.0390625
V_SENSE12=0.11474609375
ADC_V5=4.9560546875
ADC_V9=9.42535400390625
ADC_V12=11.8768310546875
ADC_V28=27.85125732421875
PG_5=0
PG_9=0
PG_12=0
FLT_P2=0
FLT_P3=0
HEAT_1_TEMP=0.0
HEAT_1_DUTY=0
HEAT_2_TEMP=0.0
HEAT_2_DUTY=0
HEAT_3_TEMP=0.0
HEAT_3_DUTY=0
HEAT_4_TEMP=0.0
HEAT_4_DUTY=50.0

[22:29:48.529 EBOX]
TS=1786121166.602
V_SENSE5=1.04736328125
V_SENSE9=0.0390625
V_SENSE12=0.1171875
ADC_V5=5.0091552734375
ADC_V9=9.2572021484375
ADC_V12=11.95648193359375
ADC_V28=27.07244873046875
PG_5=0
PG_9=0
PG_12=0
FLT_P2=0
FLT_P3=0
HEAT_1_TEMP=0.0
HEAT_1_DUTY=0
HEAT_2_TEMP=0.0
HEAT_2_DUTY=0
HEAT_3_TEMP=0.0
HEAT_3_DUTY=0
HEAT_4_TEMP=0.0
HEAT_4_DUTY=50.0

[22:29:49.073 EBOX]
TS=1786121167.105
V_SENSE5=1.05224609375
V_SENSE9=0.0341796875
V_SENSE12=0.1171875
ADC_V5=4.920654296875
ADC_V9=9.01824951171875
ADC_V12=11.5936279296875
ADC_V28=27.3468017578125
PG_5=0
PG_9=0
PG_12=0
FLT_P2=0
FLT_P3=0
HEAT_1_TEMP=0.0
HEAT_1_DUTY=50.0
HEAT_2_TEMP=0.0
HEAT_2_DUTY=0
HEAT_3_TEMP=0.0
HEAT_3_DUTY=0
HEAT_4_TEMP=0.0
HEAT_4_DUTY=0

[22:29:49.532 EBOX]
TS=1786121167.606
V_SENSE5=1.0205078125
V_SENSE9=0.03662109375
V_SENSE12=0.13427734375
ADC_V5=4.9383544921875
ADC_V9=9.027099609375
ADC_V12=11.859130859375
ADC_V28=27.82470703125
PG_5=0
PG_9=0
PG_12=0
FLT_P2=0
FLT_P3=0
HEAT_1_TEMP=0.0
HEAT_1_DUTY=50.0
HEAT_2_TEMP=0.0
HEAT_2_DUTY=0
HEAT_3_TEMP=0.0
HEAT_3_DUTY=0
HEAT_4_TEMP=0.0
HEAT_4_DUTY=0

[22:29:50.101 EBOX]
TS=1786121168.108
V_SENSE5=1.06201171875
V_SENSE9=0.0390625
V_SENSE12=0.1220703125
ADC_V5=5.08880615234375
ADC_V9=9.24835205078125
ADC_V12=11.54937744140625
ADC_V28=27.7716064453125
PG_5=0
PG_9=0
PG_12=0
FLT_P2=0
FLT_P3=0
HEAT_1_TEMP=0.0
HEAT_1_DUTY=0
HEAT_2_TEMP=0.0
HEAT_2_DUTY=50.0
HEAT_3_TEMP=0.0
HEAT_3_DUTY=0
HEAT_4_TEMP=0.0
HEAT_4_DUTY=0

[22:29:50.531 EBOX]
TS=1786121168.606
V_SENSE5=1.0205078125
V_SENSE9=0.04150390625
V_SENSE12=0.1220703125
ADC_V5=4.89410400390625
ADC_V9=9.1156005859375
ADC_V12=11.97418212890625
ADC_V28=27.3468017578125
PG_5=0
PG_9=0
PG_12=0
FLT_P2=0
FLT_P3=0
HEAT_1_TEMP=0.0
HEAT_1_DUTY=0
HEAT_2_TEMP=0.0
HEAT_2_DUTY=50.0
HEAT_3_TEMP=0.0
HEAT_3_DUTY=0
HEAT_4_TEMP=0.0
HEAT_4_DUTY=0

[22:29:51.072 EBOX]
TS=1786121169.107
V_SENSE5=1.14013671875
V_SENSE9=0.0341796875
V_SENSE12=0.10986328125
ADC_V5=4.98260498046875
ADC_V9=9.0625
ADC_V12=11.89453125
ADC_V28=27.17864990234375
PG_5=0
PG_9=0
PG_12=0
FLT_P2=0
FLT_P3=0
HEAT_1_TEMP=0.0
HEAT_1_DUTY=0
HEAT_2_TEMP=0.0
HEAT_2_DUTY=0
HEAT_3_TEMP=0.0
HEAT_3_DUTY=50.0
HEAT_4_TEMP=0.0
HEAT_4_DUTY=0

[22:29:51.515 EBOX]
TS=1786121169.608
V_SENSE5=1.09375
V_SENSE9=0.0341796875
V_SENSE12=0.126953125
ADC_V5=4.92950439453125
ADC_V9=9.33685302734375
ADC_V12=11.79718017578125
ADC_V28=27.24945068359375
PG_5=0
PG_9=0
PG_12=0
FLT_P2=0
FLT_P3=0
HEAT_1_TEMP=0.0
HEAT_1_DUTY=0
HEAT_2_TEMP=0.0
HEAT_2_DUTY=0
HEAT_3_TEMP=0.0
HEAT_3_DUTY=50.0
HEAT_4_TEMP=0.0
HEAT_4_DUTY=0

[22:29:52.087 EBOX]
TS=1786121170.109
V_SENSE5=1.13525390625
V_SENSE9=0.0341796875
V_SENSE12=0.1220703125
ADC_V5=4.87640380859375
ADC_V9=9.0802001953125
ADC_V12=11.69097900390625
ADC_V28=27.19635009765625
PG_5=0
PG_9=0
PG_12=0
FLT_P2=0
FLT_P3=0
HEAT_1_TEMP=0.0
HEAT_1_DUTY=0
HEAT_2_TEMP=0.0
HEAT_2_DUTY=0
HEAT_3_TEMP=0.0
HEAT_3_DUTY=0
HEAT_4_TEMP=0.0
HEAT_4_DUTY=50.0

[22:29:52.522 EBOX]
TS=1786121170.614
V_SENSE5=1.02294921875
V_SENSE9=0.0341796875
V_SENSE12=0.1220703125
ADC_V5=4.9560546875
ADC_V9=8.7969970703125
ADC_V12=11.92108154296875
ADC_V28=27.17864990234375
PG_5=0
PG_9=0
PG_12=0
FLT_P2=0
FLT_P3=0
HEAT_1_TEMP=0.0
HEAT_1_DUTY=0
HEAT_2_TEMP=0.0
HEAT_2_DUTY=0
HEAT_3_TEMP=0.0
HEAT_3_DUTY=0
HEAT_4_TEMP=0.0
HEAT_4_DUTY=50.0

