[15:17:48.803 EBOX]
TS=1786879601.716
V_SENSE5=1.1328125
V_SENSE9=0.0341796875
V_SENSE12=0.10986328125
ADC_V5=5.07110595703125
ADC_V9=9.381103515625
ADC_V12=11.6290283203125
ADC_V28=30.7452392578125
THERMAL_SENS_OUT_1=25
THERMAL_SENS_OUT_2=-50
THERMAL_SENS_OUT_3=24
THERMAL_SENS_OUT_4=20
THERMAL_SENS_OUT_5=23
THERMAL_SENS_OUT_6=-50
THERMAL_SENS_INT_1=21
THERMAL_SENS_INT_2=24
PG_5=0
PG_9=0
PG_12=0
FLT_P2=0
FLT_P3=0
HEAT_1_TEMP=25
HEAT_1_DUTY=0
HEAT_1_SP=-20.0
HEAT_2_TEMP=24
HEAT_2_DUTY=0
HEAT_2_SP=-20.0
HEAT_3_TEMP=20
HEAT_3_DUTY=0
HEAT_3_SP=-20.0
HEAT_4_TEMP=23
HEAT_4_DUTY=0
HEAT_4_SP=-20.0
MOTOR_ANGLE=-0.0003779069767441861
MOTOR_ACCUM=-0.0003779069767441861
MOTOR_ROT=0

[15:17:50.666 EBOX]
TS=1786879603.718
V_SENSE5=1.16455078125
V_SENSE9=0.0390625
V_SENSE12=0.107421875
ADC_V5=4.96490478515625
ADC_V9=9.2041015625
ADC_V12=11.93878173828125
ADC_V28=30.2850341796875
THERMAL_SENS_OUT_1=21
THERMAL_SENS_OUT_2=-50
THERMAL_SENS_OUT_3=25
THERMAL_SENS_OUT_4=24
THERMAL_SENS_OUT_5=21
THERMAL_SENS_OUT_6=-50
THERMAL_SENS_INT_1=21
THERMAL_SENS_INT_2=24
PG_5=0
PG_9=0
PG_12=0
FLT_P2=0
FLT_P3=0
HEAT_1_TEMP=21
HEAT_1_DUTY=0
HEAT_1_SP=-20.0
HEAT_2_TEMP=25
HEAT_2_DUTY=0
HEAT_2_SP=-20.0
HEAT_3_TEMP=24
HEAT_3_DUTY=0
HEAT_3_SP=-20.0
HEAT_4_TEMP=21
HEAT_4_DUTY=0
HEAT_4_SP=-20.0
MOTOR_ANGLE=-0.0003779069767441861
MOTOR_ACCUM=-0.0003779069767441861
MOTOR_ROT=0

[15:17:52.785 EBOX]
TS=1786879605.721
V_SENSE5=1.34765625
V_SENSE9=0.0390625
V_SENSE12=0.0927734375
ADC_V5=4.92950439453125
ADC_V9=9.44305419921875
ADC_V12=11.81488037109375
ADC_V28=30.91339111328125
THERMAL_SENS_OUT_1=25
THERMAL_SENS_OUT_2=-50
THERMAL_SENS_OUT_3=22
THERMAL_SENS_OUT_4=21
THERMAL_SENS_OUT_5=25
THERMAL_SENS_OUT_6=-50
THERMAL_SENS_INT_1=24
THERMAL_SENS_INT_2=20
PG_5=0
PG_9=0
PG_12=0
FLT_P2=0
FLT_P3=0
HEAT_1_TEMP=25
HEAT_1_DUTY=0
HEAT_1_SP=-20.0
HEAT_2_TEMP=22
HEAT_2_DUTY=0
HEAT_2_SP=-20.0
HEAT_3_TEMP=21
HEAT_3_DUTY=0
HEAT_3_SP=-20.0
HEAT_4_TEMP=25
HEAT_4_DUTY=0
HEAT_4_SP=-20.0
MOTOR_ANGLE=-0.0003779069767441861
MOTOR_ACCUM=-0.0003779069767441861
MOTOR_ROT=0

[15:17:54.836 EBOX]
TS=1786879607.722
V_SENSE5=1.16943359375
V_SENSE9=0.07568359375
V_SENSE12=0.126953125
ADC_V5=4.9560546875
ADC_V9=9.67315673828125
ADC_V12=11.7529296875
ADC_V28=30.71868896484375
THERMAL_SENS_OUT_1=21
THERMAL_SENS_OUT_2=-50
THERMAL_SENS_OUT_3=26
THERMAL_SENS_OUT_4=22
THERMAL_SENS_OUT_5=27
THERMAL_SENS_OUT_6=-50
THERMAL_SENS_INT_1=21
THERMAL_SENS_INT_2=24
PG_5=0
PG_9=0
PG_12=0
FLT_P2=0
FLT_P3=0
HEAT_1_TEMP=21
HEAT_1_DUTY=0
HEAT_1_SP=-20.0
HEAT_2_TEMP=26
HEAT_2_DUTY=0
HEAT_2_SP=-20.0
HEAT_3_TEMP=22
HEAT_3_DUTY=0
HEAT_3_SP=-20.0
HEAT_4_TEMP=27
HEAT_4_DUTY=0
HEAT_4_SP=-20.0
MOTOR_ANGLE=-0.0003779069767441861
MOTOR_ACCUM=-0.0003779069767441861
MOTOR_ROT=0

[15:17:56.809 EBOX]
TS=1786879609.724
V_SENSE5=1.27197265625
V_SENSE9=0.0341796875
V_SENSE12=0.1171875
ADC_V5=4.98260498046875
ADC_V9=9.0625
ADC_V12=11.717529296875
ADC_V28=30.621337890625
THERMAL_SENS_OUT_1=21
THERMAL_SENS_OUT_2=-50
THERMAL_SENS_OUT_3=23
THERMAL_SENS_OUT_4=25
THERMAL_SENS_OUT_5=22
THERMAL_SENS_OUT_6=-50
THERMAL_SENS_INT_1=21
THERMAL_SENS_INT_2=21
PG_5=0
PG_9=0
PG_12=0
FLT_P2=0
FLT_P3=0
HEAT_1_TEMP=21
HEAT_1_DUTY=0
HEAT_1_SP=-20.0
HEAT_2_TEMP=23
HEAT_2_DUTY=0
HEAT_2_SP=-20.0
HEAT_3_TEMP=25
HEAT_3_DUTY=0
HEAT_3_SP=-20.0
HEAT_4_TEMP=22
HEAT_4_DUTY=0
HEAT_4_SP=-20.0
MOTOR_ANGLE=-0.0003779069767441861
MOTOR_ACCUM=-0.0003779069767441861
MOTOR_ROT=0

[15:17:58.719 EBOX]
TS=1786879611.726
V_SENSE5=1.24755859375
V_SENSE9=0.0439453125
V_SENSE12=0.1220703125
ADC_V5=4.920654296875
ADC_V9=9.0802001953125
ADC_V12=11.67327880859375
ADC_V28=30.91339111328125
THERMAL_SENS_OUT_1=21
THERMAL_SENS_OUT_2=-50
THERMAL_SENS_OUT_3=22
THERMAL_SENS_OUT_4=22
THERMAL_SENS_OUT_5=24
THERMAL_SENS_OUT_6=-50
THERMAL_SENS_INT_1=25
THERMAL_SENS_INT_2=21
PG_5=0
PG_9=0
PG_12=0
FLT_P2=0
FLT_P3=0
HEAT_1_TEMP=21
HEAT_1_DUTY=0
HEAT_1_SP=-20.0
HEAT_2_TEMP=22
HEAT_2_DUTY=0
HEAT_2_SP=-20.0
HEAT_3_TEMP=22
HEAT_3_DUTY=0
HEAT_3_SP=-20.0
HEAT_4_TEMP=24
HEAT_4_DUTY=0
HEAT_4_SP=-20.0
MOTOR_ANGLE=-0.0003779069767441861
MOTOR_ACCUM=-0.0003779069767441861
MOTOR_ROT=0

[15:18:00.839 EBOX]
TS=1786879613.727
V_SENSE5=1.1572265625
V_SENSE9=0.03662109375
V_SENSE12=0.1220703125
ADC_V5=4.94720458984375
ADC_V9=9.28375244140625
ADC_V12=11.63787841796875
ADC_V28=30.762939453125
THERMAL_SENS_OUT_1=23
THERMAL_SENS_OUT_2=-50
THERMAL_SENS_OUT_3=21
THERMAL_SENS_OUT_4=23
THERMAL_SENS_OUT_5=25
THERMAL_SENS_OUT_6=-50
THERMAL_SENS_INT_1=22
THERMAL_SENS_INT_2=24
PG_5=0
PG_9=0
PG_12=0
FLT_P2=0
FLT_P3=0
HEAT_1_TEMP=23
HEAT_1_DUTY=0
HEAT_1_SP=-20.0
HEAT_2_TEMP=21
HEAT_2_DUTY=0
HEAT_2_SP=-20.0
HEAT_3_TEMP=23
HEAT_3_DUTY=0
HEAT_3_SP=-20.0
HEAT_4_TEMP=25
HEAT_4_DUTY=0
HEAT_4_SP=-20.0
MOTOR_ANGLE=-0.0003779069767441861
MOTOR_ACCUM=-0.0003779069767441861
MOTOR_ROT=0

[15:18:02.832 EBOX]
TS=1786879615.734
V_SENSE5=1.1474609375
V_SENSE9=0.05615234375
V_SENSE12=0.14404296875
ADC_V5=4.94720458984375
ADC_V9=9.2218017578125
ADC_V12=11.788330078125
ADC_V28=30.65673828125
THERMAL_SENS_OUT_1=22
THERMAL_SENS_OUT_2=-50
THERMAL_SENS_OUT_3=21
THERMAL_SENS_OUT_4=22
THERMAL_SENS_OUT_5=22
THERMAL_SENS_OUT_6=-50
THERMAL_SENS_INT_1=20
THERMAL_SENS_INT_2=24
PG_5=0
PG_9=0
PG_12=0
FLT_P2=0
FLT_P3=0
HEAT_1_TEMP=22
HEAT_1_DUTY=0
HEAT_1_SP=-20.0
HEAT_2_TEMP=21
HEAT_2_DUTY=0
HEAT_2_SP=-20.0
HEAT_3_TEMP=22
HEAT_3_DUTY=0
HEAT_3_SP=-20.0
HEAT_4_TEMP=22
HEAT_4_DUTY=0
HEAT_4_SP=-20.0
MOTOR_ANGLE=-0.0003779069767441861
MOTOR_ACCUM=-0.0003779069767441861
MOTOR_ROT=0

[15:18:04.935 EBOX]
TS=1786879617.730
V_SENSE5=1.17919921875
V_SENSE9=0.0341796875
V_SENSE12=0.15380859375
ADC_V5=4.991455078125
ADC_V9=9.345703125
ADC_V12=11.8768310546875
ADC_V28=30.71868896484375
THERMAL_SENS_OUT_1=24
THERMAL_SENS_OUT_2=-50
THERMAL_SENS_OUT_3=26
THERMAL_SENS_OUT_4=22
THERMAL_SENS_OUT_5=26
THERMAL_SENS_OUT_6=-50
THERMAL_SENS_INT_1=25
THERMAL_SENS_INT_2=21
PG_5=0
PG_9=0
PG_12=0
FLT_P2=0
FLT_P3=0
HEAT_1_TEMP=24
HEAT_1_DUTY=0
HEAT_1_SP=-20.0
HEAT_2_TEMP=26
HEAT_2_DUTY=0
HEAT_2_SP=-20.0
HEAT_3_TEMP=22
HEAT_3_DUTY=0
HEAT_3_SP=-20.0
HEAT_4_TEMP=26
HEAT_4_DUTY=0
HEAT_4_SP=-20.0
MOTOR_ANGLE=-0.0003779069767441861
MOTOR_ACCUM=-0.0003779069767441861
MOTOR_ROT=0

[15:18:06.751 EBOX]
TS=1786879619.732
V_SENSE5=1.103515625
V_SENSE9=0.05126953125
V_SENSE12=0.1171875
ADC_V5=4.920654296875
ADC_V9=9.522705078125
ADC_V12=11.9122314453125
ADC_V28=30.79833984375
THERMAL_SENS_OUT_1=23
THERMAL_SENS_OUT_2=-50
THERMAL_SENS_OUT_3=24
THERMAL_SENS_OUT_4=21
THERMAL_SENS_OUT_5=24
THERMAL_SENS_OUT_6=-50
THERMAL_SENS_INT_1=23
THERMAL_SENS_INT_2=21
PG_5=0
PG_9=0
PG_12=0
FLT_P2=0
FLT_P3=0
HEAT_1_TEMP=23
HEAT_1_DUTY=0
HEAT_1_SP=-20.0
HEAT_2_TEMP=24
HEAT_2_DUTY=0
HEAT_2_SP=-20.0
HEAT_3_TEMP=21
HEAT_3_DUTY=0
HEAT_3_SP=-20.0
HEAT_4_TEMP=24
HEAT_4_DUTY=0
HEAT_4_SP=-20.0
MOTOR_ANGLE=-0.0003779069767441861
MOTOR_ACCUM=-0.0003779069767441861
MOTOR_ROT=0

[15:18:08.808 EBOX]
TS=1786879621.733
V_SENSE5=1.17431640625
V_SENSE9=0.0341796875
V_SENSE12=0.10986328125
ADC_V5=5.0091552734375
ADC_V9=9.42535400390625
ADC_V12=11.68212890625
ADC_V28=30.01953125
THERMAL_SENS_OUT_1=21
THERMAL_SENS_OUT_2=-50
THERMAL_SENS_OUT_3=23
THERMAL_SENS_OUT_4=24
THERMAL_SENS_OUT_5=27
THERMAL_SENS_OUT_6=-50
THERMAL_SENS_INT_1=22
THERMAL_SENS_INT_2=22
PG_5=0
PG_9=0
PG_12=0
FLT_P2=0
FLT_P3=0
HEAT_1_TEMP=21
HEAT_1_DUTY=0
HEAT_1_SP=-20.0
HEAT_2_TEMP=23
HEAT_2_DUTY=0
HEAT_2_SP=-20.0
HEAT_3_TEMP=24
HEAT_3_DUTY=0
HEAT_3_SP=-20.0
HEAT_4_TEMP=27
HEAT_4_DUTY=0
HEAT_4_SP=-20.0
MOTOR_ANGLE=-0.0003779069767441861
MOTOR_ACCUM=-0.0003779069767441861
MOTOR_ROT=0

[15:18:10.757 EBOX]
TS=1786879623.735
V_SENSE5=1.181640625
V_SENSE9=0.03662109375
V_SENSE12=0.11962890625
ADC_V5=4.92950439453125
ADC_V9=9.62890625
ADC_V12=11.79718017578125
ADC_V28=30.59478759765625
THERMAL_SENS_OUT_1=23
THERMAL_SENS_OUT_2=-50
THERMAL_SENS_OUT_3=25
THERMAL_SENS_OUT_4=23
THERMAL_SENS_OUT_5=27
THERMAL_SENS_OUT_6=-50
THERMAL_SENS_INT_1=20
THERMAL_SENS_INT_2=22
PG_5=0
PG_9=0
PG_12=0
FLT_P2=0
FLT_P3=0
HEAT_1_TEMP=23
HEAT_1_DUTY=0
HEAT_1_SP=-20.0
HEAT_2_TEMP=25
HEAT_2_DUTY=0
HEAT_2_SP=-20.0
HEAT_3_TEMP=23
HEAT_3_DUTY=0
HEAT_3_SP=-20.0
HEAT_4_TEMP=27
HEAT_4_DUTY=0
HEAT_4_SP=-20.0
MOTOR_ANGLE=-0.0003779069767441861
MOTOR_ACCUM=-0.0003779069767441861
MOTOR_ROT=0

[15:18:12.901 EBOX]
TS=1786879625.736
V_SENSE5=1.26953125
V_SENSE9=0.0341796875
V_SENSE12=0.10498046875
ADC_V5=4.94720458984375
ADC_V9=9.00054931640625
ADC_V12=11.99188232421875
ADC_V28=30.13458251953125
THERMAL_SENS_OUT_1=22
THERMAL_SENS_OUT_2=-50
THERMAL_SENS_OUT_3=26
THERMAL_SENS_OUT_4=23
THERMAL_SENS_OUT_5=23
THERMAL_SENS_OUT_6=-50
THERMAL_SENS_INT_1=22
THERMAL_SENS_INT_2=24
PG_5=0
PG_9=0
PG_12=0
FLT_P2=0
FLT_P3=0
HEAT_1_TEMP=22
HEAT_1_DUTY=0
HEAT_1_SP=-20.0
HEAT_2_TEMP=26
HEAT_2_DUTY=0
HEAT_2_SP=-20.0
HEAT_3_TEMP=23
HEAT_3_DUTY=0
HEAT_3_SP=-20.0
HEAT_4_TEMP=23
HEAT_4_DUTY=0
HEAT_4_SP=-20.0
MOTOR_ANGLE=-0.0003779069767441861
MOTOR_ACCUM=-0.0003779069767441861
MOTOR_ROT=0

[15:18:14.917 EBOX]
TS=1786879627.738
V_SENSE5=1.34033203125
V_SENSE9=0.03662109375
V_SENSE12=0.107421875
ADC_V5=4.991455078125
ADC_V9=8.956298828125
ADC_V12=11.6644287109375
ADC_V28=30.65673828125
THERMAL_SENS_OUT_1=21
THERMAL_SENS_OUT_2=-50
THERMAL_SENS_OUT_3=21
THERMAL_SENS_OUT_4=22
THERMAL_SENS_OUT_5=26
THERMAL_SENS_OUT_6=-50
THERMAL_SENS_INT_1=24
THERMAL_SENS_INT_2=21
PG_5=0
PG_9=0
PG_12=0
FLT_P2=0
FLT_P3=0
HEAT_1_TEMP=21
HEAT_1_DUTY=0
HEAT_1_SP=-20.0
HEAT_2_TEMP=21
HEAT_2_DUTY=0
HEAT_2_SP=-20.0
HEAT_3_TEMP=22
HEAT_3_DUTY=0
HEAT_3_SP=-20.0
HEAT_4_TEMP=26
HEAT_4_DUTY=0
HEAT_4_SP=-20.0
MOTOR_ANGLE=-0.0003779069767441861
MOTOR_ACCUM=-0.0003779069767441861
MOTOR_ROT=0

[15:18:16.803 EBOX]
TS=1786879629.739
V_SENSE5=1.19140625
V_SENSE9=0.03173828125
V_SENSE12=0.09521484375
ADC_V5=4.87640380859375
ADC_V9=9.03594970703125
ADC_V12=11.5936279296875
ADC_V28=30.82489013671875
THERMAL_SENS_OUT_1=21
THERMAL_SENS_OUT_2=-50
THERMAL_SENS_OUT_3=26
THERMAL_SENS_OUT_4=25
THERMAL_SENS_OUT_5=25
THERMAL_SENS_OUT_6=-50
THERMAL_SENS_INT_1=20
THERMAL_SENS_INT_2=22
PG_5=0
PG_9=0
PG_12=0
FLT_P2=0
FLT_P3=0
HEAT_1_TEMP=21
HEAT_1_DUTY=0
HEAT_1_SP=-20.0
HEAT_2_TEMP=26
HEAT_2_DUTY=0
HEAT_2_SP=-20.0
HEAT_3_TEMP=25
HEAT_3_DUTY=0
HEAT_3_SP=-20.0
HEAT_4_TEMP=25
HEAT_4_DUTY=0
HEAT_4_SP=-20.0
MOTOR_ANGLE=-0.0003779069767441861
MOTOR_ACCUM=-0.0003779069767441861
MOTOR_ROT=0

[15:18:18.890 EBOX]
TS=1786879631.741
V_SENSE5=1.18896484375
V_SENSE9=0.0341796875
V_SENSE12=0.13427734375
ADC_V5=4.9737548828125
ADC_V9=9.03594970703125
ADC_V12=11.90338134765625
ADC_V28=30.15228271484375
THERMAL_SENS_OUT_1=21
THERMAL_SENS_OUT_2=-50
THERMAL_SENS_OUT_3=26
THERMAL_SENS_OUT_4=22
THERMAL_SENS_OUT_5=23
THERMAL_SENS_OUT_6=-50
THERMAL_SENS_INT_1=23
THERMAL_SENS_INT_2=21
PG_5=0
PG_9=0
PG_12=0
FLT_P2=0
FLT_P3=0
HEAT_1_TEMP=21
HEAT_1_DUTY=0
HEAT_1_SP=-20.0
HEAT_2_TEMP=26
HEAT_2_DUTY=0
HEAT_2_SP=-20.0
HEAT_3_TEMP=22
HEAT_3_DUTY=0
HEAT_3_SP=-20.0
HEAT_4_TEMP=23
HEAT_4_DUTY=0
HEAT_4_SP=-20.0
MOTOR_ANGLE=-0.0003779069767441861
MOTOR_ACCUM=-0.0003779069767441861
MOTOR_ROT=0

