[16:04:01.933 EBOX]
TS=1786879558.957
V_SENSE5=1.25244140625
V_SENSE9=0.04150390625
V_SENSE12=0.12939453125
ADC_V5=5.00030517578125
ADC_V9=9.3280029296875
ADC_V12=11.89453125
ADC_V28=30.054931640625
THERMAL_SENS_OUT_1=22
THERMAL_SENS_OUT_2=-50
THERMAL_SENS_OUT_3=23
THERMAL_SENS_OUT_4=27
THERMAL_SENS_OUT_5=25
THERMAL_SENS_OUT_6=-50
THERMAL_SENS_INT_1=28
THERMAL_SENS_INT_2=22
PG_5=0
PG_9=0
PG_12=0
FLT_P2=0
FLT_P3=0
HEAT_1_TEMP=22
HEAT_1_DUTY=0
HEAT_1_SP=-20.0
HEAT_2_TEMP=23
HEAT_2_DUTY=0
HEAT_2_SP=-20.0
HEAT_3_TEMP=27
HEAT_3_DUTY=0
HEAT_3_SP=-20.0
HEAT_4_TEMP=25
HEAT_4_DUTY=0
HEAT_4_SP=-20.0
MOTOR_ANGLE=0.0
MOTOR_ACCUM=0.0
MOTOR_ROT=0

[16:04:03.861 EBOX]
TS=1786879560.958
V_SENSE5=1.123046875
V_SENSE9=0.03662109375
V_SENSE12=0.11962890625
ADC_V5=4.9737548828125
ADC_V9=9.42535400390625
ADC_V12=11.88568115234375
ADC_V28=29.51507568359375
THERMAL_SENS_OUT_1=22
THERMAL_SENS_OUT_2=-50
THERMAL_SENS_OUT_3=26
THERMAL_SENS_OUT_4=23
THERMAL_SENS_OUT_5=26
THERMAL_SENS_OUT_6=-50
THERMAL_SENS_INT_1=24
THERMAL_SENS_INT_2=27
PG_5=0
PG_9=0
PG_12=0
FLT_P2=0
FLT_P3=0
HEAT_1_TEMP=22
HEAT_1_DUTY=0
HEAT_1_SP=-20.0
HEAT_2_TEMP=26
HEAT_2_DUTY=0
HEAT_2_SP=-20.0
HEAT_3_TEMP=23
HEAT_3_DUTY=0
HEAT_3_SP=-20.0
HEAT_4_TEMP=26
HEAT_4_DUTY=0
HEAT_4_SP=-20.0
MOTOR_ANGLE=0.0
MOTOR_ACCUM=0.0
MOTOR_ROT=0

[16:04:05.880 EBOX]
TS=1786879562.966
V_SENSE5=1.26708984375
V_SENSE9=0.0390625
V_SENSE12=0.12939453125
ADC_V5=4.920654296875
ADC_V9=9.15985107421875
ADC_V12=11.68212890625
ADC_V28=29.39117431640625
THERMAL_SENS_OUT_1=23
THERMAL_SENS_OUT_2=-50
THERMAL_SENS_OUT_3=25
THERMAL_SENS_OUT_4=25
THERMAL_SENS_OUT_5=26
THERMAL_SENS_OUT_6=-50
THERMAL_SENS_INT_1=26
THERMAL_SENS_INT_2=24
PG_5=0
PG_9=0
PG_12=0
FLT_P2=0
FLT_P3=0
HEAT_1_TEMP=23
HEAT_1_DUTY=0
HEAT_1_SP=-20.0
HEAT_2_TEMP=25
HEAT_2_DUTY=0
HEAT_2_SP=-20.0
HEAT_3_TEMP=25
HEAT_3_DUTY=0
HEAT_3_SP=-20.0
HEAT_4_TEMP=26
HEAT_4_DUTY=0
HEAT_4_SP=-20.0
MOTOR_ANGLE=0.0
MOTOR_ACCUM=0.0
MOTOR_ROT=0

[16:04:07.902 EBOX]
TS=1786879564.964
V_SENSE5=1.181640625
V_SENSE9=0.04638671875
V_SENSE12=0.13671875
ADC_V5=4.9383544921875
ADC_V9=9.2572021484375
ADC_V12=11.79718017578125
ADC_V28=29.4000244140625
THERMAL_SENS_OUT_1=23
THERMAL_SENS_OUT_2=-50
THERMAL_SENS_OUT_3=27
THERMAL_SENS_OUT_4=26
THERMAL_SENS_OUT_5=24
THERMAL_SENS_OUT_6=-50
THERMAL_SENS_INT_1=26
THERMAL_SENS_INT_2=24
PG_5=0
PG_9=0
PG_12=0
FLT_P2=0
FLT_P3=0
HEAT_1_TEMP=23
HEAT_1_DUTY=0
HEAT_1_SP=-20.0
HEAT_2_TEMP=27
HEAT_2_DUTY=0
HEAT_2_SP=-20.0
HEAT_3_TEMP=26
HEAT_3_DUTY=0
HEAT_3_SP=-20.0
HEAT_4_TEMP=24
HEAT_4_DUTY=0
HEAT_4_SP=-20.0
MOTOR_ANGLE=0.0
MOTOR_ACCUM=0.0
MOTOR_ROT=0

[16:04:09.998 EBOX]
TS=1786879566.966
V_SENSE5=1.34521484375
V_SENSE9=0.04150390625
V_SENSE12=0.16357421875
ADC_V5=5.08880615234375
ADC_V9=9.522705078125
ADC_V12=11.575927734375
ADC_V28=30.11688232421875
THERMAL_SENS_OUT_1=25
THERMAL_SENS_OUT_2=-50
THERMAL_SENS_OUT_3=28
THERMAL_SENS_OUT_4=23
THERMAL_SENS_OUT_5=29
THERMAL_SENS_OUT_6=-50
THERMAL_SENS_INT_1=26
THERMAL_SENS_INT_2=24
PG_5=0
PG_9=0
PG_12=0
FLT_P2=0
FLT_P3=0
HEAT_1_TEMP=25
HEAT_1_DUTY=0
HEAT_1_SP=-20.0
HEAT_2_TEMP=28
HEAT_2_DUTY=0
HEAT_2_SP=-20.0
HEAT_3_TEMP=23
HEAT_3_DUTY=0
HEAT_3_SP=-20.0
HEAT_4_TEMP=29
HEAT_4_DUTY=0
HEAT_4_SP=-20.0
MOTOR_ANGLE=0.0
MOTOR_ACCUM=0.0
MOTOR_ROT=0

[16:04:11.967 EBOX]
TS=1786879568.967
V_SENSE5=1.24755859375
V_SENSE9=0.0390625
V_SENSE12=0.12451171875
ADC_V5=4.9383544921875
ADC_V9=9.10675048828125
ADC_V12=11.5582275390625
ADC_V28=29.9310302734375
THERMAL_SENS_OUT_1=25
THERMAL_SENS_OUT_2=-50
THERMAL_SENS_OUT_3=27
THERMAL_SENS_OUT_4=22
THERMAL_SENS_OUT_5=28
THERMAL_SENS_OUT_6=-50
THERMAL_SENS_INT_1=26
THERMAL_SENS_INT_2=24
PG_5=0
PG_9=0
PG_12=0
FLT_P2=0
FLT_P3=0
HEAT_1_TEMP=25
HEAT_1_DUTY=0
HEAT_1_SP=-20.0
HEAT_2_TEMP=27
HEAT_2_DUTY=0
HEAT_2_SP=-20.0
HEAT_3_TEMP=22
HEAT_3_DUTY=0
HEAT_3_SP=-20.0
HEAT_4_TEMP=28
HEAT_4_DUTY=0
HEAT_4_SP=-20.0
MOTOR_ANGLE=0.0
MOTOR_ACCUM=0.0
MOTOR_ROT=0

[16:04:14.033 EBOX]
TS=1786879570.967
V_SENSE5=1.15234375
V_SENSE9=0.0390625
V_SENSE12=0.11962890625
ADC_V5=5.0091552734375
ADC_V9=9.345703125
ADC_V12=11.929931640625
ADC_V28=29.58587646484375
THERMAL_SENS_OUT_1=22
THERMAL_SENS_OUT_2=-50
THERMAL_SENS_OUT_3=27
THERMAL_SENS_OUT_4=22
THERMAL_SENS_OUT_5=29
THERMAL_SENS_OUT_6=-50
THERMAL_SENS_INT_1=28
THERMAL_SENS_INT_2=24
PG_5=0
PG_9=0
PG_12=0
FLT_P2=0
FLT_P3=0
HEAT_1_TEMP=22
HEAT_1_DUTY=0
HEAT_1_SP=-20.0
HEAT_2_TEMP=27
HEAT_2_DUTY=0
HEAT_2_SP=-20.0
HEAT_3_TEMP=22
HEAT_3_DUTY=0
HEAT_3_SP=-20.0
HEAT_4_TEMP=29
HEAT_4_DUTY=0
HEAT_4_SP=-20.0
MOTOR_ANGLE=0.0
MOTOR_ACCUM=0.0
MOTOR_ROT=0

[16:04:15.989 EBOX]
TS=1786879572.971
V_SENSE5=1.3671875
V_SENSE9=0.0390625
V_SENSE12=0.146484375
ADC_V5=4.94720458984375
ADC_V9=9.55810546875
ADC_V12=11.8414306640625
ADC_V28=29.51507568359375
THERMAL_SENS_OUT_1=26
THERMAL_SENS_OUT_2=-50
THERMAL_SENS_OUT_3=23
THERMAL_SENS_OUT_4=23
THERMAL_SENS_OUT_5=28
THERMAL_SENS_OUT_6=-50
THERMAL_SENS_INT_1=27
THERMAL_SENS_INT_2=27
PG_5=0
PG_9=0
PG_12=0
FLT_P2=0
FLT_P3=0
HEAT_1_TEMP=26
HEAT_1_DUTY=0
HEAT_1_SP=-20.0
HEAT_2_TEMP=23
HEAT_2_DUTY=0
HEAT_2_SP=-20.0
HEAT_3_TEMP=23
HEAT_3_DUTY=0
HEAT_3_SP=-20.0
HEAT_4_TEMP=28
HEAT_4_DUTY=0
HEAT_4_SP=-20.0
MOTOR_ANGLE=0.0
MOTOR_ACCUM=0.0
MOTOR_ROT=0

[16:04:18.079 EBOX]
TS=1786879574.973
V_SENSE5=1.279296875
V_SENSE9=0.09521484375
V_SENSE12=0.12451171875
ADC_V5=4.9560546875
ADC_V9=9.239501953125
ADC_V12=11.5936279296875
ADC_V28=29.44427490234375
THERMAL_SENS_OUT_1=27
THERMAL_SENS_OUT_2=-50
THERMAL_SENS_OUT_3=27
THERMAL_SENS_OUT_4=27
THERMAL_SENS_OUT_5=29
THERMAL_SENS_OUT_6=-50
THERMAL_SENS_INT_1=25
THERMAL_SENS_INT_2=27
PG_5=0
PG_9=0
PG_12=0
FLT_P2=0
FLT_P3=0
HEAT_1_TEMP=27
HEAT_1_DUTY=0
HEAT_1_SP=-20.0
HEAT_2_TEMP=27
HEAT_2_DUTY=0
HEAT_2_SP=-20.0
HEAT_3_TEMP=27
HEAT_3_DUTY=0
HEAT_3_SP=-20.0
HEAT_4_TEMP=29
HEAT_4_DUTY=0
HEAT_4_SP=-20.0
MOTOR_ANGLE=0.0
MOTOR_ACCUM=0.0
MOTOR_ROT=0

[16:04:20.261 EBOX]
TS=1786879576.972
V_SENSE5=1.220703125
V_SENSE9=0.0390625
V_SENSE12=0.13671875
ADC_V5=4.9560546875
ADC_V9=9.28375244140625
ADC_V12=11.8060302734375
ADC_V28=29.5770263671875
THERMAL_SENS_OUT_1=22
THERMAL_SENS_OUT_2=-50
THERMAL_SENS_OUT_3=27
THERMAL_SENS_OUT_4=26
THERMAL_SENS_OUT_5=27
THERMAL_SENS_OUT_6=-50
THERMAL_SENS_INT_1=27
THERMAL_SENS_INT_2=23
PG_5=0
PG_9=0
PG_12=0
FLT_P2=0
FLT_P3=0
HEAT_1_TEMP=22
HEAT_1_DUTY=0
HEAT_1_SP=-20.0
HEAT_2_TEMP=27
HEAT_2_DUTY=0
HEAT_2_SP=-20.0
HEAT_3_TEMP=26
HEAT_3_DUTY=0
HEAT_3_SP=-20.0
HEAT_4_TEMP=27
HEAT_4_DUTY=0
HEAT_4_SP=-20.0
MOTOR_ANGLE=0.0
MOTOR_ACCUM=0.0
MOTOR_ROT=0

[16:04:21.999 EBOX]
TS=1786879578.973
V_SENSE5=1.32080078125
V_SENSE9=0.029296875
V_SENSE12=0.13427734375
ADC_V5=4.87640380859375
ADC_V9=8.78814697265625
ADC_V12=11.95648193359375
ADC_V28=29.8248291015625
THERMAL_SENS_OUT_1=22
THERMAL_SENS_OUT_2=-50
THERMAL_SENS_OUT_3=25
THERMAL_SENS_OUT_4=24
THERMAL_SENS_OUT_5=25
THERMAL_SENS_OUT_6=-50
THERMAL_SENS_INT_1=25
THERMAL_SENS_INT_2=27
PG_5=0
PG_9=0
PG_12=0
FLT_P2=0
FLT_P3=0
HEAT_1_TEMP=22
HEAT_1_DUTY=0
HEAT_1_SP=-20.0
HEAT_2_TEMP=25
HEAT_2_DUTY=0
HEAT_2_SP=-20.0
HEAT_3_TEMP=24
HEAT_3_DUTY=0
HEAT_3_SP=-20.0
HEAT_4_TEMP=25
HEAT_4_DUTY=0
HEAT_4_SP=-20.0
MOTOR_ANGLE=0.0
MOTOR_ACCUM=0.0
MOTOR_ROT=0

[16:04:24.049 EBOX]
TS=1786879580.977
V_SENSE5=1.16455078125
V_SENSE9=0.03173828125
V_SENSE12=0.126953125
ADC_V5=4.991455078125
ADC_V9=9.2041015625
ADC_V12=11.7529296875
ADC_V28=30.09033203125
THERMAL_SENS_OUT_1=24
THERMAL_SENS_OUT_2=-50
THERMAL_SENS_OUT_3=23
THERMAL_SENS_OUT_4=24
THERMAL_SENS_OUT_5=28
THERMAL_SENS_OUT_6=-50
THERMAL_SENS_INT_1=25
THERMAL_SENS_INT_2=23
PG_5=0
PG_9=0
PG_12=0
FLT_P2=0
FLT_P3=0
HEAT_1_TEMP=24
HEAT_1_DUTY=0
HEAT_1_SP=-20.0
HEAT_2_TEMP=23
HEAT_2_DUTY=0
HEAT_2_SP=-20.0
HEAT_3_TEMP=24
HEAT_3_DUTY=0
HEAT_3_SP=-20.0
HEAT_4_TEMP=28
HEAT_4_DUTY=0
HEAT_4_SP=-20.0
MOTOR_ANGLE=0.0
MOTOR_ACCUM=0.0
MOTOR_ROT=0

[16:04:26.014 EBOX]
TS=1786879582.978
V_SENSE5=1.4013671875
V_SENSE9=0.0390625
V_SENSE12=0.11962890625
ADC_V5=4.85870361328125
ADC_V9=9.381103515625
ADC_V12=11.8060302734375
ADC_V28=29.55047607421875
THERMAL_SENS_OUT_1=22
THERMAL_SENS_OUT_2=-50
THERMAL_SENS_OUT_3=24
THERMAL_SENS_OUT_4=25
THERMAL_SENS_OUT_5=29
THERMAL_SENS_OUT_6=-50
THERMAL_SENS_INT_1=24
THERMAL_SENS_INT_2=25
PG_5=0
PG_9=0
PG_12=0
FLT_P2=0
FLT_P3=0
HEAT_1_TEMP=22
HEAT_1_DUTY=0
HEAT_1_SP=-20.0
HEAT_2_TEMP=24
HEAT_2_DUTY=0
HEAT_2_SP=-20.0
HEAT_3_TEMP=25
HEAT_3_DUTY=0
HEAT_3_SP=-20.0
HEAT_4_TEMP=29
HEAT_4_DUTY=0
HEAT_4_SP=-20.0
MOTOR_ANGLE=0.0
MOTOR_ACCUM=0.0
MOTOR_ROT=0

[16:04:27.992 EBOX]
TS=1786879584.986
V_SENSE5=1.09130859375
V_SENSE9=0.03662109375
V_SENSE12=0.18310546875
ADC_V5=4.94720458984375
ADC_V9=9.60235595703125
ADC_V12=11.7529296875
ADC_V28=29.69207763671875
THERMAL_SENS_OUT_1=23
THERMAL_SENS_OUT_2=-50
THERMAL_SENS_OUT_3=24
THERMAL_SENS_OUT_4=26
THERMAL_SENS_OUT_5=29
THERMAL_SENS_OUT_6=-50
THERMAL_SENS_INT_1=25
THERMAL_SENS_INT_2=23
PG_5=0
PG_9=0
PG_12=0
FLT_P2=0
FLT_P3=0
HEAT_1_TEMP=23
HEAT_1_DUTY=0
HEAT_1_SP=-20.0
HEAT_2_TEMP=24
HEAT_2_DUTY=0
HEAT_2_SP=-20.0
HEAT_3_TEMP=26
HEAT_3_DUTY=0
HEAT_3_SP=-20.0
HEAT_4_TEMP=29
HEAT_4_DUTY=0
HEAT_4_SP=-20.0
MOTOR_ANGLE=0.0
MOTOR_ACCUM=0.0
MOTOR_ROT=0

[16:04:30.064 EBOX]
TS=1786879586.981
V_SENSE5=1.181640625
V_SENSE9=0.03173828125
V_SENSE12=0.11962890625
ADC_V5=4.96490478515625
ADC_V9=8.956298828125
ADC_V12=11.8768310546875
ADC_V28=29.81597900390625
THERMAL_SENS_OUT_1=26
THERMAL_SENS_OUT_2=-50
THERMAL_SENS_OUT_3=29
THERMAL_SENS_OUT_4=24
THERMAL_SENS_OUT_5=26
THERMAL_SENS_OUT_6=-50
THERMAL_SENS_INT_1=25
THERMAL_SENS_INT_2=25
PG_5=0
PG_9=0
PG_12=0
FLT_P2=0
FLT_P3=0
HEAT_1_TEMP=26
HEAT_1_DUTY=0
HEAT_1_SP=-20.0
HEAT_2_TEMP=29
HEAT_2_DUTY=0
HEAT_2_SP=-20.0
HEAT_3_TEMP=24
HEAT_3_DUTY=0
HEAT_3_SP=-20.0
HEAT_4_TEMP=26
HEAT_4_DUTY=0
HEAT_4_SP=-20.0
MOTOR_ANGLE=0.0
MOTOR_ACCUM=0.0
MOTOR_ROT=0

[16:04:32.041 EBOX]
TS=1786879588.984
V_SENSE5=1.30859375
V_SENSE9=0.0341796875
V_SENSE12=0.13671875
ADC_V5=4.9029541015625
ADC_V9=9.2041015625
ADC_V12=11.77947998046875
ADC_V28=29.700927734375
THERMAL_SENS_OUT_1=25
THERMAL_SENS_OUT_2=-50
THERMAL_SENS_OUT_3=28
THERMAL_SENS_OUT_4=22
THERMAL_SENS_OUT_5=29
THERMAL_SENS_OUT_6=-50
THERMAL_SENS_INT_1=27
THERMAL_SENS_INT_2=27
PG_5=0
PG_9=0
PG_12=0
FLT_P2=0
FLT_P3=0
HEAT_1_TEMP=25
HEAT_1_DUTY=0
HEAT_1_SP=-20.0
HEAT_2_TEMP=28
HEAT_2_DUTY=0
HEAT_2_SP=-20.0
HEAT_3_TEMP=22
HEAT_3_DUTY=0
HEAT_3_SP=-20.0
HEAT_4_TEMP=29
HEAT_4_DUTY=0
HEAT_4_SP=-20.0
MOTOR_ANGLE=0.0
MOTOR_ACCUM=0.0
MOTOR_ROT=0

[16:04:34.068 EBOX]
TS=1786879590.988
V_SENSE5=1.25
V_SENSE9=0.07568359375
V_SENSE12=0.14404296875
ADC_V5=4.9029541015625
ADC_V9=9.44305419921875
ADC_V12=11.65557861328125
ADC_V28=29.40887451171875
THERMAL_SENS_OUT_1=26
THERMAL_SENS_OUT_2=-50
THERMAL_SENS_OUT_3=24
THERMAL_SENS_OUT_4=24
THERMAL_SENS_OUT_5=27
THERMAL_SENS_OUT_6=-50
THERMAL_SENS_INT_1=23
THERMAL_SENS_INT_2=23
PG_5=0
PG_9=0
PG_12=0
FLT_P2=0
FLT_P3=0
HEAT_1_TEMP=26
HEAT_1_DUTY=0
HEAT_1_SP=-20.0
HEAT_2_TEMP=24
HEAT_2_DUTY=0
HEAT_2_SP=-20.0
HEAT_3_TEMP=24
HEAT_3_DUTY=0
HEAT_3_SP=-20.0
HEAT_4_TEMP=27
HEAT_4_DUTY=0
HEAT_4_SP=-20.0
MOTOR_ANGLE=0.0
MOTOR_ACCUM=0.0
MOTOR_ROT=0

[16:04:36.003 EBOX]
TS=1786879592.989
V_SENSE5=1.2353515625
V_SENSE9=0.0390625
V_SENSE12=0.13916015625
ADC_V5=4.85870361328125
ADC_V9=9.522705078125
ADC_V12=11.6998291015625
ADC_V28=29.70977783203125
THERMAL_SENS_OUT_1=23
THERMAL_SENS_OUT_2=-50
THERMAL_SENS_OUT_3=24
THERMAL_SENS_OUT_4=24
THERMAL_SENS_OUT_5=27
THERMAL_SENS_OUT_6=-50
THERMAL_SENS_INT_1=26
THERMAL_SENS_INT_2=25
PG_5=0
PG_9=0
PG_12=0
FLT_P2=0
FLT_P3=0
HEAT_1_TEMP=23
HEAT_1_DUTY=0
HEAT_1_SP=-20.0
HEAT_2_TEMP=24
HEAT_2_DUTY=0
HEAT_2_SP=-20.0
HEAT_3_TEMP=24
HEAT_3_DUTY=0
HEAT_3_SP=-20.0
HEAT_4_TEMP=27
HEAT_4_DUTY=0
HEAT_4_SP=-20.0
MOTOR_ANGLE=0.0
MOTOR_ACCUM=0.0
MOTOR_ROT=0

[16:04:38.083 EBOX]
TS=1786879594.991
V_SENSE5=1.162109375
V_SENSE9=0.03662109375
V_SENSE12=0.16845703125
ADC_V5=4.9737548828125
ADC_V9=9.3988037109375
ADC_V12=11.82373046875
ADC_V28=29.16107177734375
THERMAL_SENS_OUT_1=23
THERMAL_SENS_OUT_2=-50
THERMAL_SENS_OUT_3=24
THERMAL_SENS_OUT_4=27
THERMAL_SENS_OUT_5=26
THERMAL_SENS_OUT_6=-50
THERMAL_SENS_INT_1=23
THERMAL_SENS_INT_2=25
PG_5=0
PG_9=0
PG_12=0
FLT_P2=0
FLT_P3=0
HEAT_1_TEMP=23
HEAT_1_DUTY=0
HEAT_1_SP=-20.0
HEAT_2_TEMP=24
HEAT_2_DUTY=0
HEAT_2_SP=-20.0
HEAT_3_TEMP=27
HEAT_3_DUTY=0
HEAT_3_SP=-20.0
HEAT_4_TEMP=26
HEAT_4_DUTY=0
HEAT_4_SP=-20.0
MOTOR_ANGLE=0.0
MOTOR_ACCUM=0.0
MOTOR_ROT=0

[16:04:39.959 EBOX]
TS=1786879596.993
V_SENSE5=1.48681640625
V_SENSE9=0.0341796875
V_SENSE12=0.1416015625
ADC_V5=4.991455078125
ADC_V9=9.15985107421875
ADC_V12=11.7352294921875
ADC_V28=29.94873046875
THERMAL_SENS_OUT_1=21
THERMAL_SENS_OUT_2=-50
THERMAL_SENS_OUT_3=23
THERMAL_SENS_OUT_4=26
THERMAL_SENS_OUT_5=25
THERMAL_SENS_OUT_6=-50
THERMAL_SENS_INT_1=24
THERMAL_SENS_INT_2=28
PG_5=0
PG_9=0
PG_12=0
FLT_P2=0
FLT_P3=0
HEAT_1_TEMP=21
HEAT_1_DUTY=0
HEAT_1_SP=-20.0
HEAT_2_TEMP=23
HEAT_2_DUTY=0
HEAT_2_SP=-20.0
HEAT_3_TEMP=26
HEAT_3_DUTY=0
HEAT_3_SP=-20.0
HEAT_4_TEMP=25
HEAT_4_DUTY=0
HEAT_4_SP=-20.0
MOTOR_ANGLE=0.0
MOTOR_ACCUM=0.0
MOTOR_ROT=0

[16:04:42.026 EBOX]
TS=1786879598.995
V_SENSE5=1.142578125
V_SENSE9=0.0341796875
V_SENSE12=0.15625
ADC_V5=4.9737548828125
ADC_V9=8.99169921875
ADC_V12=11.788330078125
ADC_V28=29.1168212890625
THERMAL_SENS_OUT_1=22
THERMAL_SENS_OUT_2=-50
THERMAL_SENS_OUT_3=28
THERMAL_SENS_OUT_4=23
THERMAL_SENS_OUT_5=30
THERMAL_SENS_OUT_6=-50
THERMAL_SENS_INT_1=27
THERMAL_SENS_INT_2=24
PG_5=0
PG_9=0
PG_12=0
FLT_P2=0
FLT_P3=0
HEAT_1_TEMP=22
HEAT_1_DUTY=0
HEAT_1_SP=-20.0
HEAT_2_TEMP=28
HEAT_2_DUTY=0
HEAT_2_SP=-20.0
HEAT_3_TEMP=23
HEAT_3_DUTY=0
HEAT_3_SP=-20.0
HEAT_4_TEMP=30
HEAT_4_DUTY=0
HEAT_4_SP=-20.0
MOTOR_ANGLE=0.0
MOTOR_ACCUM=0.0
MOTOR_ROT=0

[16:04:44.081 EBOX]
TS=1786879600.996
V_SENSE5=1.4013671875
V_SENSE9=0.0341796875
V_SENSE12=0.126953125
ADC_V5=4.9737548828125
ADC_V9=9.44305419921875
ADC_V12=11.8414306640625
ADC_V28=29.78057861328125
THERMAL_SENS_OUT_1=22
THERMAL_SENS_OUT_2=-50
THERMAL_SENS_OUT_3=29
THERMAL_SENS_OUT_4=22
THERMAL_SENS_OUT_5=25
THERMAL_SENS_OUT_6=-50
THERMAL_SENS_INT_1=26
THERMAL_SENS_INT_2=25
PG_5=0
PG_9=0
PG_12=0
FLT_P2=0
FLT_P3=0
HEAT_1_TEMP=22
HEAT_1_DUTY=0
HEAT_1_SP=-20.0
HEAT_2_TEMP=29
HEAT_2_DUTY=0
HEAT_2_SP=-20.0
HEAT_3_TEMP=22
HEAT_3_DUTY=0
HEAT_3_SP=-20.0
HEAT_4_TEMP=25
HEAT_4_DUTY=0
HEAT_4_SP=-20.0
MOTOR_ANGLE=0.0
MOTOR_ACCUM=0.0
MOTOR_ROT=0

[16:04:46.086 EBOX]
TS=1786879602.999
V_SENSE5=1.259765625
V_SENSE9=0.03173828125
V_SENSE12=0.12939453125
ADC_V5=5.00030517578125
ADC_V9=9.44305419921875
ADC_V12=11.85028076171875
ADC_V28=29.32037353515625
THERMAL_SENS_OUT_1=22
THERMAL_SENS_OUT_2=-50
THERMAL_SENS_OUT_3=24
THERMAL_SENS_OUT_4=27
THERMAL_SENS_OUT_5=27
THERMAL_SENS_OUT_6=-50
THERMAL_SENS_INT_1=23
THERMAL_SENS_INT_2=27
PG_5=0
PG_9=0
PG_12=0
FLT_P2=0
FLT_P3=0
HEAT_1_TEMP=22
HEAT_1_DUTY=0
HEAT_1_SP=-20.0
HEAT_2_TEMP=24
HEAT_2_DUTY=0
HEAT_2_SP=-20.0
HEAT_3_TEMP=27
HEAT_3_DUTY=0
HEAT_3_SP=-20.0
HEAT_4_TEMP=27
HEAT_4_DUTY=0
HEAT_4_SP=-20.0
MOTOR_ANGLE=0.0
MOTOR_ACCUM=0.0
MOTOR_ROT=0

[16:04:48.111 EBOX]
TS=1786879605.007
V_SENSE5=1.0546875
V_SENSE9=0.0341796875
V_SENSE12=0.1171875
ADC_V5=4.8321533203125
ADC_V9=9.00054931640625
ADC_V12=11.86798095703125
ADC_V28=29.81597900390625
THERMAL_SENS_OUT_1=21
THERMAL_SENS_OUT_2=-50
THERMAL_SENS_OUT_3=25
THERMAL_SENS_OUT_4=22
THERMAL_SENS_OUT_5=29
THERMAL_SENS_OUT_6=-50
THERMAL_SENS_INT_1=29
THERMAL_SENS_INT_2=23
PG_5=0
PG_9=0
PG_12=0
FLT_P2=0
FLT_P3=0
HEAT_1_TEMP=21
HEAT_1_DUTY=0
HEAT_1_SP=-20.0
HEAT_2_TEMP=25
HEAT_2_DUTY=0
HEAT_2_SP=-20.0
HEAT_3_TEMP=22
HEAT_3_DUTY=0
HEAT_3_SP=-20.0
HEAT_4_TEMP=29
HEAT_4_DUTY=0
HEAT_4_SP=-20.0
MOTOR_ANGLE=0.0
MOTOR_ACCUM=0.0
MOTOR_ROT=0

[16:04:50.070 EBOX]
TS=1786879607.008
V_SENSE5=1.435546875
V_SENSE9=0.04150390625
V_SENSE12=0.1171875
ADC_V5=4.98260498046875
ADC_V9=9.19525146484375
ADC_V12=11.99188232421875
ADC_V28=29.58587646484375
THERMAL_SENS_OUT_1=24
THERMAL_SENS_OUT_2=-50
THERMAL_SENS_OUT_3=25
THERMAL_SENS_OUT_4=27
THERMAL_SENS_OUT_5=27
THERMAL_SENS_OUT_6=-50
THERMAL_SENS_INT_1=26
THERMAL_SENS_INT_2=26
PG_5=0
PG_9=0
PG_12=0
FLT_P2=0
FLT_P3=0
HEAT_1_TEMP=24
HEAT_1_DUTY=0
HEAT_1_SP=-20.0
HEAT_2_TEMP=25
HEAT_2_DUTY=0
HEAT_2_SP=-20.0
HEAT_3_TEMP=27
HEAT_3_DUTY=0
HEAT_3_SP=-20.0
HEAT_4_TEMP=27
HEAT_4_DUTY=0
HEAT_4_SP=-20.0
MOTOR_ANGLE=0.0
MOTOR_ACCUM=0.0
MOTOR_ROT=0

[16:04:52.093 EBOX]
TS=1786879609.005
V_SENSE5=1.21826171875
V_SENSE9=0.0341796875
V_SENSE12=0.1513671875
ADC_V5=4.920654296875
ADC_V9=9.0447998046875
ADC_V12=11.90338134765625
ADC_V28=30.01068115234375
THERMAL_SENS_OUT_1=21
THERMAL_SENS_OUT_2=-50
THERMAL_SENS_OUT_3=26
THERMAL_SENS_OUT_4=24
THERMAL_SENS_OUT_5=28
THERMAL_SENS_OUT_6=-50
THERMAL_SENS_INT_1=27
THERMAL_SENS_INT_2=23
PG_5=0
PG_9=0
PG_12=0
FLT_P2=0
FLT_P3=0
HEAT_1_TEMP=21
HEAT_1_DUTY=0
HEAT_1_SP=-20.0
HEAT_2_TEMP=26
HEAT_2_DUTY=0
HEAT_2_SP=-20.0
HEAT_3_TEMP=24
HEAT_3_DUTY=0
HEAT_3_SP=-20.0
HEAT_4_TEMP=28
HEAT_4_DUTY=0
HEAT_4_SP=-20.0
MOTOR_ANGLE=0.0
MOTOR_ACCUM=0.0
MOTOR_ROT=0

[16:04:54.037 EBOX]
TS=1786879611.005
V_SENSE5=1.10595703125
V_SENSE9=0.0390625
V_SENSE12=0.12451171875
ADC_V5=4.9737548828125
ADC_V9=9.17755126953125
ADC_V12=11.7706298828125
ADC_V28=29.23187255859375
THERMAL_SENS_OUT_1=22
THERMAL_SENS_OUT_2=-50
THERMAL_SENS_OUT_3=24
THERMAL_SENS_OUT_4=24
THERMAL_SENS_OUT_5=29
THERMAL_SENS_OUT_6=-50
THERMAL_SENS_INT_1=25
THERMAL_SENS_INT_2=22
PG_5=0
PG_9=0
PG_12=0
FLT_P2=0
FLT_P3=0
HEAT_1_TEMP=22
HEAT_1_DUTY=0
HEAT_1_SP=-20.0
HEAT_2_TEMP=24
HEAT_2_DUTY=0
HEAT_2_SP=-20.0
HEAT_3_TEMP=24
HEAT_3_DUTY=0
HEAT_3_SP=-20.0
HEAT_4_TEMP=29
HEAT_4_DUTY=0
HEAT_4_SP=-20.0
MOTOR_ANGLE=0.0
MOTOR_ACCUM=0.0
MOTOR_ROT=0

[16:04:56.063 EBOX]
TS=1786879613.006
V_SENSE5=1.1865234375
V_SENSE9=0.04150390625
V_SENSE12=0.13671875
ADC_V5=4.8675537109375
ADC_V9=9.65545654296875
ADC_V12=11.72637939453125
ADC_V28=29.60357666015625
THERMAL_SENS_OUT_1=22
THERMAL_SENS_OUT_2=-50
THERMAL_SENS_OUT_3=28
THERMAL_SENS_OUT_4=23
THERMAL_SENS_OUT_5=31
THERMAL_SENS_OUT_6=-50
THERMAL_SENS_INT_1=23
THERMAL_SENS_INT_2=28
PG_5=0
PG_9=0
PG_12=0
FLT_P2=0
FLT_P3=0
HEAT_1_TEMP=22
HEAT_1_DUTY=0
HEAT_1_SP=-20.0
HEAT_2_TEMP=28
HEAT_2_DUTY=0
HEAT_2_SP=-20.0
HEAT_3_TEMP=23
HEAT_3_DUTY=0
HEAT_3_SP=-20.0
HEAT_4_TEMP=31
HEAT_4_DUTY=0
HEAT_4_SP=-20.0
MOTOR_ANGLE=0.0
MOTOR_ACCUM=0.0
MOTOR_ROT=0

[16:04:58.091 EBOX]
TS=1786879615.009
V_SENSE5=1.1181640625
V_SENSE9=0.0390625
V_SENSE12=0.14404296875
ADC_V5=5.01800537109375
ADC_V9=9.72625732421875
ADC_V12=11.85028076171875
ADC_V28=29.24957275390625
THERMAL_SENS_OUT_1=27
THERMAL_SENS_OUT_2=-50
THERMAL_SENS_OUT_3=23
THERMAL_SENS_OUT_4=24
THERMAL_SENS_OUT_5=28
THERMAL_SENS_OUT_6=-50
THERMAL_SENS_INT_1=26
THERMAL_SENS_INT_2=22
PG_5=0
PG_9=0
PG_12=0
FLT_P2=0
FLT_P3=0
HEAT_1_TEMP=27
HEAT_1_DUTY=0
HEAT_1_SP=-20.0
HEAT_2_TEMP=23
HEAT_2_DUTY=0
HEAT_2_SP=-20.0
HEAT_3_TEMP=24
HEAT_3_DUTY=0
HEAT_3_SP=-20.0
HEAT_4_TEMP=28
HEAT_4_DUTY=0
HEAT_4_SP=-20.0
MOTOR_ANGLE=0.0
MOTOR_ACCUM=0.0
MOTOR_ROT=0

[16:05:00.136 EBOX]
TS=1786879617.010
V_SENSE5=1.1279296875
V_SENSE9=0.0390625
V_SENSE12=0.13916015625
ADC_V5=5.0091552734375
ADC_V9=8.9385986328125
ADC_V12=11.7529296875
ADC_V28=30.09033203125
THERMAL_SENS_OUT_1=22
THERMAL_SENS_OUT_2=-50
THERMAL_SENS_OUT_3=28
THERMAL_SENS_OUT_4=24
THERMAL_SENS_OUT_5=30
THERMAL_SENS_OUT_6=-50
THERMAL_SENS_INT_1=27
THERMAL_SENS_INT_2=23
PG_5=0
PG_9=0
PG_12=0
FLT_P2=0
FLT_P3=0
HEAT_1_TEMP=22
HEAT_1_DUTY=0
HEAT_1_SP=-20.0
HEAT_2_TEMP=28
HEAT_2_DUTY=0
HEAT_2_SP=-20.0
HEAT_3_TEMP=24
HEAT_3_DUTY=0
HEAT_3_SP=-20.0
HEAT_4_TEMP=30
HEAT_4_DUTY=0
HEAT_4_SP=-20.0
MOTOR_ANGLE=0.0
MOTOR_ACCUM=0.0
MOTOR_ROT=0

[16:05:02.111 EBOX]
TS=1786879619.024
V_SENSE5=1.2353515625
V_SENSE9=0.0341796875
V_SENSE12=0.15380859375
ADC_V5=4.9029541015625
ADC_V9=8.85009765625
ADC_V12=11.9476318359375
ADC_V28=29.76287841796875
THERMAL_SENS_OUT_1=21
THERMAL_SENS_OUT_2=-50
THERMAL_SENS_OUT_3=25
THERMAL_SENS_OUT_4=28
THERMAL_SENS_OUT_5=25
THERMAL_SENS_OUT_6=-50
THERMAL_SENS_INT_1=24
THERMAL_SENS_INT_2=29
PG_5=0
PG_9=0
PG_12=0
FLT_P2=0
FLT_P3=0
HEAT_1_TEMP=21
HEAT_1_DUTY=0
HEAT_1_SP=-20.0
HEAT_2_TEMP=25
HEAT_2_DUTY=0
HEAT_2_SP=-20.0
HEAT_3_TEMP=28
HEAT_3_DUTY=0
HEAT_3_SP=-20.0
HEAT_4_TEMP=25
HEAT_4_DUTY=0
HEAT_4_SP=-20.0
MOTOR_ANGLE=0.0
MOTOR_ACCUM=0.0
MOTOR_ROT=0

[16:05:04.082 EBOX]
TS=1786879621.016
V_SENSE5=1.240234375
V_SENSE9=0.0390625
V_SENSE12=0.126953125
ADC_V5=5.00030517578125
ADC_V9=9.14215087890625
ADC_V12=11.611328125
ADC_V28=30.1080322265625
THERMAL_SENS_OUT_1=23
THERMAL_SENS_OUT_2=-50
THERMAL_SENS_OUT_3=28
THERMAL_SENS_OUT_4=23
THERMAL_SENS_OUT_5=30
THERMAL_SENS_OUT_6=-50
THERMAL_SENS_INT_1=28
THERMAL_SENS_INT_2=25
PG_5=0
PG_9=0
PG_12=0
FLT_P2=0
FLT_P3=0
HEAT_1_TEMP=23
HEAT_1_DUTY=0
HEAT_1_SP=-20.0
HEAT_2_TEMP=28
HEAT_2_DUTY=0
HEAT_2_SP=-20.0
HEAT_3_TEMP=23
HEAT_3_DUTY=0
HEAT_3_SP=-20.0
HEAT_4_TEMP=30
HEAT_4_DUTY=0
HEAT_4_SP=-20.0
MOTOR_ANGLE=0.0
MOTOR_ACCUM=0.0
MOTOR_ROT=0

[16:05:06.136 EBOX]
TS=1786879623.017
V_SENSE5=1.1962890625
V_SENSE9=0.03662109375
V_SENSE12=0.1220703125
ADC_V5=4.991455078125
ADC_V9=9.35455322265625
ADC_V12=11.9122314453125
ADC_V28=29.40887451171875
THERMAL_SENS_OUT_1=21
THERMAL_SENS_OUT_2=-50
THERMAL_SENS_OUT_3=26
THERMAL_SENS_OUT_4=23
THERMAL_SENS_OUT_5=26
THERMAL_SENS_OUT_6=-50
THERMAL_SENS_INT_1=26
THERMAL_SENS_INT_2=23
PG_5=0
PG_9=0
PG_12=0
FLT_P2=0
FLT_P3=0
HEAT_1_TEMP=21
HEAT_1_DUTY=0
HEAT_1_SP=-20.0
HEAT_2_TEMP=26
HEAT_2_DUTY=0
HEAT_2_SP=-20.0
HEAT_3_TEMP=23
HEAT_3_DUTY=0
HEAT_3_SP=-20.0
HEAT_4_TEMP=26
HEAT_4_DUTY=0
HEAT_4_SP=-20.0
MOTOR_ANGLE=0.0
MOTOR_ACCUM=0.0
MOTOR_ROT=0

[16:05:08.080 EBOX]
TS=1786879625.020
V_SENSE5=1.1767578125
V_SENSE9=0.03662109375
V_SENSE12=0.146484375
ADC_V5=5.00030517578125
ADC_V9=9.28375244140625
ADC_V12=11.929931640625
ADC_V28=29.39117431640625
THERMAL_SENS_OUT_1=22
THERMAL_SENS_OUT_2=-50
THERMAL_SENS_OUT_3=29
THERMAL_SENS_OUT_4=23
THERMAL_SENS_OUT_5=29
THERMAL_SENS_OUT_6=-50
THERMAL_SENS_INT_1=23
THERMAL_SENS_INT_2=24
PG_5=0
PG_9=0
PG_12=0
FLT_P2=0
FLT_P3=0
HEAT_1_TEMP=22
HEAT_1_DUTY=0
HEAT_1_SP=-20.0
HEAT_2_TEMP=29
HEAT_2_DUTY=0
HEAT_2_SP=-20.0
HEAT_3_TEMP=23
HEAT_3_DUTY=0
HEAT_3_SP=-20.0
HEAT_4_TEMP=29
HEAT_4_DUTY=0
HEAT_4_SP=-20.0
MOTOR_ANGLE=0.0
MOTOR_ACCUM=0.0
MOTOR_ROT=0

[16:05:10.103 EBOX]
TS=1786879627.021
V_SENSE5=1.15234375
V_SENSE9=0.07568359375
V_SENSE12=0.1416015625
ADC_V5=4.991455078125
ADC_V9=9.2572021484375
ADC_V12=11.90338134765625
ADC_V28=29.8602294921875
THERMAL_SENS_OUT_1=23
THERMAL_SENS_OUT_2=-50
THERMAL_SENS_OUT_3=25
THERMAL_SENS_OUT_4=28
THERMAL_SENS_OUT_5=31
THERMAL_SENS_OUT_6=-50
THERMAL_SENS_INT_1=24
THERMAL_SENS_INT_2=26
PG_5=0
PG_9=0
PG_12=0
FLT_P2=0
FLT_P3=0
HEAT_1_TEMP=23
HEAT_1_DUTY=0
HEAT_1_SP=-20.0
HEAT_2_TEMP=25
HEAT_2_DUTY=0
HEAT_2_SP=-20.0
HEAT_3_TEMP=28
HEAT_3_DUTY=0
HEAT_3_SP=-20.0
HEAT_4_TEMP=31
HEAT_4_DUTY=0
HEAT_4_SP=-20.0
MOTOR_ANGLE=0.0
MOTOR_ACCUM=0.0
MOTOR_ROT=0

[16:05:12.093 EBOX]
TS=1786879629.023
V_SENSE5=1.27685546875
V_SENSE9=0.0390625
V_SENSE12=0.15625
ADC_V5=4.991455078125
ADC_V9=9.345703125
ADC_V12=11.575927734375
ADC_V28=29.771728515625
THERMAL_SENS_OUT_1=25
THERMAL_SENS_OUT_2=-50
THERMAL_SENS_OUT_3=25
THERMAL_SENS_OUT_4=27
THERMAL_SENS_OUT_5=27
THERMAL_SENS_OUT_6=-50
THERMAL_SENS_INT_1=23
THERMAL_SENS_INT_2=27
PG_5=0
PG_9=0
PG_12=0
FLT_P2=0
FLT_P3=0
HEAT_1_TEMP=25
HEAT_1_DUTY=0
HEAT_1_SP=-20.0
HEAT_2_TEMP=25
HEAT_2_DUTY=0
HEAT_2_SP=-20.0
HEAT_3_TEMP=27
HEAT_3_DUTY=0
HEAT_3_SP=-20.0
HEAT_4_TEMP=27
HEAT_4_DUTY=0
HEAT_4_SP=-20.0
MOTOR_ANGLE=0.0
MOTOR_ACCUM=0.0
MOTOR_ROT=0

[16:05:14.123 EBOX]
TS=1786879631.025
V_SENSE5=1.24267578125
V_SENSE9=0.03173828125
V_SENSE12=0.1171875
ADC_V5=4.92950439453125
ADC_V9=9.5404052734375
ADC_V12=11.99188232421875
ADC_V28=29.80712890625
THERMAL_SENS_OUT_1=26
THERMAL_SENS_OUT_2=-50
THERMAL_SENS_OUT_3=29
THERMAL_SENS_OUT_4=27
THERMAL_SENS_OUT_5=27
THERMAL_SENS_OUT_6=-50
THERMAL_SENS_INT_1=27
THERMAL_SENS_INT_2=23
PG_5=0
PG_9=0
PG_12=0
FLT_P2=0
FLT_P3=0
HEAT_1_TEMP=26
HEAT_1_DUTY=0
HEAT_1_SP=-20.0
HEAT_2_TEMP=29
HEAT_2_DUTY=0
HEAT_2_SP=-20.0
HEAT_3_TEMP=27
HEAT_3_DUTY=0
HEAT_3_SP=-20.0
HEAT_4_TEMP=27
HEAT_4_DUTY=0
HEAT_4_SP=-20.0
MOTOR_ANGLE=0.0
MOTOR_ACCUM=0.0
MOTOR_ROT=0

[16:05:16.151 EBOX]
TS=1786879633.033
V_SENSE5=1.142578125
V_SENSE9=0.05615234375
V_SENSE12=0.1318359375
ADC_V5=4.991455078125
ADC_V9=9.33685302734375
ADC_V12=11.81488037109375
ADC_V28=29.42657470703125
THERMAL_SENS_OUT_1=21
THERMAL_SENS_OUT_2=-50
THERMAL_SENS_OUT_3=30
THERMAL_SENS_OUT_4=22
THERMAL_SENS_OUT_5=27
THERMAL_SENS_OUT_6=-50
THERMAL_SENS_INT_1=27
THERMAL_SENS_INT_2=26
PG_5=0
PG_9=0
PG_12=0
FLT_P2=0
FLT_P3=0
HEAT_1_TEMP=21
HEAT_1_DUTY=0
HEAT_1_SP=-20.0
HEAT_2_TEMP=30
HEAT_2_DUTY=0
HEAT_2_SP=-20.0
HEAT_3_TEMP=22
HEAT_3_DUTY=0
HEAT_3_SP=-20.0
HEAT_4_TEMP=27
HEAT_4_DUTY=0
HEAT_4_SP=-20.0
MOTOR_ANGLE=0.0
MOTOR_ACCUM=0.0
MOTOR_ROT=0

[16:05:18.180 EBOX]
TS=1786879635.029
V_SENSE5=1.2158203125
V_SENSE9=0.05126953125
V_SENSE12=0.1123046875
ADC_V5=4.9560546875
ADC_V9=9.593505859375
ADC_V12=11.6290283203125
ADC_V28=30.01068115234375
THERMAL_SENS_OUT_1=24
THERMAL_SENS_OUT_2=-50
THERMAL_SENS_OUT_3=29
THERMAL_SENS_OUT_4=26
THERMAL_SENS_OUT_5=26
THERMAL_SENS_OUT_6=-50
THERMAL_SENS_INT_1=24
THERMAL_SENS_INT_2=28
PG_5=0
PG_9=0
PG_12=0
FLT_P2=0
FLT_P3=0
HEAT_1_TEMP=24
HEAT_1_DUTY=0
HEAT_1_SP=-20.0
HEAT_2_TEMP=29
HEAT_2_DUTY=0
HEAT_2_SP=-20.0
HEAT_3_TEMP=26
HEAT_3_DUTY=0
HEAT_3_SP=-20.0
HEAT_4_TEMP=26
HEAT_4_DUTY=0
HEAT_4_SP=-20.0
MOTOR_ANGLE=0.0
MOTOR_ACCUM=0.0
MOTOR_ROT=0

[16:05:20.107 EBOX]
TS=1786879637.030
V_SENSE5=1.15966796875
V_SENSE9=0.0341796875
V_SENSE12=0.1318359375
ADC_V5=4.92950439453125
ADC_V9=9.4696044921875
ADC_V12=11.89453125
ADC_V28=29.30267333984375
THERMAL_SENS_OUT_1=22
THERMAL_SENS_OUT_2=-50
THERMAL_SENS_OUT_3=25
THERMAL_SENS_OUT_4=28
THERMAL_SENS_OUT_5=28
THERMAL_SENS_OUT_6=-50
THERMAL_SENS_INT_1=28
THERMAL_SENS_INT_2=23
PG_5=0
PG_9=0
PG_12=0
FLT_P2=0
FLT_P3=0
HEAT_1_TEMP=22
HEAT_1_DUTY=0
HEAT_1_SP=-20.0
HEAT_2_TEMP=25
HEAT_2_DUTY=0
HEAT_2_SP=-20.0
HEAT_3_TEMP=28
HEAT_3_DUTY=0
HEAT_3_SP=-20.0
HEAT_4_TEMP=28
HEAT_4_DUTY=0
HEAT_4_SP=-20.0
MOTOR_ANGLE=0.0
MOTOR_ACCUM=0.0
MOTOR_ROT=0

[16:05:22.137 EBOX]
TS=1786879639.032
V_SENSE5=1.30859375
V_SENSE9=0.0390625
V_SENSE12=0.1416015625
ADC_V5=4.9737548828125
ADC_V9=9.6820068359375
ADC_V12=11.67327880859375
ADC_V28=29.5770263671875
THERMAL_SENS_OUT_1=22
THERMAL_SENS_OUT_2=-50
THERMAL_SENS_OUT_3=28
THERMAL_SENS_OUT_4=23
THERMAL_SENS_OUT_5=31
THERMAL_SENS_OUT_6=-50
THERMAL_SENS_INT_1=28
THERMAL_SENS_INT_2=25
PG_5=0
PG_9=0
PG_12=0
FLT_P2=0
FLT_P3=0
HEAT_1_TEMP=22
HEAT_1_DUTY=0
HEAT_1_SP=-20.0
HEAT_2_TEMP=28
HEAT_2_DUTY=0
HEAT_2_SP=-20.0
HEAT_3_TEMP=23
HEAT_3_DUTY=0
HEAT_3_SP=-20.0
HEAT_4_TEMP=31
HEAT_4_DUTY=0
HEAT_4_SP=-20.0
MOTOR_ANGLE=0.0
MOTOR_ACCUM=0.0
MOTOR_ROT=0

[16:05:24.169 EBOX]
TS=1786879641.035
V_SENSE5=1.24755859375
V_SENSE9=0.0390625
V_SENSE12=0.1171875
ADC_V5=4.991455078125
ADC_V9=8.78814697265625
ADC_V12=11.92108154296875
ADC_V28=29.37347412109375
THERMAL_SENS_OUT_1=26
THERMAL_SENS_OUT_2=-50
THERMAL_SENS_OUT_3=26
THERMAL_SENS_OUT_4=25
THERMAL_SENS_OUT_5=27
THERMAL_SENS_OUT_6=-50
THERMAL_SENS_INT_1=27
THERMAL_SENS_INT_2=25
PG_5=0
PG_9=0
PG_12=0
FLT_P2=0
FLT_P3=0
HEAT_1_TEMP=26
HEAT_1_DUTY=0
HEAT_1_SP=-20.0
HEAT_2_TEMP=26
HEAT_2_DUTY=0
HEAT_2_SP=-20.0
HEAT_3_TEMP=25
HEAT_3_DUTY=0
HEAT_3_SP=-20.0
HEAT_4_TEMP=27
HEAT_4_DUTY=0
HEAT_4_SP=-20.0
MOTOR_ANGLE=0.0
MOTOR_ACCUM=0.0
MOTOR_ROT=0

[16:05:26.220 EBOX]
TS=1786879643.037
V_SENSE5=1.1865234375
V_SENSE9=0.03173828125
V_SENSE12=0.13671875
ADC_V5=4.9029541015625
ADC_V9=9.08905029296875
ADC_V12=11.7352294921875
ADC_V28=29.66552734375
THERMAL_SENS_OUT_1=24
THERMAL_SENS_OUT_2=-50
THERMAL_SENS_OUT_3=25
THERMAL_SENS_OUT_4=27
THERMAL_SENS_OUT_5=27
THERMAL_SENS_OUT_6=-50
THERMAL_SENS_INT_1=26
THERMAL_SENS_INT_2=26
PG_5=0
PG_9=0
PG_12=0
FLT_P2=0
FLT_P3=0
HEAT_1_TEMP=24
HEAT_1_DUTY=0
HEAT_1_SP=-20.0
HEAT_2_TEMP=25
HEAT_2_DUTY=0
HEAT_2_SP=-20.0
HEAT_3_TEMP=27
HEAT_3_DUTY=0
HEAT_3_SP=-20.0
HEAT_4_TEMP=27
HEAT_4_DUTY=0
HEAT_4_SP=-20.0
MOTOR_ANGLE=0.0
MOTOR_ACCUM=0.0
MOTOR_ROT=0

[16:05:28.189 EBOX]
TS=1786879645.042
V_SENSE5=1.11328125
V_SENSE9=0.03662109375
V_SENSE12=0.12939453125
ADC_V5=4.89410400390625
ADC_V9=8.7615966796875
ADC_V12=11.929931640625
ADC_V28=29.5770263671875
THERMAL_SENS_OUT_1=28
THERMAL_SENS_OUT_2=-50
THERMAL_SENS_OUT_3=25
THERMAL_SENS_OUT_4=23
THERMAL_SENS_OUT_5=31
THERMAL_SENS_OUT_6=-50
THERMAL_SENS_INT_1=25
THERMAL_SENS_INT_2=28
PG_5=0
PG_9=0
PG_12=0
FLT_P2=0
FLT_P3=0
HEAT_1_TEMP=28
HEAT_1_DUTY=0
HEAT_1_SP=-20.0
HEAT_2_TEMP=25
HEAT_2_DUTY=0
HEAT_2_SP=-20.0
HEAT_3_TEMP=23
HEAT_3_DUTY=0
HEAT_3_SP=-20.0
HEAT_4_TEMP=31
HEAT_4_DUTY=0
HEAT_4_SP=-20.0
MOTOR_ANGLE=0.0
MOTOR_ACCUM=0.0
MOTOR_ROT=0

[16:05:30.118 EBOX]
TS=1786879647.043
V_SENSE5=1.29150390625
V_SENSE9=0.0390625
V_SENSE12=0.13916015625
ADC_V5=5.08880615234375
ADC_V9=8.9208984375
ADC_V12=11.79718017578125
ADC_V28=29.5770263671875
THERMAL_SENS_OUT_1=23
THERMAL_SENS_OUT_2=-50
THERMAL_SENS_OUT_3=26
THERMAL_SENS_OUT_4=26
THERMAL_SENS_OUT_5=30
THERMAL_SENS_OUT_6=-50
THERMAL_SENS_INT_1=27
THERMAL_SENS_INT_2=26
PG_5=0
PG_9=0
PG_12=0
FLT_P2=0
FLT_P3=0
HEAT_1_TEMP=23
HEAT_1_DUTY=0
HEAT_1_SP=-20.0
HEAT_2_TEMP=26
HEAT_2_DUTY=0
HEAT_2_SP=-20.0
HEAT_3_TEMP=26
HEAT_3_DUTY=0
HEAT_3_SP=-20.0
HEAT_4_TEMP=30
HEAT_4_DUTY=0
HEAT_4_SP=-20.0
MOTOR_ANGLE=0.0
MOTOR_ACCUM=0.0
MOTOR_ROT=0

[16:05:32.188 EBOX]
TS=1786879649.041
V_SENSE5=1.16455078125
V_SENSE9=0.0390625
V_SENSE12=0.11962890625
ADC_V5=4.98260498046875
ADC_V9=9.097900390625
ADC_V12=11.5936279296875
ADC_V28=29.81597900390625
THERMAL_SENS_OUT_1=23
THERMAL_SENS_OUT_2=-50
THERMAL_SENS_OUT_3=24
THERMAL_SENS_OUT_4=26
THERMAL_SENS_OUT_5=31
THERMAL_SENS_OUT_6=-50
THERMAL_SENS_INT_1=25
THERMAL_SENS_INT_2=26
PG_5=0
PG_9=0
PG_12=0
FLT_P2=0
FLT_P3=0
HEAT_1_TEMP=23
HEAT_1_DUTY=0
HEAT_1_SP=-20.0
HEAT_2_TEMP=24
HEAT_2_DUTY=0
HEAT_2_SP=-20.0
HEAT_3_TEMP=26
HEAT_3_DUTY=0
HEAT_3_SP=-20.0
HEAT_4_TEMP=31
HEAT_4_DUTY=0
HEAT_4_SP=-20.0
MOTOR_ANGLE=0.0
MOTOR_ACCUM=0.0
MOTOR_ROT=0

[16:05:34.119 EBOX]
TS=1786879651.043
V_SENSE5=1.2060546875
V_SENSE9=0.03173828125
V_SENSE12=0.146484375
ADC_V5=4.849853515625
ADC_V9=8.9385986328125
ADC_V12=11.68212890625
ADC_V28=29.5770263671875
THERMAL_SENS_OUT_1=21
THERMAL_SENS_OUT_2=-50
THERMAL_SENS_OUT_3=27
THERMAL_SENS_OUT_4=23
THERMAL_SENS_OUT_5=27
THERMAL_SENS_OUT_6=-50
THERMAL_SENS_INT_1=28
THERMAL_SENS_INT_2=25
PG_5=0
PG_9=0
PG_12=0
FLT_P2=0
FLT_P3=0
HEAT_1_TEMP=21
HEAT_1_DUTY=0
HEAT_1_SP=-20.0
HEAT_2_TEMP=27
HEAT_2_DUTY=0
HEAT_2_SP=-20.0
HEAT_3_TEMP=23
HEAT_3_DUTY=0
HEAT_3_SP=-20.0
HEAT_4_TEMP=27
HEAT_4_DUTY=0
HEAT_4_SP=-20.0
MOTOR_ANGLE=0.0
MOTOR_ACCUM=0.0
MOTOR_ROT=0

[16:05:36.188 EBOX]
TS=1786879653.048
V_SENSE5=1.34765625
V_SENSE9=0.0390625
V_SENSE12=0.1220703125
ADC_V5=4.88525390625
ADC_V9=8.98284912109375
ADC_V12=11.611328125
ADC_V28=30.054931640625
THERMAL_SENS_OUT_1=23
THERMAL_SENS_OUT_2=-50
THERMAL_SENS_OUT_3=24
THERMAL_SENS_OUT_4=27
THERMAL_SENS_OUT_5=27
THERMAL_SENS_OUT_6=-50
THERMAL_SENS_INT_1=26
THERMAL_SENS_INT_2=28
PG_5=0
PG_9=0
PG_12=0
FLT_P2=0
FLT_P3=0
HEAT_1_TEMP=23
HEAT_1_DUTY=0
HEAT_1_SP=-20.0
HEAT_2_TEMP=24
HEAT_2_DUTY=0
HEAT_2_SP=-20.0
HEAT_3_TEMP=27
HEAT_3_DUTY=0
HEAT_3_SP=-20.0
HEAT_4_TEMP=27
HEAT_4_DUTY=0
HEAT_4_SP=-20.0
MOTOR_ANGLE=0.0
MOTOR_ACCUM=0.0
MOTOR_ROT=0

[16:05:38.116 EBOX]
TS=1786879655.052
V_SENSE5=1.09130859375
V_SENSE9=0.0390625
V_SENSE12=0.1611328125
ADC_V5=4.8321533203125
ADC_V9=8.99169921875
ADC_V12=11.83258056640625
ADC_V28=29.90447998046875
THERMAL_SENS_OUT_1=23
THERMAL_SENS_OUT_2=-50
THERMAL_SENS_OUT_3=29
THERMAL_SENS_OUT_4=25
THERMAL_SENS_OUT_5=28
THERMAL_SENS_OUT_6=-50
THERMAL_SENS_INT_1=28
THERMAL_SENS_INT_2=29
PG_5=0
PG_9=0
PG_12=0
FLT_P2=0
FLT_P3=0
HEAT_1_TEMP=23
HEAT_1_DUTY=0
HEAT_1_SP=-20.0
HEAT_2_TEMP=29
HEAT_2_DUTY=0
HEAT_2_SP=-20.0
HEAT_3_TEMP=25
HEAT_3_DUTY=0
HEAT_3_SP=-20.0
HEAT_4_TEMP=28
HEAT_4_DUTY=0
HEAT_4_SP=-20.0
MOTOR_ANGLE=0.0
MOTOR_ACCUM=0.0
MOTOR_ROT=0

[16:05:40.097 EBOX]
TS=1786879657.048
V_SENSE5=1.162109375
V_SENSE9=0.0390625
V_SENSE12=0.1416015625
ADC_V5=5.0091552734375
ADC_V9=9.10675048828125
ADC_V12=11.7352294921875
ADC_V28=29.9310302734375
THERMAL_SENS_OUT_1=26
THERMAL_SENS_OUT_2=-50
THERMAL_SENS_OUT_3=27
THERMAL_SENS_OUT_4=25
THERMAL_SENS_OUT_5=30
THERMAL_SENS_OUT_6=-50
THERMAL_SENS_INT_1=23
THERMAL_SENS_INT_2=27
PG_5=0
PG_9=0
PG_12=0
FLT_P2=0
FLT_P3=0
HEAT_1_TEMP=26
HEAT_1_DUTY=0
HEAT_1_SP=-20.0
HEAT_2_TEMP=27
HEAT_2_DUTY=0
HEAT_2_SP=-20.0
HEAT_3_TEMP=25
HEAT_3_DUTY=0
HEAT_3_SP=-20.0
HEAT_4_TEMP=30
HEAT_4_DUTY=0
HEAT_4_SP=-20.0
MOTOR_ANGLE=0.0
MOTOR_ACCUM=0.0
MOTOR_ROT=0

[16:05:42.126 EBOX]
TS=1786879659.050
V_SENSE5=1.18896484375
V_SENSE9=0.03662109375
V_SENSE12=0.13671875
ADC_V5=4.9560546875
ADC_V9=9.027099609375
ADC_V12=11.8768310546875
ADC_V28=29.19647216796875
THERMAL_SENS_OUT_1=23
THERMAL_SENS_OUT_2=-50
THERMAL_SENS_OUT_3=25
THERMAL_SENS_OUT_4=25
THERMAL_SENS_OUT_5=31
THERMAL_SENS_OUT_6=-50
THERMAL_SENS_INT_1=28
THERMAL_SENS_INT_2=24
PG_5=0
PG_9=0
PG_12=0
FLT_P2=0
FLT_P3=0
HEAT_1_TEMP=23
HEAT_1_DUTY=0
HEAT_1_SP=-20.0
HEAT_2_TEMP=25
HEAT_2_DUTY=0
HEAT_2_SP=-20.0
HEAT_3_TEMP=25
HEAT_3_DUTY=0
HEAT_3_SP=-20.0
HEAT_4_TEMP=31
HEAT_4_DUTY=0
HEAT_4_SP=-20.0
MOTOR_ANGLE=0.0
MOTOR_ACCUM=0.0
MOTOR_ROT=0

[16:05:43.985 EBOX]
TS=1786879661.053
V_SENSE5=1.2353515625
V_SENSE9=0.0390625
V_SENSE12=0.126953125
ADC_V5=4.98260498046875
ADC_V9=9.097900390625
ADC_V12=11.6644287109375
ADC_V28=29.55047607421875
THERMAL_SENS_OUT_1=26
THERMAL_SENS_OUT_2=-50
THERMAL_SENS_OUT_3=26
THERMAL_SENS_OUT_4=23
THERMAL_SENS_OUT_5=29
THERMAL_SENS_OUT_6=-50
THERMAL_SENS_INT_1=25
THERMAL_SENS_INT_2=27
PG_5=0
PG_9=0
PG_12=0
FLT_P2=0
FLT_P3=0
HEAT_1_TEMP=26
HEAT_1_DUTY=0
HEAT_1_SP=-20.0
HEAT_2_TEMP=26
HEAT_2_DUTY=0
HEAT_2_SP=-20.0
HEAT_3_TEMP=23
HEAT_3_DUTY=0
HEAT_3_SP=-20.0
HEAT_4_TEMP=29
HEAT_4_DUTY=0
HEAT_4_SP=-20.0
MOTOR_ANGLE=0.0
MOTOR_ACCUM=0.0
MOTOR_ROT=0

[16:05:46.217 EBOX]
TS=1786879663.053
V_SENSE5=1.12548828125
V_SENSE9=0.0341796875
V_SENSE12=0.12451171875
ADC_V5=4.9383544921875
ADC_V9=8.96514892578125
ADC_V12=11.74407958984375
ADC_V28=29.488525390625
THERMAL_SENS_OUT_1=24
THERMAL_SENS_OUT_2=-50
THERMAL_SENS_OUT_3=24
THERMAL_SENS_OUT_4=26
THERMAL_SENS_OUT_5=29
THERMAL_SENS_OUT_6=-50
THERMAL_SENS_INT_1=24
THERMAL_SENS_INT_2=24
PG_5=0
PG_9=0
PG_12=0
FLT_P2=0
FLT_P3=0
HEAT_1_TEMP=24
HEAT_1_DUTY=0
HEAT_1_SP=-20.0
HEAT_2_TEMP=24
HEAT_2_DUTY=0
HEAT_2_SP=-20.0
HEAT_3_TEMP=26
HEAT_3_DUTY=0
HEAT_3_SP=-20.0
HEAT_4_TEMP=29
HEAT_4_DUTY=0
HEAT_4_SP=-20.0
MOTOR_ANGLE=0.0
MOTOR_ACCUM=0.0
MOTOR_ROT=0

[16:05:48.149 EBOX]
TS=1786879665.056
V_SENSE5=1.318359375
V_SENSE9=0.09521484375
V_SENSE12=0.126953125
ADC_V5=4.92950439453125
ADC_V9=9.0093994140625
ADC_V12=11.7529296875
ADC_V28=29.32037353515625
THERMAL_SENS_OUT_1=22
THERMAL_SENS_OUT_2=-50
THERMAL_SENS_OUT_3=27
THERMAL_SENS_OUT_4=23
THERMAL_SENS_OUT_5=29
THERMAL_SENS_OUT_6=-50
THERMAL_SENS_INT_1=23
THERMAL_SENS_INT_2=26
PG_5=0
PG_9=0
PG_12=0
FLT_P2=0
FLT_P3=0
HEAT_1_TEMP=22
HEAT_1_DUTY=0
HEAT_1_SP=-20.0
HEAT_2_TEMP=27
HEAT_2_DUTY=0
HEAT_2_SP=-20.0
HEAT_3_TEMP=23
HEAT_3_DUTY=0
HEAT_3_SP=-20.0
HEAT_4_TEMP=29
HEAT_4_DUTY=0
HEAT_4_SP=-20.0
MOTOR_ANGLE=0.0
MOTOR_ACCUM=0.0
MOTOR_ROT=0

[16:05:50.180 EBOX]
TS=1786879667.056
V_SENSE5=1.27197265625
V_SENSE9=0.0390625
V_SENSE12=0.14892578125
ADC_V5=5.00030517578125
ADC_V9=9.0447998046875
ADC_V12=11.86798095703125
ADC_V28=29.3292236328125
THERMAL_SENS_OUT_1=22
THERMAL_SENS_OUT_2=-50
THERMAL_SENS_OUT_3=29
THERMAL_SENS_OUT_4=23
THERMAL_SENS_OUT_5=31
THERMAL_SENS_OUT_6=-50
THERMAL_SENS_INT_1=28
THERMAL_SENS_INT_2=25
PG_5=0
PG_9=0
PG_12=0
FLT_P2=0
FLT_P3=0
HEAT_1_TEMP=22
HEAT_1_DUTY=0
HEAT_1_SP=-20.0
HEAT_2_TEMP=29
HEAT_2_DUTY=0
HEAT_2_SP=-20.0
HEAT_3_TEMP=23
HEAT_3_DUTY=0
HEAT_3_SP=-20.0
HEAT_4_TEMP=31
HEAT_4_DUTY=0
HEAT_4_SP=-20.0
MOTOR_ANGLE=0.0
MOTOR_ACCUM=0.0
MOTOR_ROT=0

[16:05:52.314 EBOX]
TS=1786879669.059
V_SENSE5=1.1572265625
V_SENSE9=0.0390625
V_SENSE12=0.146484375
ADC_V5=4.991455078125
ADC_V9=8.99169921875
ADC_V12=11.85028076171875
ADC_V28=30.02838134765625
THERMAL_SENS_OUT_1=26
THERMAL_SENS_OUT_2=-50
THERMAL_SENS_OUT_3=29
THERMAL_SENS_OUT_4=24
THERMAL_SENS_OUT_5=32
THERMAL_SENS_OUT_6=-50
THERMAL_SENS_INT_1=23
THERMAL_SENS_INT_2=25
PG_5=0
PG_9=0
PG_12=0
FLT_P2=0
FLT_P3=0
HEAT_1_TEMP=26
HEAT_1_DUTY=0
HEAT_1_SP=-20.0
HEAT_2_TEMP=29
HEAT_2_DUTY=0
HEAT_2_SP=-20.0
HEAT_3_TEMP=24
HEAT_3_DUTY=0
HEAT_3_SP=-20.0
HEAT_4_TEMP=32
HEAT_4_DUTY=0
HEAT_4_SP=-20.0
MOTOR_ANGLE=0.0
MOTOR_ACCUM=0.0
MOTOR_ROT=0

[16:05:54.050 EBOX]
TS=1786879671.068
V_SENSE5=1.26953125
V_SENSE9=0.03173828125
V_SENSE12=0.146484375
ADC_V5=4.9560546875
ADC_V9=8.99169921875
ADC_V12=11.8414306640625
ADC_V28=29.70977783203125
THERMAL_SENS_OUT_1=24
THERMAL_SENS_OUT_2=-50
THERMAL_SENS_OUT_3=30
THERMAL_SENS_OUT_4=29
THERMAL_SENS_OUT_5=26
THERMAL_SENS_OUT_6=-50
THERMAL_SENS_INT_1=29
THERMAL_SENS_INT_2=24
PG_5=0
PG_9=0
PG_12=0
FLT_P2=0
FLT_P3=0
HEAT_1_TEMP=24
HEAT_1_DUTY=0
HEAT_1_SP=-20.0
HEAT_2_TEMP=30
HEAT_2_DUTY=0
HEAT_2_SP=-20.0
HEAT_3_TEMP=29
HEAT_3_DUTY=0
HEAT_3_SP=-20.0
HEAT_4_TEMP=26
HEAT_4_DUTY=0
HEAT_4_SP=-20.0
MOTOR_ANGLE=0.0
MOTOR_ACCUM=0.0
MOTOR_ROT=0

[16:05:56.182 EBOX]
TS=1786879673.062
V_SENSE5=1.123046875
V_SENSE9=0.03173828125
V_SENSE12=0.13671875
ADC_V5=4.849853515625
ADC_V9=8.82354736328125
ADC_V12=11.69097900390625
ADC_V28=29.63897705078125
THERMAL_SENS_OUT_1=26
THERMAL_SENS_OUT_2=-50
THERMAL_SENS_OUT_3=30
THERMAL_SENS_OUT_4=22
THERMAL_SENS_OUT_5=27
THERMAL_SENS_OUT_6=-50
THERMAL_SENS_INT_1=29
THERMAL_SENS_INT_2=23
PG_5=0
PG_9=0
PG_12=0
FLT_P2=0
FLT_P3=0
HEAT_1_TEMP=26
HEAT_1_DUTY=0
HEAT_1_SP=-20.0
HEAT_2_TEMP=30
HEAT_2_DUTY=0
HEAT_2_SP=-20.0
HEAT_3_TEMP=22
HEAT_3_DUTY=0
HEAT_3_SP=-20.0
HEAT_4_TEMP=27
HEAT_4_DUTY=0
HEAT_4_SP=-20.0
MOTOR_ANGLE=0.0
MOTOR_ACCUM=0.0
MOTOR_ROT=0

[16:05:58.216 EBOX]
TS=1786879675.063
V_SENSE5=1.2841796875
V_SENSE9=0.03173828125
V_SENSE12=0.14892578125
ADC_V5=4.89410400390625
ADC_V9=9.19525146484375
ADC_V12=11.62017822265625
ADC_V28=29.83367919921875
THERMAL_SENS_OUT_1=27
THERMAL_SENS_OUT_2=-50
THERMAL_SENS_OUT_3=28
THERMAL_SENS_OUT_4=22
THERMAL_SENS_OUT_5=29
THERMAL_SENS_OUT_6=-50
THERMAL_SENS_INT_1=25
THERMAL_SENS_INT_2=26
PG_5=0
PG_9=0
PG_12=0
FLT_P2=0
FLT_P3=0
HEAT_1_TEMP=27
HEAT_1_DUTY=0
HEAT_1_SP=-20.0
HEAT_2_TEMP=28
HEAT_2_DUTY=0
HEAT_2_SP=-20.0
HEAT_3_TEMP=22
HEAT_3_DUTY=0
HEAT_3_SP=-20.0
HEAT_4_TEMP=29
HEAT_4_DUTY=0
HEAT_4_SP=-20.0
MOTOR_ANGLE=0.0
MOTOR_ACCUM=0.0
MOTOR_ROT=0

[16:06:00.173 EBOX]
TS=1786879677.067
V_SENSE5=1.22314453125
V_SENSE9=0.0341796875
V_SENSE12=0.14404296875
ADC_V5=4.96490478515625
ADC_V9=9.51385498046875
ADC_V12=11.6290283203125
ADC_V28=29.93988037109375
THERMAL_SENS_OUT_1=26
THERMAL_SENS_OUT_2=-50
THERMAL_SENS_OUT_3=28
THERMAL_SENS_OUT_4=25
THERMAL_SENS_OUT_5=29
THERMAL_SENS_OUT_6=-50
THERMAL_SENS_INT_1=23
THERMAL_SENS_INT_2=26
PG_5=0
PG_9=0
PG_12=0
FLT_P2=0
FLT_P3=0
HEAT_1_TEMP=26
HEAT_1_DUTY=0
HEAT_1_SP=-20.0
HEAT_2_TEMP=28
HEAT_2_DUTY=0
HEAT_2_SP=-20.0
HEAT_3_TEMP=25
HEAT_3_DUTY=0
HEAT_3_SP=-20.0
HEAT_4_TEMP=29
HEAT_4_DUTY=0
HEAT_4_SP=-20.0
MOTOR_ANGLE=0.0
MOTOR_ACCUM=0.0
MOTOR_ROT=0

[16:06:02.105 EBOX]
TS=1786879679.069
V_SENSE5=1.14990234375
V_SENSE9=0.0341796875
V_SENSE12=0.1416015625
ADC_V5=4.8675537109375
ADC_V9=9.6820068359375
ADC_V12=11.9476318359375
ADC_V28=29.53277587890625
THERMAL_SENS_OUT_1=25
THERMAL_SENS_OUT_2=-50
THERMAL_SENS_OUT_3=29
THERMAL_SENS_OUT_4=23
THERMAL_SENS_OUT_5=31
THERMAL_SENS_OUT_6=-50
THERMAL_SENS_INT_1=28
THERMAL_SENS_INT_2=25
PG_5=0
PG_9=0
PG_12=0
FLT_P2=0
FLT_P3=0
HEAT_1_TEMP=25
HEAT_1_DUTY=0
HEAT_1_SP=-20.0
HEAT_2_TEMP=29
HEAT_2_DUTY=0
HEAT_2_SP=-20.0
HEAT_3_TEMP=23
HEAT_3_DUTY=0
HEAT_3_SP=-20.0
HEAT_4_TEMP=31
HEAT_4_DUTY=0
HEAT_4_SP=-20.0
MOTOR_ANGLE=0.0
MOTOR_ACCUM=0.0
MOTOR_ROT=0

[16:06:04.139 EBOX]
TS=1786879681.070
V_SENSE5=1.28173828125
V_SENSE9=0.0390625
V_SENSE12=0.12939453125
ADC_V5=4.849853515625
ADC_V9=9.4873046875
ADC_V12=11.5582275390625
ADC_V28=29.700927734375
THERMAL_SENS_OUT_1=27
THERMAL_SENS_OUT_2=-50
THERMAL_SENS_OUT_3=28
THERMAL_SENS_OUT_4=23
THERMAL_SENS_OUT_5=31
THERMAL_SENS_OUT_6=-50
THERMAL_SENS_INT_1=26
THERMAL_SENS_INT_2=25
PG_5=0
PG_9=0
PG_12=0
FLT_P2=0
FLT_P3=0
HEAT_1_TEMP=27
HEAT_1_DUTY=0
HEAT_1_SP=-20.0
HEAT_2_TEMP=28
HEAT_2_DUTY=0
HEAT_2_SP=-20.0
HEAT_3_TEMP=23
HEAT_3_DUTY=0
HEAT_3_SP=-20.0
HEAT_4_TEMP=31
HEAT_4_DUTY=0
HEAT_4_SP=-20.0
MOTOR_ANGLE=0.0
MOTOR_ACCUM=0.0
MOTOR_ROT=0

[16:06:06.172 EBOX]
TS=1786879683.073
V_SENSE5=1.220703125
V_SENSE9=0.0341796875
V_SENSE12=0.14892578125
ADC_V5=4.94720458984375
ADC_V9=9.2572021484375
ADC_V12=11.86798095703125
ADC_V28=29.28497314453125
THERMAL_SENS_OUT_1=22
THERMAL_SENS_OUT_2=-50
THERMAL_SENS_OUT_3=25
THERMAL_SENS_OUT_4=27
THERMAL_SENS_OUT_5=28
THERMAL_SENS_OUT_6=-50
THERMAL_SENS_INT_1=23
THERMAL_SENS_INT_2=27
PG_5=0
PG_9=0
PG_12=0
FLT_P2=0
FLT_P3=0
HEAT_1_TEMP=22
HEAT_1_DUTY=0
HEAT_1_SP=-20.0
HEAT_2_TEMP=25
HEAT_2_DUTY=0
HEAT_2_SP=-20.0
HEAT_3_TEMP=27
HEAT_3_DUTY=0
HEAT_3_SP=-20.0
HEAT_4_TEMP=28
HEAT_4_DUTY=0
HEAT_4_SP=-20.0
MOTOR_ANGLE=0.0
MOTOR_ACCUM=0.0
MOTOR_ROT=0

[16:06:08.208 EBOX]
TS=1786879685.074
V_SENSE5=1.25244140625
V_SENSE9=0.03662109375
V_SENSE12=0.13671875
ADC_V5=4.9737548828125
ADC_V9=9.2926025390625
ADC_V12=11.86798095703125
ADC_V28=29.56817626953125
THERMAL_SENS_OUT_1=22
THERMAL_SENS_OUT_2=-50
THERMAL_SENS_OUT_3=28
THERMAL_SENS_OUT_4=23
THERMAL_SENS_OUT_5=29
THERMAL_SENS_OUT_6=-50
THERMAL_SENS_INT_1=24
THERMAL_SENS_INT_2=26
PG_5=0
PG_9=0
PG_12=0
FLT_P2=0
FLT_P3=0
HEAT_1_TEMP=22
HEAT_1_DUTY=0
HEAT_1_SP=-20.0
HEAT_2_TEMP=28
HEAT_2_DUTY=0
HEAT_2_SP=-20.0
HEAT_3_TEMP=23
HEAT_3_DUTY=0
HEAT_3_SP=-20.0
HEAT_4_TEMP=29
HEAT_4_DUTY=0
HEAT_4_SP=-20.0
MOTOR_ANGLE=0.0
MOTOR_ACCUM=0.0
MOTOR_ROT=0

[16:06:10.175 EBOX]
TS=1786879687.077
V_SENSE5=1.29638671875
V_SENSE9=0.04150390625
V_SENSE12=0.15625
ADC_V5=5.01800537109375
ADC_V9=9.31915283203125
ADC_V12=11.717529296875
ADC_V28=29.92218017578125
THERMAL_SENS_OUT_1=26
THERMAL_SENS_OUT_2=-50
THERMAL_SENS_OUT_3=25
THERMAL_SENS_OUT_4=28
THERMAL_SENS_OUT_5=28
THERMAL_SENS_OUT_6=-50
THERMAL_SENS_INT_1=26
THERMAL_SENS_INT_2=23
PG_5=0
PG_9=0
PG_12=0
FLT_P2=0
FLT_P3=0
HEAT_1_TEMP=26
HEAT_1_DUTY=0
HEAT_1_SP=-20.0
HEAT_2_TEMP=25
HEAT_2_DUTY=0
HEAT_2_SP=-20.0
HEAT_3_TEMP=28
HEAT_3_DUTY=0
HEAT_3_SP=-20.0
HEAT_4_TEMP=28
HEAT_4_DUTY=0
HEAT_4_SP=-20.0
MOTOR_ANGLE=0.0
MOTOR_ACCUM=0.0
MOTOR_ROT=0

[16:06:12.230 EBOX]
TS=1786879689.084
V_SENSE5=1.1181640625
V_SENSE9=0.0537109375
V_SENSE12=0.13671875
ADC_V5=5.0091552734375
ADC_V9=8.9739990234375
ADC_V12=11.8414306640625
ADC_V28=29.0283203125
THERMAL_SENS_OUT_1=23
THERMAL_SENS_OUT_2=-50
THERMAL_SENS_OUT_3=25
THERMAL_SENS_OUT_4=28
THERMAL_SENS_OUT_5=26
THERMAL_SENS_OUT_6=-50
THERMAL_SENS_INT_1=28
THERMAL_SENS_INT_2=26
PG_5=0
PG_9=0
PG_12=0
FLT_P2=0
FLT_P3=0
HEAT_1_TEMP=23
HEAT_1_DUTY=0
HEAT_1_SP=-20.0
HEAT_2_TEMP=25
HEAT_2_DUTY=0
HEAT_2_SP=-20.0
HEAT_3_TEMP=28
HEAT_3_DUTY=0
HEAT_3_SP=-20.0
HEAT_4_TEMP=26
HEAT_4_DUTY=0
HEAT_4_SP=-20.0
MOTOR_ANGLE=0.0
MOTOR_ACCUM=0.0
MOTOR_ROT=0

[16:06:14.066 EBOX]
TS=1786879691.082
V_SENSE5=1.2158203125
V_SENSE9=0.07568359375
V_SENSE12=0.1416015625
ADC_V5=5.08880615234375
ADC_V9=9.12445068359375
ADC_V12=11.58477783203125
ADC_V28=29.46197509765625
THERMAL_SENS_OUT_1=23
THERMAL_SENS_OUT_2=-50
THERMAL_SENS_OUT_3=27
THERMAL_SENS_OUT_4=26
THERMAL_SENS_OUT_5=32
THERMAL_SENS_OUT_6=-50
THERMAL_SENS_INT_1=25
THERMAL_SENS_INT_2=28
PG_5=0
PG_9=0
PG_12=0
FLT_P2=0
FLT_P3=0
HEAT_1_TEMP=23
HEAT_1_DUTY=0
HEAT_1_SP=-20.0
HEAT_2_TEMP=27
HEAT_2_DUTY=0
HEAT_2_SP=-20.0
HEAT_3_TEMP=26
HEAT_3_DUTY=0
HEAT_3_SP=-20.0
HEAT_4_TEMP=32
HEAT_4_DUTY=0
HEAT_4_SP=-20.0
MOTOR_ANGLE=0.0
MOTOR_ACCUM=0.0
MOTOR_ROT=0

[16:06:16.138 EBOX]
TS=1786879693.082
V_SENSE5=1.28662109375
V_SENSE9=0.0390625
V_SENSE12=0.126953125
ADC_V5=4.8321533203125
ADC_V9=9.0447998046875
ADC_V12=11.74407958984375
ADC_V28=29.99298095703125
THERMAL_SENS_OUT_1=24
THERMAL_SENS_OUT_2=-50
THERMAL_SENS_OUT_3=27
THERMAL_SENS_OUT_4=28
THERMAL_SENS_OUT_5=27
THERMAL_SENS_OUT_6=-50
THERMAL_SENS_INT_1=27
THERMAL_SENS_INT_2=24
PG_5=0
PG_9=0
PG_12=0
FLT_P2=0
FLT_P3=0
HEAT_1_TEMP=24
HEAT_1_DUTY=0
HEAT_1_SP=-20.0
HEAT_2_TEMP=27
HEAT_2_DUTY=0
HEAT_2_SP=-20.0
HEAT_3_TEMP=28
HEAT_3_DUTY=0
HEAT_3_SP=-20.0
HEAT_4_TEMP=27
HEAT_4_DUTY=0
HEAT_4_SP=-20.0
MOTOR_ANGLE=0.0
MOTOR_ACCUM=0.0
MOTOR_ROT=0

[16:06:18.210 EBOX]
TS=1786879695.084
V_SENSE5=1.23779296875
V_SENSE9=0.029296875
V_SENSE12=0.13671875
ADC_V5=4.94720458984375
ADC_V9=8.885498046875
ADC_V12=11.611328125
ADC_V28=28.9752197265625
THERMAL_SENS_OUT_1=21
THERMAL_SENS_OUT_2=-50
THERMAL_SENS_OUT_3=28
THERMAL_SENS_OUT_4=28
THERMAL_SENS_OUT_5=27
THERMAL_SENS_OUT_6=-50
THERMAL_SENS_INT_1=24
THERMAL_SENS_INT_2=26
PG_5=0
PG_9=0
PG_12=0
FLT_P2=0
FLT_P3=0
HEAT_1_TEMP=21
HEAT_1_DUTY=0
HEAT_1_SP=-20.0
HEAT_2_TEMP=28
HEAT_2_DUTY=0
HEAT_2_SP=-20.0
HEAT_3_TEMP=28
HEAT_3_DUTY=0
HEAT_3_SP=-20.0
HEAT_4_TEMP=27
HEAT_4_DUTY=0
HEAT_4_SP=-20.0
MOTOR_ANGLE=0.0
MOTOR_ACCUM=0.0
MOTOR_ROT=0

[16:06:20.176 EBOX]
TS=1786879697.088
V_SENSE5=1.3037109375
V_SENSE9=0.11474609375
V_SENSE12=0.146484375
ADC_V5=4.920654296875
ADC_V9=9.5758056640625
ADC_V12=11.65557861328125
ADC_V28=29.2584228515625
THERMAL_SENS_OUT_1=26
THERMAL_SENS_OUT_2=-50
THERMAL_SENS_OUT_3=26
THERMAL_SENS_OUT_4=24
THERMAL_SENS_OUT_5=30
THERMAL_SENS_OUT_6=-50
THERMAL_SENS_INT_1=23
THERMAL_SENS_INT_2=27
PG_5=0
PG_9=0
PG_12=0
FLT_P2=0
FLT_P3=0
HEAT_1_TEMP=26
HEAT_1_DUTY=0
HEAT_1_SP=-20.0
HEAT_2_TEMP=26
HEAT_2_DUTY=0
HEAT_2_SP=-20.0
HEAT_3_TEMP=24
HEAT_3_DUTY=0
HEAT_3_SP=-20.0
HEAT_4_TEMP=30
HEAT_4_DUTY=0
HEAT_4_SP=-20.0
MOTOR_ANGLE=0.0
MOTOR_ACCUM=0.0
MOTOR_ROT=0

[16:06:22.227 EBOX]
TS=1786879699.086
V_SENSE5=1.298828125
V_SENSE9=0.03173828125
V_SENSE12=0.146484375
ADC_V5=4.991455078125
ADC_V9=9.62890625
ADC_V12=11.717529296875
ADC_V28=29.65667724609375
THERMAL_SENS_OUT_1=24
THERMAL_SENS_OUT_2=-50
THERMAL_SENS_OUT_3=24
THERMAL_SENS_OUT_4=25
THERMAL_SENS_OUT_5=29
THERMAL_SENS_OUT_6=-50
THERMAL_SENS_INT_1=28
THERMAL_SENS_INT_2=24
PG_5=0
PG_9=0
PG_12=0
FLT_P2=0
FLT_P3=0
HEAT_1_TEMP=24
HEAT_1_DUTY=0
HEAT_1_SP=-20.0
HEAT_2_TEMP=24
HEAT_2_DUTY=0
HEAT_2_SP=-20.0
HEAT_3_TEMP=25
HEAT_3_DUTY=0
HEAT_3_SP=-20.0
HEAT_4_TEMP=29
HEAT_4_DUTY=0
HEAT_4_SP=-20.0
MOTOR_ANGLE=0.0
MOTOR_ACCUM=0.0
MOTOR_ROT=0

[16:06:24.179 EBOX]
TS=1786879701.089
V_SENSE5=1.220703125
V_SENSE9=0.0390625
V_SENSE12=0.13916015625
ADC_V5=4.920654296875
ADC_V9=9.41650390625
ADC_V12=11.8060302734375
ADC_V28=29.453125
THERMAL_SENS_OUT_1=25
THERMAL_SENS_OUT_2=-50
THERMAL_SENS_OUT_3=27
THERMAL_SENS_OUT_4=24
THERMAL_SENS_OUT_5=29
THERMAL_SENS_OUT_6=-50
THERMAL_SENS_INT_1=27
THERMAL_SENS_INT_2=24
PG_5=0
PG_9=0
PG_12=0
FLT_P2=0
FLT_P3=0
HEAT_1_TEMP=25
HEAT_1_DUTY=0
HEAT_1_SP=-20.0
HEAT_2_TEMP=27
HEAT_2_DUTY=0
HEAT_2_SP=-20.0
HEAT_3_TEMP=24
HEAT_3_DUTY=0
HEAT_3_SP=-20.0
HEAT_4_TEMP=29
HEAT_4_DUTY=0
HEAT_4_SP=-20.0
MOTOR_ANGLE=0.0
MOTOR_ACCUM=0.0
MOTOR_ROT=0

[16:06:26.159 EBOX]
TS=1786879703.090
V_SENSE5=1.2158203125
V_SENSE9=0.03173828125
V_SENSE12=0.1171875
ADC_V5=4.88525390625
ADC_V9=9.37225341796875
ADC_V12=11.575927734375
ADC_V28=29.771728515625
THERMAL_SENS_OUT_1=25
THERMAL_SENS_OUT_2=-50
THERMAL_SENS_OUT_3=30
THERMAL_SENS_OUT_4=23
THERMAL_SENS_OUT_5=30
THERMAL_SENS_OUT_6=-50
THERMAL_SENS_INT_1=27
THERMAL_SENS_INT_2=24
PG_5=0
PG_9=0
PG_12=0
FLT_P2=0
FLT_P3=0
HEAT_1_TEMP=25
HEAT_1_DUTY=0
HEAT_1_SP=-20.0
HEAT_2_TEMP=30
HEAT_2_DUTY=0
HEAT_2_SP=-20.0
HEAT_3_TEMP=23
HEAT_3_DUTY=0
HEAT_3_SP=-20.0
HEAT_4_TEMP=30
HEAT_4_DUTY=0
HEAT_4_SP=-20.0
MOTOR_ANGLE=0.0
MOTOR_ACCUM=0.0
MOTOR_ROT=0

[16:06:28.191 EBOX]
TS=1786879705.101
V_SENSE5=1.1181640625
V_SENSE9=0.0341796875
V_SENSE12=0.13671875
ADC_V5=4.920654296875
ADC_V9=9.28375244140625
ADC_V12=11.82373046875
ADC_V28=29.771728515625
THERMAL_SENS_OUT_1=22
THERMAL_SENS_OUT_2=-50
THERMAL_SENS_OUT_3=28
THERMAL_SENS_OUT_4=23
THERMAL_SENS_OUT_5=30
THERMAL_SENS_OUT_6=-50
THERMAL_SENS_INT_1=25
THERMAL_SENS_INT_2=23
PG_5=0
PG_9=0
PG_12=0
FLT_P2=0
FLT_P3=0
HEAT_1_TEMP=22
HEAT_1_DUTY=0
HEAT_1_SP=-20.0
HEAT_2_TEMP=28
HEAT_2_DUTY=0
HEAT_2_SP=-20.0
HEAT_3_TEMP=23
HEAT_3_DUTY=0
HEAT_3_SP=-20.0
HEAT_4_TEMP=30
HEAT_4_DUTY=0
HEAT_4_SP=-20.0
MOTOR_ANGLE=0.0
MOTOR_ACCUM=0.0
MOTOR_ROT=0

[16:06:30.270 EBOX]
TS=1786879707.093
V_SENSE5=1.11572265625
V_SENSE9=0.03173828125
V_SENSE12=0.146484375
ADC_V5=4.94720458984375
ADC_V9=9.1156005859375
ADC_V12=11.717529296875
ADC_V28=29.700927734375
THERMAL_SENS_OUT_1=25
THERMAL_SENS_OUT_2=-50
THERMAL_SENS_OUT_3=29
THERMAL_SENS_OUT_4=24
THERMAL_SENS_OUT_5=32
THERMAL_SENS_OUT_6=-50
THERMAL_SENS_INT_1=26
THERMAL_SENS_INT_2=23
PG_5=0
PG_9=0
PG_12=0
FLT_P2=0
FLT_P3=0
HEAT_1_TEMP=25
HEAT_1_DUTY=0
HEAT_1_SP=-20.0
HEAT_2_TEMP=29
HEAT_2_DUTY=0
HEAT_2_SP=-20.0
HEAT_3_TEMP=24
HEAT_3_DUTY=0
HEAT_3_SP=-20.0
HEAT_4_TEMP=32
HEAT_4_DUTY=0
HEAT_4_SP=-20.0
MOTOR_ANGLE=0.0
MOTOR_ACCUM=0.0
MOTOR_ROT=0

[16:06:32.262 EBOX]
TS=1786879709.101
V_SENSE5=1.20361328125
V_SENSE9=0.07568359375
V_SENSE12=0.18310546875
ADC_V5=4.84100341796875
ADC_V9=9.49615478515625
ADC_V12=11.70867919921875
ADC_V28=30.06378173828125
THERMAL_SENS_OUT_1=23
THERMAL_SENS_OUT_2=-50
THERMAL_SENS_OUT_3=25
THERMAL_SENS_OUT_4=22
THERMAL_SENS_OUT_5=31
THERMAL_SENS_OUT_6=-50
THERMAL_SENS_INT_1=28
THERMAL_SENS_INT_2=24
PG_5=0
PG_9=0
PG_12=0
FLT_P2=0
FLT_P3=0
HEAT_1_TEMP=23
HEAT_1_DUTY=0
HEAT_1_SP=-20.0
HEAT_2_TEMP=25
HEAT_2_DUTY=0
HEAT_2_SP=-20.0
HEAT_3_TEMP=22
HEAT_3_DUTY=0
HEAT_3_SP=-20.0
HEAT_4_TEMP=31
HEAT_4_DUTY=0
HEAT_4_SP=-20.0
MOTOR_ANGLE=0.0
MOTOR_ACCUM=0.0
MOTOR_ROT=0

[16:06:34.240 EBOX]
TS=1786879711.096
V_SENSE5=1.27197265625
V_SENSE9=0.0341796875
V_SENSE12=0.146484375
ADC_V5=4.87640380859375
ADC_V9=9.593505859375
ADC_V12=11.86798095703125
ADC_V28=29.3115234375
THERMAL_SENS_OUT_1=23
THERMAL_SENS_OUT_2=-50
THERMAL_SENS_OUT_3=29
THERMAL_SENS_OUT_4=22
THERMAL_SENS_OUT_5=29
THERMAL_SENS_OUT_6=-50
THERMAL_SENS_INT_1=24
THERMAL_SENS_INT_2=28
PG_5=0
PG_9=0
PG_12=0
FLT_P2=0
FLT_P3=0
HEAT_1_TEMP=23
HEAT_1_DUTY=0
HEAT_1_SP=-20.0
HEAT_2_TEMP=29
HEAT_2_DUTY=0
HEAT_2_SP=-20.0
HEAT_3_TEMP=22
HEAT_3_DUTY=0
HEAT_3_SP=-20.0
HEAT_4_TEMP=29
HEAT_4_DUTY=0
HEAT_4_SP=-20.0
MOTOR_ANGLE=0.0
MOTOR_ACCUM=0.0
MOTOR_ROT=0

[16:06:36.219 EBOX]
TS=1786879713.098
V_SENSE5=1.18896484375
V_SENSE9=0.03662109375
V_SENSE12=0.1171875
ADC_V5=4.89410400390625
ADC_V9=9.3634033203125
ADC_V12=11.82373046875
ADC_V28=29.1522216796875
THERMAL_SENS_OUT_1=22
THERMAL_SENS_OUT_2=-50
THERMAL_SENS_OUT_3=26
THERMAL_SENS_OUT_4=23
THERMAL_SENS_OUT_5=31
THERMAL_SENS_OUT_6=-50
THERMAL_SENS_INT_1=23
THERMAL_SENS_INT_2=28
PG_5=0
PG_9=0
PG_12=0
FLT_P2=0
FLT_P3=0
HEAT_1_TEMP=22
HEAT_1_DUTY=0
HEAT_1_SP=-20.0
HEAT_2_TEMP=26
HEAT_2_DUTY=0
HEAT_2_SP=-20.0
HEAT_3_TEMP=23
HEAT_3_DUTY=0
HEAT_3_SP=-20.0
HEAT_4_TEMP=31
HEAT_4_DUTY=0
HEAT_4_SP=-20.0
MOTOR_ANGLE=0.0
MOTOR_ACCUM=0.0
MOTOR_ROT=0

[16:06:38.192 EBOX]
TS=1786879715.103
V_SENSE5=1.33544921875
V_SENSE9=0.0341796875
V_SENSE12=0.126953125
ADC_V5=5.00030517578125
ADC_V9=9.47845458984375
ADC_V12=11.89453125
ADC_V28=29.736328125
THERMAL_SENS_OUT_1=22
THERMAL_SENS_OUT_2=-50
THERMAL_SENS_OUT_3=24
THERMAL_SENS_OUT_4=25
THERMAL_SENS_OUT_5=31
THERMAL_SENS_OUT_6=-50
THERMAL_SENS_INT_1=24
THERMAL_SENS_INT_2=25
PG_5=0
PG_9=0
PG_12=0
FLT_P2=0
FLT_P3=0
HEAT_1_TEMP=22
HEAT_1_DUTY=0
HEAT_1_SP=-20.0
HEAT_2_TEMP=24
HEAT_2_DUTY=0
HEAT_2_SP=-20.0
HEAT_3_TEMP=25
HEAT_3_DUTY=0
HEAT_3_SP=-20.0
HEAT_4_TEMP=31
HEAT_4_DUTY=0
HEAT_4_SP=-20.0
MOTOR_ANGLE=0.0
MOTOR_ACCUM=0.0
MOTOR_ROT=0

[16:06:40.164 EBOX]
TS=1786879717.100
V_SENSE5=1.298828125
V_SENSE9=0.0390625
V_SENSE12=0.146484375
ADC_V5=4.9737548828125
ADC_V9=9.00054931640625
ADC_V12=11.89453125
ADC_V28=29.32037353515625
THERMAL_SENS_OUT_1=22
THERMAL_SENS_OUT_2=-50
THERMAL_SENS_OUT_3=27
THERMAL_SENS_OUT_4=25
THERMAL_SENS_OUT_5=27
THERMAL_SENS_OUT_6=-50
THERMAL_SENS_INT_1=27
THERMAL_SENS_INT_2=24
PG_5=0
PG_9=0
PG_12=0
FLT_P2=0
FLT_P3=0
HEAT_1_TEMP=22
HEAT_1_DUTY=0
HEAT_1_SP=-20.0
HEAT_2_TEMP=27
HEAT_2_DUTY=0
HEAT_2_SP=-20.0
HEAT_3_TEMP=25
HEAT_3_DUTY=0
HEAT_3_SP=-20.0
HEAT_4_TEMP=27
HEAT_4_DUTY=0
HEAT_4_SP=-20.0
MOTOR_ANGLE=0.0
MOTOR_ACCUM=0.0
MOTOR_ROT=0

[16:06:42.199 EBOX]
TS=1786879719.108
V_SENSE5=1.09375
V_SENSE9=0.0390625
V_SENSE12=0.14892578125
ADC_V5=5.0091552734375
ADC_V9=8.99169921875
ADC_V12=11.54937744140625
ADC_V28=29.58587646484375
THERMAL_SENS_OUT_1=23
THERMAL_SENS_OUT_2=-50
THERMAL_SENS_OUT_3=30
THERMAL_SENS_OUT_4=26
THERMAL_SENS_OUT_5=30
THERMAL_SENS_OUT_6=-50
THERMAL_SENS_INT_1=24
THERMAL_SENS_INT_2=23
PG_5=0
PG_9=0
PG_12=0
FLT_P2=0
FLT_P3=0
HEAT_1_TEMP=23
HEAT_1_DUTY=0
HEAT_1_SP=-20.0
HEAT_2_TEMP=30
HEAT_2_DUTY=0
HEAT_2_SP=-20.0
HEAT_3_TEMP=26
HEAT_3_DUTY=0
HEAT_3_SP=-20.0
HEAT_4_TEMP=30
HEAT_4_DUTY=0
HEAT_4_SP=-20.0
MOTOR_ANGLE=0.0
MOTOR_ACCUM=0.0
MOTOR_ROT=0

[16:06:44.264 EBOX]
TS=1786879721.104
V_SENSE5=1.16943359375
V_SENSE9=0.03173828125
V_SENSE12=0.15380859375
ADC_V5=4.98260498046875
ADC_V9=8.743896484375
ADC_V12=11.8414306640625
ADC_V28=29.2938232421875
THERMAL_SENS_OUT_1=22
THERMAL_SENS_OUT_2=-50
THERMAL_SENS_OUT_3=25
THERMAL_SENS_OUT_4=24
THERMAL_SENS_OUT_5=32
THERMAL_SENS_OUT_6=-50
THERMAL_SENS_INT_1=28
THERMAL_SENS_INT_2=24
PG_5=0
PG_9=0
PG_12=0
FLT_P2=0
FLT_P3=0
HEAT_1_TEMP=22
HEAT_1_DUTY=0
HEAT_1_SP=-20.0
HEAT_2_TEMP=25
HEAT_2_DUTY=0
HEAT_2_SP=-20.0
HEAT_3_TEMP=24
HEAT_3_DUTY=0
HEAT_3_SP=-20.0
HEAT_4_TEMP=32
HEAT_4_DUTY=0
HEAT_4_SP=-20.0
MOTOR_ANGLE=0.0
MOTOR_ACCUM=0.0
MOTOR_ROT=0

[16:06:46.229 EBOX]
TS=1786879723.106
V_SENSE5=1.27197265625
V_SENSE9=0.0390625
V_SENSE12=0.17333984375
ADC_V5=4.8675537109375
ADC_V9=9.345703125
ADC_V12=11.9830322265625
ADC_V28=29.72747802734375
THERMAL_SENS_OUT_1=26
THERMAL_SENS_OUT_2=-50
THERMAL_SENS_OUT_3=28
THERMAL_SENS_OUT_4=25
THERMAL_SENS_OUT_5=33
THERMAL_SENS_OUT_6=-50
THERMAL_SENS_INT_1=28
THERMAL_SENS_INT_2=23
PG_5=0
PG_9=0
PG_12=0
FLT_P2=0
FLT_P3=0
HEAT_1_TEMP=26
HEAT_1_DUTY=0
HEAT_1_SP=-20.0
HEAT_2_TEMP=28
HEAT_2_DUTY=0
HEAT_2_SP=-20.0
HEAT_3_TEMP=25
HEAT_3_DUTY=0
HEAT_3_SP=-20.0
HEAT_4_TEMP=33
HEAT_4_DUTY=0
HEAT_4_SP=-20.0
MOTOR_ANGLE=0.0
MOTOR_ACCUM=0.0
MOTOR_ROT=0

[16:06:48.272 EBOX]
TS=1786879725.111
V_SENSE5=1.26708984375
V_SENSE9=0.04150390625
V_SENSE12=0.13916015625
ADC_V5=4.98260498046875
ADC_V9=9.37225341796875
ADC_V12=11.72637939453125
ADC_V28=29.85137939453125
THERMAL_SENS_OUT_1=25
THERMAL_SENS_OUT_2=-50
THERMAL_SENS_OUT_3=28
THERMAL_SENS_OUT_4=23
THERMAL_SENS_OUT_5=31
THERMAL_SENS_OUT_6=-50
THERMAL_SENS_INT_1=28
THERMAL_SENS_INT_2=24
PG_5=0
PG_9=0
PG_12=0
FLT_P2=0
FLT_P3=0
HEAT_1_TEMP=25
HEAT_1_DUTY=0
HEAT_1_SP=-20.0
HEAT_2_TEMP=28
HEAT_2_DUTY=0
HEAT_2_SP=-20.0
HEAT_3_TEMP=23
HEAT_3_DUTY=0
HEAT_3_SP=-20.0
HEAT_4_TEMP=31
HEAT_4_DUTY=0
HEAT_4_SP=-20.0
MOTOR_ANGLE=0.0
MOTOR_ACCUM=0.0
MOTOR_ROT=0

[16:06:50.191 EBOX]
TS=1786879727.111
V_SENSE5=1.15234375
V_SENSE9=0.029296875
V_SENSE12=0.1318359375
ADC_V5=5.08880615234375
ADC_V9=8.96514892578125
ADC_V12=11.90338134765625
ADC_V28=29.5947265625
THERMAL_SENS_OUT_1=24
THERMAL_SENS_OUT_2=-50
THERMAL_SENS_OUT_3=28
THERMAL_SENS_OUT_4=24
THERMAL_SENS_OUT_5=33
THERMAL_SENS_OUT_6=-50
THERMAL_SENS_INT_1=27
THERMAL_SENS_INT_2=23
PG_5=0
PG_9=0
PG_12=0
FLT_P2=0
FLT_P3=0
HEAT_1_TEMP=24
HEAT_1_DUTY=0
HEAT_1_SP=-20.0
HEAT_2_TEMP=28
HEAT_2_DUTY=0
HEAT_2_SP=-20.0
HEAT_3_TEMP=24
HEAT_3_DUTY=0
HEAT_3_SP=-20.0
HEAT_4_TEMP=33
HEAT_4_DUTY=0
HEAT_4_SP=-20.0
MOTOR_ANGLE=0.0
MOTOR_ACCUM=0.0
MOTOR_ROT=0

[16:06:52.240 EBOX]
TS=1786879729.113
V_SENSE5=1.19140625
V_SENSE9=0.03173828125
V_SENSE12=0.13671875
ADC_V5=4.991455078125
ADC_V9=8.7969970703125
ADC_V12=11.69097900390625
ADC_V28=29.5947265625
THERMAL_SENS_OUT_1=22
THERMAL_SENS_OUT_2=-50
THERMAL_SENS_OUT_3=29
THERMAL_SENS_OUT_4=29
THERMAL_SENS_OUT_5=28
THERMAL_SENS_OUT_6=-50
THERMAL_SENS_INT_1=28
THERMAL_SENS_INT_2=24
PG_5=0
PG_9=0
PG_12=0
FLT_P2=0
FLT_P3=0
HEAT_1_TEMP=22
HEAT_1_DUTY=0
HEAT_1_SP=-20.0
HEAT_2_TEMP=29
HEAT_2_DUTY=0
HEAT_2_SP=-20.0
HEAT_3_TEMP=29
HEAT_3_DUTY=0
HEAT_3_SP=-20.0
HEAT_4_TEMP=28
HEAT_4_DUTY=0
HEAT_4_SP=-20.0
MOTOR_ANGLE=0.0
MOTOR_ACCUM=0.0
MOTOR_ROT=0

[16:06:54.283 EBOX]
TS=1786879731.115
V_SENSE5=1.25732421875
V_SENSE9=0.0634765625
V_SENSE12=0.12939453125
ADC_V5=4.85870361328125
ADC_V9=9.6112060546875
ADC_V12=11.63787841796875
ADC_V28=29.4000244140625
THERMAL_SENS_OUT_1=23
THERMAL_SENS_OUT_2=-50
THERMAL_SENS_OUT_3=30
THERMAL_SENS_OUT_4=24
THERMAL_SENS_OUT_5=32
THERMAL_SENS_OUT_6=-50
THERMAL_SENS_INT_1=27
THERMAL_SENS_INT_2=23
PG_5=0
PG_9=0
PG_12=0
FLT_P2=0
FLT_P3=0
HEAT_1_TEMP=23
HEAT_1_DUTY=0
HEAT_1_SP=-20.0
HEAT_2_TEMP=30
HEAT_2_DUTY=0
HEAT_2_SP=-20.0
HEAT_3_TEMP=24
HEAT_3_DUTY=0
HEAT_3_SP=-20.0
HEAT_4_TEMP=32
HEAT_4_DUTY=0
HEAT_4_SP=-20.0
MOTOR_ANGLE=0.0
MOTOR_ACCUM=0.0
MOTOR_ROT=0

[16:06:56.224 EBOX]
TS=1786879733.133
V_SENSE5=1.1279296875
V_SENSE9=0.0341796875
V_SENSE12=0.126953125
ADC_V5=4.9737548828125
ADC_V9=9.2926025390625
ADC_V12=11.58477783203125
ADC_V28=29.700927734375
THERMAL_SENS_OUT_1=28
THERMAL_SENS_OUT_2=-50
THERMAL_SENS_OUT_3=26
THERMAL_SENS_OUT_4=24
THERMAL_SENS_OUT_5=27
THERMAL_SENS_OUT_6=-50
THERMAL_SENS_INT_1=29
THERMAL_SENS_INT_2=29
PG_5=0
PG_9=0
PG_12=0
FLT_P2=0
FLT_P3=0
HEAT_1_TEMP=28
HEAT_1_DUTY=0
HEAT_1_SP=-20.0
HEAT_2_TEMP=26
HEAT_2_DUTY=0
HEAT_2_SP=-20.0
HEAT_3_TEMP=24
HEAT_3_DUTY=0
HEAT_3_SP=-20.0
HEAT_4_TEMP=27
HEAT_4_DUTY=0
HEAT_4_SP=-20.0
MOTOR_ANGLE=0.0
MOTOR_ACCUM=0.0
MOTOR_ROT=0

[16:06:58.268 EBOX]
TS=1786879735.119
V_SENSE5=1.28662109375
V_SENSE9=0.03173828125
V_SENSE12=0.13427734375
ADC_V5=5.07110595703125
ADC_V9=9.27490234375
ADC_V12=11.6644287109375
ADC_V28=29.4000244140625
THERMAL_SENS_OUT_1=24
THERMAL_SENS_OUT_2=-50
THERMAL_SENS_OUT_3=25
THERMAL_SENS_OUT_4=24
THERMAL_SENS_OUT_5=32
THERMAL_SENS_OUT_6=-50
THERMAL_SENS_INT_1=27
THERMAL_SENS_INT_2=23
PG_5=0
PG_9=0
PG_12=0
FLT_P2=0
FLT_P3=0
HEAT_1_TEMP=24
HEAT_1_DUTY=0
HEAT_1_SP=-20.0
HEAT_2_TEMP=25
HEAT_2_DUTY=0
HEAT_2_SP=-20.0
HEAT_3_TEMP=24
HEAT_3_DUTY=0
HEAT_3_SP=-20.0
HEAT_4_TEMP=32
HEAT_4_DUTY=0
HEAT_4_SP=-20.0
MOTOR_ANGLE=0.0
MOTOR_ACCUM=0.0
MOTOR_ROT=0

[16:07:00.266 EBOX]
TS=1786879737.119
V_SENSE5=1.1474609375
V_SENSE9=0.0390625
V_SENSE12=0.1171875
ADC_V5=4.92950439453125
ADC_V9=9.0093994140625
ADC_V12=11.9122314453125
ADC_V28=29.47967529296875
THERMAL_SENS_OUT_1=27
THERMAL_SENS_OUT_2=-50
THERMAL_SENS_OUT_3=29
THERMAL_SENS_OUT_4=24
THERMAL_SENS_OUT_5=33
THERMAL_SENS_OUT_6=-50
THERMAL_SENS_INT_1=26
THERMAL_SENS_INT_2=23
PG_5=0
PG_9=0
PG_12=0
FLT_P2=0
FLT_P3=0
HEAT_1_TEMP=27
HEAT_1_DUTY=0
HEAT_1_SP=-20.0
HEAT_2_TEMP=29
HEAT_2_DUTY=0
HEAT_2_SP=-20.0
HEAT_3_TEMP=24
HEAT_3_DUTY=0
HEAT_3_SP=-20.0
HEAT_4_TEMP=33
HEAT_4_DUTY=0
HEAT_4_SP=-20.0
MOTOR_ANGLE=0.0
MOTOR_ACCUM=0.0
MOTOR_ROT=0

[16:07:02.142 EBOX]
TS=1786879739.123
V_SENSE5=1.18896484375
V_SENSE9=0.0341796875
V_SENSE12=0.146484375
ADC_V5=4.9737548828125
ADC_V9=9.593505859375
ADC_V12=11.54937744140625
ADC_V28=29.81597900390625
THERMAL_SENS_OUT_1=26
THERMAL_SENS_OUT_2=-50
THERMAL_SENS_OUT_3=26
THERMAL_SENS_OUT_4=27
THERMAL_SENS_OUT_5=28
THERMAL_SENS_OUT_6=-50
THERMAL_SENS_INT_1=24
THERMAL_SENS_INT_2=28
PG_5=0
PG_9=0
PG_12=0
FLT_P2=0
FLT_P3=0
HEAT_1_TEMP=26
HEAT_1_DUTY=0
HEAT_1_SP=-20.0
HEAT_2_TEMP=26
HEAT_2_DUTY=0
HEAT_2_SP=-20.0
HEAT_3_TEMP=27
HEAT_3_DUTY=0
HEAT_3_SP=-20.0
HEAT_4_TEMP=28
HEAT_4_DUTY=0
HEAT_4_SP=-20.0
MOTOR_ANGLE=0.0
MOTOR_ACCUM=0.0
MOTOR_ROT=0

