[16:49:20.724 CUBESAT]
TS=1786202406.597
PG_5=1
PG_9=0
PG_12=0
FLT_P2=0
FLT_P3=0
HEAT_1_TEMP=0.0
HEAT_1_DUTY=50.0

[16:49:22.738 CUBESAT]
TS=1786202408.599
PG_5=1
PG_9=0
PG_12=0
FLT_P2=0
FLT_P3=0
HEAT_1_TEMP=0.0
HEAT_1_DUTY=50.0

[16:49:24.751 CUBESAT]
TS=1786202410.601
PG_5=1
PG_9=0
PG_12=0
FLT_P2=0
FLT_P3=0
HEAT_1_TEMP=0.0
HEAT_1_DUTY=50.0

[16:49:26.768 CUBESAT]
TS=1786202412.603
PG_5=1
PG_9=0
PG_12=0
FLT_P2=0
FLT_P3=0
HEAT_1_TEMP=0.0
HEAT_1_DUTY=50.0

[16:49:28.781 CUBESAT]
TS=1786202414.605
PG_5=1
PG_9=0
PG_12=0
FLT_P2=0
FLT_P3=0
HEAT_1_TEMP=0.0
HEAT_1_DUTY=50.0

